Copyright 1986-2020 Xilinx, Inc. All Rights Reserved.
--------------------------------------------------------------------------------------------------------
| Tool Version : Vivado v.2020.2 (win64) Build 3064766 Wed Nov 18 09:12:45 MST 2020
| Date         : Thu Aug  6 18:16:37 2026
| Host         : DESKTOP-7CFQ9ND running 64-bit major release  (build 9200)
| Command      : report_control_sets -verbose -file zybo_secure_control_unit_v2_control_sets_placed.rpt
| Design       : zybo_secure_control_unit_v2
| Device       : xc7z020
--------------------------------------------------------------------------------------------------------

Control Set Information

Table of Contents
-----------------
1. Summary
2. Histogram
3. Flip-Flop Distribution
4. Detailed Control Set Information

1. Summary
----------

+----------------------------------------------------------+-------+
|                          Status                          | Count |
+----------------------------------------------------------+-------+
| Total control sets                                       |   239 |
|    Minimum number of control sets                        |   239 |
|    Addition due to synthesis replication                 |     0 |
|    Addition due to physical synthesis replication        |     0 |
| Unused register locations in slices containing registers |   163 |
+----------------------------------------------------------+-------+
* Control sets can be merged at opt_design using control_set_merge or merge_equivalent_drivers
** Run report_qor_suggestions for automated merging and remapping suggestions


2. Histogram
------------

+--------------------+-------+
|       Fanout       | Count |
+--------------------+-------+
| Total control sets |   239 |
| >= 0 to < 4        |     1 |
| >= 4 to < 6        |     7 |
| >= 6 to < 8        |     2 |
| >= 8 to < 10       |    58 |
| >= 10 to < 12      |     8 |
| >= 12 to < 14      |     0 |
| >= 14 to < 16      |     0 |
| >= 16              |   163 |
+--------------------+-------+
* Control sets can be remapped at either synth_design or opt_design


3. Flip-Flop Distribution
-------------------------

+--------------+-----------------------+------------------------+-----------------+--------------+
| Clock Enable | Synchronous Set/Reset | Asynchronous Set/Reset | Total Registers | Total Slices |
+--------------+-----------------------+------------------------+-----------------+--------------+
| No           | No                    | No                     |              39 |           23 |
| No           | No                    | Yes                    |             307 |           85 |
| No           | Yes                   | No                     |               0 |            0 |
| Yes          | No                    | No                     |             852 |          175 |
| Yes          | No                    | Yes                    |            5626 |         1395 |
| Yes          | Yes                   | No                     |           16565 |         5733 |
+--------------+-----------------------+------------------------+-----------------+--------------+


4. Detailed Control Set Information
-----------------------------------

+----------------+---------------------------------------------------------------------------------------------------------+-----------------------------------------------------------------------------+------------------+----------------+--------------+
|  Clock Signal  |                                              Enable Signal                                              |                               Set/Reset Signal                              | Slice Load Count | Bel Load Count | Bels / Slice |
+----------------+---------------------------------------------------------------------------------------------------------+-----------------------------------------------------------------------------+------------------+----------------+--------------+
|  clk_IBUF_BUFG | u_spi_master_basys3/cs_n_i_1_n_0                                                                        | rst_IBUF                                                                    |                1 |              1 |         1.00 |
|  clk_IBUF_BUFG | u_shared_decrypt/u_decrypt_ip/u_gcm_decrypt/plaintext_reg_reg[125]_0[0]                                 | rst_IBUF                                                                    |                2 |              4 |         2.00 |
|  clk_IBUF_BUFG | u_basys_cmd_fifo/mem[3][127]_i_1__0_n_0                                                                 |                                                                             |                1 |              5 |         5.00 |
|  clk_IBUF_BUFG | u_basys_cmd_fifo/E[0]                                                                                   | rst_IBUF                                                                    |                2 |              5 |         2.50 |
|  clk_IBUF_BUFG | u_basys_cmd_fifo/mem[0][127]_i_1__0_n_0                                                                 |                                                                             |                1 |              5 |         5.00 |
|  clk_IBUF_BUFG | u_basys_cmd_fifo/mem[2][127]_i_1__0_n_0                                                                 |                                                                             |                1 |              5 |         5.00 |
|  clk_IBUF_BUFG | u_session_manager/elapsed_seconds[4]_i_1_n_0                                                            | rst_IBUF                                                                    |                1 |              5 |         5.00 |
|  clk_IBUF_BUFG | u_basys_cmd_fifo/mem[1][127]_i_1__0_n_0                                                                 |                                                                             |                1 |              5 |         5.00 |
|  clk_IBUF_BUFG | u_pc_frame_rx/byte_count[5]_i_1_n_0                                                                     | rst_IBUF                                                                    |                2 |              6 |         3.00 |
|  clk_IBUF_BUFG | u_pc_frame_tx/u_uart_tx/E[0]                                                                            | rst_IBUF                                                                    |                2 |              6 |         3.00 |
|  clk_IBUF_BUFG | u_pc_uart_rx/rx_data[7]_i_1_n_0                                                                         | rst_IBUF                                                                    |                4 |              8 |         2.00 |
|  clk_IBUF_BUFG | u_pc_frame_rx/p_0_in[103]                                                                               | rst_IBUF                                                                    |                2 |              8 |         4.00 |
|  clk_IBUF_BUFG | u_pc_frame_rx/p_0_in[23]                                                                                | rst_IBUF                                                                    |                2 |              8 |         4.00 |
|  clk_IBUF_BUFG | u_pc_frame_rx/p_0_in[271]                                                                               | rst_IBUF                                                                    |                2 |              8 |         4.00 |
|  clk_IBUF_BUFG | u_pc_frame_rx/p_0_in[95]                                                                                | rst_IBUF                                                                    |                1 |              8 |         8.00 |
|  clk_IBUF_BUFG | u_pc_frame_rx/p_0_in[360]                                                                               | rst_IBUF                                                                    |                2 |              8 |         4.00 |
|  clk_IBUF_BUFG | u_session_manager/FSM_sequential_jetson_state[3]_i_1_n_0                                                | rst_IBUF                                                                    |                3 |              8 |         2.67 |
|  clk_IBUF_BUFG | u_pc_frame_rx/p_0_in[295]                                                                               | rst_IBUF                                                                    |                1 |              8 |         8.00 |
|  clk_IBUF_BUFG | u_pc_frame_rx/p_0_in[151]                                                                               | rst_IBUF                                                                    |                1 |              8 |         8.00 |
|  clk_IBUF_BUFG | u_pc_frame_rx/p_0_in[255]                                                                               | rst_IBUF                                                                    |                2 |              8 |         4.00 |
|  clk_IBUF_BUFG | u_pc_frame_rx/p_0_in[351]                                                                               | rst_IBUF                                                                    |                1 |              8 |         8.00 |
|  clk_IBUF_BUFG | u_jetson_decrypt/u_decrypt_ip/u_gcm_decrypt/E[0]                                                        | rst_IBUF                                                                    |                2 |              8 |         4.00 |
|  clk_IBUF_BUFG | u_jetson_decrypt/u_decrypt_ip/u_gcm_decrypt/u_ghash/bit_index[7]_i_2_n_0                                | u_jetson_decrypt/u_decrypt_ip/u_gcm_decrypt/u_ghash/bit_index[7]_i_1_n_0    |                2 |              8 |         4.00 |
|  clk_IBUF_BUFG | u_pc_frame_rx/p_0_in[239]                                                                               | rst_IBUF                                                                    |                2 |              8 |         4.00 |
|  clk_IBUF_BUFG | u_pc_frame_rx/p_0_in[167]                                                                               | rst_IBUF                                                                    |                1 |              8 |         8.00 |
|  clk_IBUF_BUFG | u_pc_frame_rx/p_0_in[119]                                                                               | rst_IBUF                                                                    |                1 |              8 |         8.00 |
|  clk_IBUF_BUFG | u_pc_frame_rx/p_0_in[381]                                                                               | rst_IBUF                                                                    |                2 |              8 |         4.00 |
|  clk_IBUF_BUFG | u_pc_frame_rx/p_0_in[335]                                                                               | rst_IBUF                                                                    |                2 |              8 |         4.00 |
|  clk_IBUF_BUFG | u_pc_frame_rx/p_0_in[279]                                                                               | rst_IBUF                                                                    |                2 |              8 |         4.00 |
|  clk_IBUF_BUFG | u_pc_frame_rx/p_0_in[135]                                                                               | rst_IBUF                                                                    |                2 |              8 |         4.00 |
|  clk_IBUF_BUFG | u_pc_frame_rx/p_0_in[47]                                                                                | rst_IBUF                                                                    |                2 |              8 |         4.00 |
|  clk_IBUF_BUFG | u_pc_frame_rx/p_0_in[263]                                                                               | rst_IBUF                                                                    |                3 |              8 |         2.67 |
|  clk_IBUF_BUFG | u_jetson_encrypt/u_encrypt_ip/u_gcm_encrypt/u_ghash/bit_index[7]_i_2__1_n_0                             | u_jetson_encrypt/u_encrypt_ip/u_gcm_encrypt/u_ghash/bit_index[7]_i_1__1_n_0 |                3 |              8 |         2.67 |
|  clk_IBUF_BUFG | u_pc_frame_rx/p_0_in[199]                                                                               | rst_IBUF                                                                    |                1 |              8 |         8.00 |
|  clk_IBUF_BUFG | u_shared_encrypt/u_encrypt_ip/u_gcm_encrypt/u_ghash/bit_index[7]_i_2__0_n_0                             | u_shared_encrypt/u_encrypt_ip/u_gcm_encrypt/u_ghash/bit_index[7]_i_1__0_n_0 |                2 |              8 |         4.00 |
|  clk_IBUF_BUFG | u_pc_frame_tx/u_uart_tx/FSM_sequential_state_reg[1]_0[0]                                                | rst_IBUF                                                                    |                5 |              8 |         1.60 |
|  clk_IBUF_BUFG | u_pc_frame_tx/u_uart_tx/shift_reg_0                                                                     | rst_IBUF                                                                    |                1 |              8 |         8.00 |
|  clk_IBUF_BUFG | u_pc_frame_rx/p_0_in[311]                                                                               | rst_IBUF                                                                    |                2 |              8 |         4.00 |
|  clk_IBUF_BUFG | u_pc_frame_rx/p_0_in[31]                                                                                | rst_IBUF                                                                    |                1 |              8 |         8.00 |
|  clk_IBUF_BUFG | u_pc_frame_rx/p_0_in[287]                                                                               | rst_IBUF                                                                    |                3 |              8 |         2.67 |
|  clk_IBUF_BUFG | u_pc_frame_rx/p_0_in[356]                                                                               | rst_IBUF                                                                    |                3 |              8 |         2.67 |
|  clk_IBUF_BUFG | u_pc_frame_rx/p_0_in[175]                                                                               | rst_IBUF                                                                    |                1 |              8 |         8.00 |
|  clk_IBUF_BUFG | u_pc_frame_rx/p_0_in[71]                                                                                | rst_IBUF                                                                    |                2 |              8 |         4.00 |
|  clk_IBUF_BUFG | u_pc_frame_rx/p_0_in[39]                                                                                | rst_IBUF                                                                    |                2 |              8 |         4.00 |
|  clk_IBUF_BUFG | u_pc_frame_rx/p_0_in[111]                                                                               | rst_IBUF                                                                    |                2 |              8 |         4.00 |
|  clk_IBUF_BUFG | u_pc_frame_rx/p_0_in[327]                                                                               | rst_IBUF                                                                    |                2 |              8 |         4.00 |
|  clk_IBUF_BUFG | u_pc_frame_rx/p_0_in[79]                                                                                | rst_IBUF                                                                    |                2 |              8 |         4.00 |
|  clk_IBUF_BUFG | u_pc_frame_rx/p_0_in[159]                                                                               | rst_IBUF                                                                    |                1 |              8 |         8.00 |
|  clk_IBUF_BUFG | u_pc_frame_rx/p_0_in[143]                                                                               | rst_IBUF                                                                    |                2 |              8 |         4.00 |
|  clk_IBUF_BUFG | u_pc_frame_rx/p_0_in[55]                                                                                | rst_IBUF                                                                    |                2 |              8 |         4.00 |
|  clk_IBUF_BUFG | u_pc_frame_rx/p_0_in[87]                                                                                | rst_IBUF                                                                    |                1 |              8 |         8.00 |
|  clk_IBUF_BUFG | u_shared_decrypt/u_decrypt_ip/u_gcm_decrypt/u_ghash/bit_index[7]_i_2__2_n_0                             | u_shared_decrypt/u_decrypt_ip/u_gcm_decrypt/u_ghash/bit_index[7]_i_1__2_n_0 |                4 |              8 |         2.00 |
|  clk_IBUF_BUFG | u_pc_frame_rx/p_0_in[369]                                                                               | rst_IBUF                                                                    |                3 |              8 |         2.67 |
|  clk_IBUF_BUFG | u_pc_frame_rx/p_0_in[231]                                                                               | rst_IBUF                                                                    |                1 |              8 |         8.00 |
|  clk_IBUF_BUFG | u_pc_frame_rx/p_0_in[7]                                                                                 | rst_IBUF                                                                    |                2 |              8 |         4.00 |
|  clk_IBUF_BUFG | u_pc_frame_rx/p_0_in[207]                                                                               | rst_IBUF                                                                    |                2 |              8 |         4.00 |
|  clk_IBUF_BUFG | u_pc_frame_rx/p_0_in[343]                                                                               | rst_IBUF                                                                    |                4 |              8 |         2.00 |
|  clk_IBUF_BUFG | u_pc_frame_rx/p_0_in[319]                                                                               | rst_IBUF                                                                    |                1 |              8 |         8.00 |
|  clk_IBUF_BUFG | u_pc_frame_rx/p_0_in[223]                                                                               | rst_IBUF                                                                    |                1 |              8 |         8.00 |
|  clk_IBUF_BUFG | u_pc_frame_rx/p_0_in[63]                                                                                | rst_IBUF                                                                    |                1 |              8 |         8.00 |
|  clk_IBUF_BUFG | u_pc_frame_rx/p_0_in[303]                                                                               | rst_IBUF                                                                    |                2 |              8 |         4.00 |
|  clk_IBUF_BUFG | u_pc_frame_rx/p_0_in[247]                                                                               | rst_IBUF                                                                    |                3 |              8 |         2.67 |
|  clk_IBUF_BUFG | u_pc_frame_rx/p_0_in[191]                                                                               | rst_IBUF                                                                    |                1 |              8 |         8.00 |
|  clk_IBUF_BUFG | u_pc_frame_rx/p_0_in[215]                                                                               | rst_IBUF                                                                    |                1 |              8 |         8.00 |
|  clk_IBUF_BUFG | u_pc_frame_rx/p_0_in[183]                                                                               | rst_IBUF                                                                    |                1 |              8 |         8.00 |
|  clk_IBUF_BUFG | u_pc_frame_rx/p_0_in[127]                                                                               | rst_IBUF                                                                    |                2 |              8 |         4.00 |
|  clk_IBUF_BUFG | u_pc_frame_rx/p_0_in[15]                                                                                | rst_IBUF                                                                    |                2 |              8 |         4.00 |
|  clk_IBUF_BUFG | u_pc_frame_rx/E[0]                                                                                      | rst_IBUF                                                                    |                3 |              9 |         3.00 |
|  clk_IBUF_BUFG | u_jetson_decrypt/u_decrypt_ip/u_gcm_decrypt/u_aes_encrypt/u_encrypt_core/E[0]                           | u_jetson_decrypt/u_decrypt_ip/u_key_schedule/SR[0]                          |                2 |             10 |         5.00 |
|  clk_IBUF_BUFG | u_jetson_encrypt/u_encrypt_ip/u_gcm_encrypt/u_ghash/E[0]                                                | u_jetson_encrypt/u_encrypt_ip/u_key_schedule/SR[0]                          |                2 |             10 |         5.00 |
|  clk_IBUF_BUFG | u_jetson_decrypt/u_decrypt_ip/u_gcm_decrypt/u_aes_encrypt/u_encrypt_core/aes_input_ready_0              | u_jetson_decrypt/u_decrypt_ip/u_key_schedule/SR[0]                          |                4 |             10 |         2.50 |
|  clk_IBUF_BUFG | u_shared_encrypt/u_encrypt_ip/u_gcm_encrypt/u_ghash/E[0]                                                | u_shared_encrypt/u_encrypt_ip/u_key_schedule/SR[0]                          |                2 |             10 |         5.00 |
|  clk_IBUF_BUFG | u_jetson_encrypt/u_encrypt_ip/u_gcm_encrypt/u_aes_encrypt/u_encrypt_core/stage_valid_reg[9]_3[0]        | u_jetson_encrypt/u_encrypt_ip/u_key_schedule/SR[0]                          |                3 |             10 |         3.33 |
|  clk_IBUF_BUFG | u_shared_decrypt/u_decrypt_ip/u_gcm_decrypt/u_ghash/E[0]                                                | u_shared_decrypt/u_decrypt_ip/u_key_schedule/SR[0]                          |                3 |             10 |         3.33 |
|  clk_IBUF_BUFG | u_shared_encrypt/u_encrypt_ip/u_gcm_encrypt/u_aes_encrypt/u_encrypt_core/aes_input_ready                | u_shared_encrypt/u_encrypt_ip/u_key_schedule/SR[0]                          |                4 |             10 |         2.50 |
|  clk_IBUF_BUFG | u_shared_decrypt/u_decrypt_ip/u_gcm_decrypt/u_aes_encrypt/u_encrypt_core/stage_valid_reg[9]_3[0]        | u_shared_decrypt/u_decrypt_ip/u_key_schedule/SR[0]                          |                4 |             10 |         2.50 |
|  clk_IBUF_BUFG | u_session_manager/FSM_onehot_group_state[18]_i_1_n_0                                                    | rst_IBUF                                                                    |                7 |             19 |         2.71 |
|  clk_IBUF_BUFG | u_session_manager/group_retry_counter[21]_i_1_n_0                                                       | rst_IBUF                                                                    |                5 |             22 |         4.40 |
|  clk_IBUF_BUFG | u_session_manager/jetson_retry_counter[21]_i_1_n_0                                                      | rst_IBUF                                                                    |                7 |             22 |         3.14 |
|  clk_IBUF_BUFG | u_session_manager/second_counter[26]_i_1_n_0                                                            | rst_IBUF                                                                    |                6 |             27 |         4.50 |
|  clk_IBUF_BUFG | u_pc_uart_rx/clk_cnt                                                                                    | rst_IBUF                                                                    |               14 |             32 |         2.29 |
|  clk_IBUF_BUFG | u_spi_master_basys3/tail_cnt                                                                            | rst_IBUF                                                                    |                5 |             32 |         6.40 |
|  clk_IBUF_BUFG | u_spi_master_basys3/edge_cnt                                                                            | rst_IBUF                                                                    |                6 |             32 |         5.33 |
|  clk_IBUF_BUFG | u_session_manager/jetson_state1                                                                         | rst_IBUF                                                                    |               10 |             32 |         3.20 |
|  clk_IBUF_BUFG | u_spi_master_basys3/tx_idx[31]_i_1_n_0                                                                  | rst_IBUF                                                                    |                5 |             33 |         6.60 |
|  clk_IBUF_BUFG |                                                                                                         |                                                                             |               23 |             39 |         1.70 |
|  clk_IBUF_BUFG | u_basys_cmd_fifo/pc_iv_counter                                                                          | rst_IBUF                                                                    |               16 |             64 |         4.00 |
|  clk_IBUF_BUFG | u_shared_encrypt/u_encrypt_ip/u_gcm_encrypt/basys_iv_counter                                            | rst_IBUF                                                                    |               16 |             64 |         4.00 |
|  clk_IBUF_BUFG | u_session_manager/jetson_enc_accept                                                                     | rst_IBUF                                                                    |               16 |             64 |         4.00 |
|  clk_IBUF_BUFG | u_session_manager/door_cmd_to_jetson_reg[0]_0[0]                                                        | rst_IBUF                                                                    |               12 |             66 |         5.50 |
|  clk_IBUF_BUFG | u_sensor_pc_fifo/E[0]                                                                                   | rst_IBUF                                                                    |               17 |             67 |         3.94 |
|  clk_IBUF_BUFG | u_sensor_pc_fifo/mem[2][115]_i_1_n_0                                                                    |                                                                             |               14 |             80 |         5.71 |
|  clk_IBUF_BUFG | u_sensor_pc_fifo/mem[0][115]_i_1__0_n_0                                                                 |                                                                             |               17 |             80 |         4.71 |
|  clk_IBUF_BUFG | u_sensor_pc_fifo/mem[3][115]_i_1_n_0                                                                    |                                                                             |               22 |             80 |         3.64 |
|  clk_IBUF_BUFG | u_sensor_pc_fifo/mem[1][115]_i_1_n_0                                                                    |                                                                             |               15 |             80 |         5.33 |
|  clk_IBUF_BUFG | u_jetson_decrypt/u_decrypt_ip/u_gcm_decrypt/u_ghash/z1                                                  | u_jetson_decrypt/u_decrypt_ip/u_key_schedule/SR[0]                          |               25 |            128 |         5.12 |
|  clk_IBUF_BUFG | u_jetson_decrypt/u_decrypt_ip/u_gcm_decrypt/u_aes_encrypt/u_encrypt_core/stage_state[8][127]_i_1_n_0    | u_jetson_decrypt/u_decrypt_ip/u_key_schedule/SR[0]                          |               45 |            128 |         2.84 |
|  clk_IBUF_BUFG | u_jetson_decrypt/u_decrypt_ip/u_gcm_decrypt/u_aes_encrypt/u_encrypt_core/stage_state[9][127]_i_1_n_0    | u_jetson_decrypt/u_decrypt_ip/u_key_schedule/SR[0]                          |               37 |            128 |         3.46 |
|  clk_IBUF_BUFG | u_jetson_decrypt/u_decrypt_ip/u_gcm_decrypt/u_aes_encrypt/u_encrypt_core/stage_state[4][127]_i_1_n_0    | u_jetson_decrypt/u_decrypt_ip/u_key_schedule/SR[0]                          |               44 |            128 |         2.91 |
|  clk_IBUF_BUFG | u_jetson_decrypt/u_decrypt_ip/u_gcm_decrypt/u_aes_encrypt/u_encrypt_core/stage_state[1][127]_i_1_n_0    | u_jetson_decrypt/u_decrypt_ip/u_key_schedule/SR[0]                          |               51 |            128 |         2.51 |
|  clk_IBUF_BUFG | u_jetson_decrypt/u_decrypt_ip/u_gcm_decrypt/u_aes_encrypt/u_encrypt_core/stage_state[2][127]_i_1_n_0    | u_jetson_decrypt/u_decrypt_ip/u_key_schedule/SR[0]                          |               52 |            128 |         2.46 |
|  clk_IBUF_BUFG | u_jetson_decrypt/u_decrypt_ip/u_gcm_decrypt/u_aes_encrypt/u_encrypt_core/stage_state[3][127]_i_1_n_0    | u_jetson_decrypt/u_decrypt_ip/u_key_schedule/SR[0]                          |               49 |            128 |         2.61 |
|  clk_IBUF_BUFG | u_jetson_decrypt/u_decrypt_ip/u_gcm_decrypt/u_aes_encrypt/u_encrypt_core/stage_state[7][127]_i_1_n_0    | u_jetson_decrypt/u_decrypt_ip/u_key_schedule/SR[0]                          |               47 |            128 |         2.72 |
|  clk_IBUF_BUFG | u_jetson_decrypt/u_decrypt_ip/u_gcm_decrypt/u_aes_encrypt/u_encrypt_core/stage_state[5][127]_i_1_n_0    | u_jetson_decrypt/u_decrypt_ip/u_key_schedule/SR[0]                          |               50 |            128 |         2.56 |
|  clk_IBUF_BUFG | u_jetson_decrypt/u_decrypt_ip/u_gcm_decrypt/u_aes_encrypt/u_encrypt_core/stage_state[6][127]_i_1_n_0    | u_jetson_decrypt/u_decrypt_ip/u_key_schedule/SR[0]                          |               54 |            128 |         2.37 |
|  clk_IBUF_BUFG | u_jetson_decrypt/u_decrypt_ip/u_gcm_decrypt/u_aes_encrypt/u_encrypt_core/stage_state                    | u_jetson_decrypt/u_decrypt_ip/u_key_schedule/SR[0]                          |               44 |            128 |         2.91 |
|  clk_IBUF_BUFG | u_jetson_decrypt/u_decrypt_ip/u_gcm_decrypt/u_ghash/busy1_out                                           | u_jetson_decrypt/u_decrypt_ip/u_key_schedule/SR[0]                          |               25 |            128 |         5.12 |
|  clk_IBUF_BUFG | u_jetson_decrypt/u_decrypt_ip/u_gcm_decrypt/u_ghash/v[127]_i_1_n_0                                      | u_jetson_decrypt/u_decrypt_ip/u_key_schedule/SR[0]                          |               35 |            128 |         3.66 |
|  clk_IBUF_BUFG | u_jetson_decrypt/u_decrypt_ip/u_gcm_decrypt/u_aes_encrypt/u_encrypt_core/stage_valid_reg[9]_1[0]        | u_jetson_decrypt/u_decrypt_ip/u_key_schedule/SR[0]                          |               39 |            128 |         3.28 |
|  clk_IBUF_BUFG | u_jetson_decrypt/u_decrypt_ip/u_gcm_decrypt/u_aes_encrypt/u_encrypt_core/stage_valid_reg[9]_2[0]        | u_jetson_decrypt/u_decrypt_ip/u_key_schedule/SR[0]                          |               28 |            128 |         4.57 |
|  clk_IBUF_BUFG | u_jetson_decrypt/u_decrypt_ip/u_gcm_decrypt/u_aes_encrypt/u_encrypt_core/stage_valid_reg[9]_3[0]        | u_jetson_decrypt/u_decrypt_ip/u_key_schedule/SR[0]                          |               25 |            128 |         5.12 |
|  clk_IBUF_BUFG | u_jetson_decrypt/u_decrypt_ip/u_gcm_decrypt/u_ghash/y__0                                                | u_jetson_decrypt/u_decrypt_ip/u_key_schedule/SR[0]                          |               29 |            128 |         4.41 |
|  clk_IBUF_BUFG | u_jetson_decrypt/u_decrypt_ip/u_gcm_decrypt/u_ghash/z[127]_i_2_n_0                                      | u_jetson_decrypt/u_decrypt_ip/u_gcm_decrypt/u_ghash/z[127]_i_1_n_0          |               34 |            128 |         3.76 |
|  clk_IBUF_BUFG | u_shared_encrypt/u_encrypt_ip/u_gcm_encrypt/u_aes_encrypt/u_encrypt_core/stage_state[5][127]_i_1__0_n_0 | u_shared_encrypt/u_encrypt_ip/u_key_schedule/SR[0]                          |               48 |            128 |         2.67 |
|  clk_IBUF_BUFG | u_shared_decrypt/u_decrypt_ip/u_gcm_decrypt/u_aes_encrypt/u_encrypt_core/stage_state[1][127]_i_1__2_n_0 | u_shared_decrypt/u_decrypt_ip/u_key_schedule/SR[0]                          |               46 |            128 |         2.78 |
|  clk_IBUF_BUFG | u_shared_decrypt/u_decrypt_ip/u_gcm_decrypt/u_aes_encrypt/u_encrypt_core/stage_state[4][127]_i_1__2_n_0 | u_shared_decrypt/u_decrypt_ip/u_key_schedule/SR[0]                          |               53 |            128 |         2.42 |
|  clk_IBUF_BUFG | u_shared_decrypt/u_decrypt_ip/u_gcm_decrypt/u_aes_encrypt/u_encrypt_core/stage_state[5][127]_i_1__2_n_0 | u_shared_decrypt/u_decrypt_ip/u_key_schedule/SR[0]                          |               53 |            128 |         2.42 |
|  clk_IBUF_BUFG | u_jetson_decrypt/u_decrypt_ip/u_key_schedule/i___237_n_0                                                | rst_IBUF                                                                    |               37 |            128 |         3.46 |
|  clk_IBUF_BUFG | u_jetson_decrypt/u_decrypt_ip/u_key_schedule/i___224_n_0                                                | rst_IBUF                                                                    |               61 |            128 |         2.10 |
|  clk_IBUF_BUFG | u_jetson_decrypt/u_decrypt_ip/u_key_schedule/i___421_n_0                                                | rst_IBUF                                                                    |               63 |            128 |         2.03 |
|  clk_IBUF_BUFG | u_jetson_decrypt/u_decrypt_ip/u_key_schedule/i___424_n_0                                                | rst_IBUF                                                                    |               57 |            128 |         2.25 |
|  clk_IBUF_BUFG | u_jetson_decrypt/u_decrypt_ip/u_key_schedule/i___420_n_0                                                | rst_IBUF                                                                    |               52 |            128 |         2.46 |
|  clk_IBUF_BUFG | u_jetson_decrypt/u_decrypt_ip/u_key_schedule/i___423_n_0                                                | rst_IBUF                                                                    |               62 |            128 |         2.06 |
|  clk_IBUF_BUFG | u_jetson_encrypt/u_encrypt_ip/u_key_schedule/round_keys[1407]_i_1_n_0                                   | rst_IBUF                                                                    |               79 |            128 |         1.62 |
|  clk_IBUF_BUFG | u_jetson_encrypt/u_encrypt_ip/u_key_schedule/working_key[127]_i_1_n_0                                   | rst_IBUF                                                                    |               42 |            128 |         3.05 |
|  clk_IBUF_BUFG | u_shared_encrypt/u_encrypt_ip/u_gcm_encrypt/u_aes_encrypt/u_encrypt_core/stage_state[2][127]_i_1__0_n_0 | u_shared_encrypt/u_encrypt_ip/u_key_schedule/SR[0]                          |               50 |            128 |         2.56 |
|  clk_IBUF_BUFG | u_shared_encrypt/u_encrypt_ip/u_gcm_encrypt/u_aes_encrypt/u_encrypt_core/stage_state[1][127]_i_1__0_n_0 | u_shared_encrypt/u_encrypt_ip/u_key_schedule/SR[0]                          |               43 |            128 |         2.98 |
|  clk_IBUF_BUFG | u_jetson_encrypt/u_encrypt_ip/u_key_schedule/i___424_n_0                                                | rst_IBUF                                                                    |               51 |            128 |         2.51 |
|  clk_IBUF_BUFG | u_shared_encrypt/u_encrypt_ip/u_gcm_encrypt/u_aes_encrypt/u_encrypt_core/stage_state[0][127]_i_2__0_n_0 | u_shared_encrypt/u_encrypt_ip/u_key_schedule/SR[0]                          |               47 |            128 |         2.72 |
|  clk_IBUF_BUFG | u_shared_encrypt/u_encrypt_ip/u_gcm_encrypt/u_aes_encrypt/u_encrypt_core/stage_state[3][127]_i_1__0_n_0 | u_shared_encrypt/u_encrypt_ip/u_key_schedule/SR[0]                          |               46 |            128 |         2.78 |
|  clk_IBUF_BUFG | u_shared_encrypt/u_encrypt_ip/u_gcm_encrypt/u_aes_encrypt/u_encrypt_core/stage_state[4][127]_i_1__0_n_0 | u_shared_encrypt/u_encrypt_ip/u_key_schedule/SR[0]                          |               46 |            128 |         2.78 |
|  clk_IBUF_BUFG | u_shared_decrypt/u_decrypt_ip/u_gcm_decrypt/u_aes_encrypt/u_encrypt_core/stage_state[0][127]_i_2__2_n_0 | u_shared_decrypt/u_decrypt_ip/u_key_schedule/SR[0]                          |               47 |            128 |         2.72 |
|  clk_IBUF_BUFG | u_shared_encrypt/u_encrypt_ip/u_gcm_encrypt/u_aes_encrypt/u_encrypt_core/stage_state[9][127]_i_1__0_n_0 | u_shared_encrypt/u_encrypt_ip/u_key_schedule/SR[0]                          |               42 |            128 |         3.05 |
|  clk_IBUF_BUFG | u_shared_encrypt/u_encrypt_ip/u_gcm_encrypt/u_aes_encrypt/u_encrypt_core/stage_state[6][127]_i_1__0_n_0 | u_shared_encrypt/u_encrypt_ip/u_key_schedule/SR[0]                          |               48 |            128 |         2.67 |
|  clk_IBUF_BUFG | u_shared_encrypt/u_encrypt_ip/u_gcm_encrypt/u_aes_encrypt/u_encrypt_core/stage_state[7][127]_i_1__0_n_0 | u_shared_encrypt/u_encrypt_ip/u_key_schedule/SR[0]                          |               52 |            128 |         2.46 |
|  clk_IBUF_BUFG | u_shared_encrypt/u_encrypt_ip/u_gcm_encrypt/u_aes_encrypt/u_encrypt_core/stage_state[8][127]_i_1__0_n_0 | u_shared_encrypt/u_encrypt_ip/u_key_schedule/SR[0]                          |               44 |            128 |         2.91 |
|  clk_IBUF_BUFG | u_shared_encrypt/u_encrypt_ip/u_gcm_encrypt/u_aes_encrypt/u_encrypt_core/E[0]                           | u_shared_encrypt/u_encrypt_ip/u_key_schedule/SR[0]                          |               23 |            128 |         5.57 |
|  clk_IBUF_BUFG | u_shared_encrypt/u_encrypt_ip/u_gcm_encrypt/u_aes_encrypt/u_encrypt_core/stage_valid_reg[9]_1[0]        | u_shared_encrypt/u_encrypt_ip/u_key_schedule/SR[0]                          |               33 |            128 |         3.88 |
|  clk_IBUF_BUFG | u_shared_encrypt/u_encrypt_ip/u_gcm_encrypt/u_aes_encrypt/u_encrypt_core/stage_valid_reg[9]_0[0]        | u_shared_encrypt/u_encrypt_ip/u_key_schedule/SR[0]                          |               26 |            128 |         4.92 |
|  clk_IBUF_BUFG | u_jetson_encrypt/u_encrypt_ip/u_key_schedule/i___423_n_0                                                | rst_IBUF                                                                    |               64 |            128 |         2.00 |
|  clk_IBUF_BUFG | u_shared_encrypt/u_encrypt_ip/u_gcm_encrypt/u_ghash/ghash[127]_i_1__0_n_0                               | u_shared_encrypt/u_encrypt_ip/u_key_schedule/SR[0]                          |               34 |            128 |         3.76 |
|  clk_IBUF_BUFG | u_shared_encrypt/u_encrypt_ip/u_gcm_encrypt/u_ghash/v[127]_i_1__0_n_0                                   | u_shared_encrypt/u_encrypt_ip/u_key_schedule/SR[0]                          |               34 |            128 |         3.76 |
|  clk_IBUF_BUFG | u_shared_encrypt/u_encrypt_ip/u_gcm_encrypt/u_ghash/z1                                                  | u_shared_encrypt/u_encrypt_ip/u_key_schedule/SR[0]                          |               27 |            128 |         4.74 |
|  clk_IBUF_BUFG | u_shared_encrypt/u_encrypt_ip/u_gcm_encrypt/u_ghash/y__0                                                | u_shared_encrypt/u_encrypt_ip/u_key_schedule/SR[0]                          |               26 |            128 |         4.92 |
|  clk_IBUF_BUFG | u_shared_encrypt/u_encrypt_ip/u_gcm_encrypt/u_ghash/z[127]_i_2__0_n_0                                   | u_shared_encrypt/u_encrypt_ip/u_gcm_encrypt/u_ghash/z[127]_i_1__0_n_0       |               34 |            128 |         3.76 |
|  clk_IBUF_BUFG | u_jetson_encrypt/u_encrypt_ip/u_key_schedule/i___422_n_0                                                | rst_IBUF                                                                    |               48 |            128 |         2.67 |
|  clk_IBUF_BUFG | u_jetson_encrypt/u_encrypt_ip/u_key_schedule/i___420_n_0                                                | rst_IBUF                                                                    |               52 |            128 |         2.46 |
|  clk_IBUF_BUFG | u_jetson_decrypt/u_decrypt_ip/u_key_schedule/working_key[127]_i_1_n_0                                   | rst_IBUF                                                                    |               31 |            128 |         4.13 |
|  clk_IBUF_BUFG | u_jetson_encrypt/u_encrypt_ip/u_key_schedule/i___426_n_0                                                | rst_IBUF                                                                    |               57 |            128 |         2.25 |
|  clk_IBUF_BUFG | u_jetson_encrypt/u_encrypt_ip/u_key_schedule/i___237_n_0                                                | rst_IBUF                                                                    |               61 |            128 |         2.10 |
|  clk_IBUF_BUFG | u_jetson_encrypt/u_encrypt_ip/u_key_schedule/i___224_n_0                                                | rst_IBUF                                                                    |               59 |            128 |         2.17 |
|  clk_IBUF_BUFG | u_jetson_decrypt/u_decrypt_ip/u_key_schedule/round_keys[1407]_i_1_n_0                                   | rst_IBUF                                                                    |               56 |            128 |         2.29 |
|  clk_IBUF_BUFG | u_jetson_decrypt/u_decrypt_ip/u_key_schedule/round_keys[1279]_i_1_n_0                                   | rst_IBUF                                                                    |               44 |            128 |         2.91 |
|  clk_IBUF_BUFG | u_jetson_decrypt/u_decrypt_ip/u_key_schedule/round_keys[1151]_i_1_n_0                                   | rst_IBUF                                                                    |               52 |            128 |         2.46 |
|  clk_IBUF_BUFG | u_session_manager/FSM_sequential_jetson_key_state_reg[1][0]                                             | rst_IBUF                                                                    |               23 |            128 |         5.57 |
|  clk_IBUF_BUFG | u_jetson_decrypt/u_decrypt_ip/u_key_schedule/i___426_n_0                                                | rst_IBUF                                                                    |               57 |            128 |         2.25 |
|  clk_IBUF_BUFG | u_shared_encrypt/u_encrypt_ip/u_key_schedule/round_keys[1279]_i_1_n_0                                   | rst_IBUF                                                                    |               47 |            128 |         2.72 |
|  clk_IBUF_BUFG | u_shared_encrypt/u_encrypt_ip/u_key_schedule/round_keys[1151]_i_1_n_0                                   | rst_IBUF                                                                    |               55 |            128 |         2.33 |
|  clk_IBUF_BUFG | u_shared_encrypt/u_encrypt_ip/u_key_schedule/i___224_n_0                                                | rst_IBUF                                                                    |               53 |            128 |         2.42 |
|  clk_IBUF_BUFG | u_shared_encrypt/u_encrypt_ip/u_key_schedule/i___237_n_0                                                | rst_IBUF                                                                    |               40 |            128 |         3.20 |
|  clk_IBUF_BUFG | u_shared_encrypt/u_encrypt_ip/u_key_schedule/i___422_n_0                                                | rst_IBUF                                                                    |               59 |            128 |         2.17 |
|  clk_IBUF_BUFG | u_shared_encrypt/u_encrypt_ip/u_key_schedule/i___423_n_0                                                | rst_IBUF                                                                    |               64 |            128 |         2.00 |
|  clk_IBUF_BUFG | u_shared_encrypt/u_encrypt_ip/u_key_schedule/i___421_n_0                                                | rst_IBUF                                                                    |               53 |            128 |         2.42 |
|  clk_IBUF_BUFG | u_shared_encrypt/u_encrypt_ip/u_key_schedule/i___420_n_0                                                | rst_IBUF                                                                    |               51 |            128 |         2.51 |
|  clk_IBUF_BUFG | u_shared_encrypt/u_encrypt_ip/u_key_schedule/i___426_n_0                                                | rst_IBUF                                                                    |               66 |            128 |         1.94 |
|  clk_IBUF_BUFG | u_shared_encrypt/u_encrypt_ip/u_key_schedule/i___424_n_0                                                | rst_IBUF                                                                    |               58 |            128 |         2.21 |
|  clk_IBUF_BUFG | u_shared_encrypt/u_encrypt_ip/u_key_schedule/round_keys[1407]_i_1_n_0                                   | rst_IBUF                                                                    |               65 |            128 |         1.97 |
|  clk_IBUF_BUFG | u_shared_encrypt/u_encrypt_ip/u_key_schedule/working_key[127]_i_1_n_0                                   | rst_IBUF                                                                    |               38 |            128 |         3.37 |
|  clk_IBUF_BUFG | u_jetson_pc_fifo/mem[1][127]_i_1_n_0                                                                    |                                                                             |               22 |            128 |         5.82 |
|  clk_IBUF_BUFG | u_jetson_pc_fifo/mem[3][127]_i_1_n_0                                                                    |                                                                             |               34 |            128 |         3.76 |
|  clk_IBUF_BUFG | u_jetson_pc_fifo/mem[0][127]_i_1_n_0                                                                    |                                                                             |               23 |            128 |         5.57 |
|  clk_IBUF_BUFG | u_jetson_pc_fifo/mem[2][127]_i_1_n_0                                                                    |                                                                             |               24 |            128 |         5.33 |
|  clk_IBUF_BUFG | u_jetson_encrypt/u_encrypt_ip/u_key_schedule/i___421_n_0                                                | rst_IBUF                                                                    |               51 |            128 |         2.51 |
|  clk_IBUF_BUFG | u_jetson_encrypt/u_encrypt_ip/u_key_schedule/round_keys[1279]_i_1_n_0                                   | rst_IBUF                                                                    |               52 |            128 |         2.46 |
|  clk_IBUF_BUFG | u_jetson_encrypt/u_encrypt_ip/u_gcm_encrypt/u_ghash/z[127]_i_2__1_n_0                                   | u_jetson_encrypt/u_encrypt_ip/u_gcm_encrypt/u_ghash/z[127]_i_1__1_n_0       |               35 |            128 |         3.66 |
|  clk_IBUF_BUFG | u_jetson_encrypt/u_encrypt_ip/u_key_schedule/round_keys[1151]_i_1_n_0                                   | rst_IBUF                                                                    |               47 |            128 |         2.72 |
|  clk_IBUF_BUFG | u_jetson_encrypt/u_encrypt_ip/u_gcm_encrypt/u_ghash/y__0                                                | u_jetson_encrypt/u_encrypt_ip/u_key_schedule/SR[0]                          |               26 |            128 |         4.92 |
|  clk_IBUF_BUFG | u_jetson_encrypt/u_encrypt_ip/u_gcm_encrypt/u_ghash/v[127]_i_1__1_n_0                                   | u_jetson_encrypt/u_encrypt_ip/u_key_schedule/SR[0]                          |               37 |            128 |         3.46 |
|  clk_IBUF_BUFG | u_jetson_encrypt/u_encrypt_ip/u_gcm_encrypt/u_ghash/ghash[127]_i_1__1_n_0                               | u_jetson_encrypt/u_encrypt_ip/u_key_schedule/SR[0]                          |               19 |            128 |         6.74 |
|  clk_IBUF_BUFG | u_jetson_encrypt/u_encrypt_ip/u_gcm_encrypt/u_aes_encrypt/u_encrypt_core/stage_valid_reg[9]_2[0]        | u_jetson_encrypt/u_encrypt_ip/u_key_schedule/SR[0]                          |               37 |            128 |         3.46 |
|  clk_IBUF_BUFG | u_jetson_encrypt/u_encrypt_ip/u_gcm_encrypt/u_aes_encrypt/u_encrypt_core/stage_valid_reg[9]_1[0]        | u_jetson_encrypt/u_encrypt_ip/u_key_schedule/SR[0]                          |               20 |            128 |         6.40 |
|  clk_IBUF_BUFG | u_jetson_encrypt/u_encrypt_ip/u_gcm_encrypt/u_aes_encrypt/u_encrypt_core/E[0]                           | u_jetson_encrypt/u_encrypt_ip/u_key_schedule/SR[0]                          |               26 |            128 |         4.92 |
|  clk_IBUF_BUFG | u_jetson_encrypt/u_encrypt_ip/u_gcm_encrypt/u_aes_encrypt/u_encrypt_core/stage_state[9][127]_i_1__1_n_0 | u_jetson_encrypt/u_encrypt_ip/u_key_schedule/SR[0]                          |               52 |            128 |         2.46 |
|  clk_IBUF_BUFG | u_jetson_encrypt/u_encrypt_ip/u_gcm_encrypt/u_aes_encrypt/u_encrypt_core/stage_state[8][127]_i_1__1_n_0 | u_jetson_encrypt/u_encrypt_ip/u_key_schedule/SR[0]                          |               47 |            128 |         2.72 |
|  clk_IBUF_BUFG | u_jetson_encrypt/u_encrypt_ip/u_gcm_encrypt/u_aes_encrypt/u_encrypt_core/stage_state[7][127]_i_1__1_n_0 | u_jetson_encrypt/u_encrypt_ip/u_key_schedule/SR[0]                          |               54 |            128 |         2.37 |
|  clk_IBUF_BUFG | u_jetson_encrypt/u_encrypt_ip/u_gcm_encrypt/u_aes_encrypt/u_encrypt_core/stage_state[6][127]_i_1__1_n_0 | u_jetson_encrypt/u_encrypt_ip/u_key_schedule/SR[0]                          |               46 |            128 |         2.78 |
|  clk_IBUF_BUFG | u_jetson_encrypt/u_encrypt_ip/u_gcm_encrypt/u_aes_encrypt/u_encrypt_core/stage_state[5][127]_i_1__1_n_0 | u_jetson_encrypt/u_encrypt_ip/u_key_schedule/SR[0]                          |               50 |            128 |         2.56 |
|  clk_IBUF_BUFG | u_jetson_encrypt/u_encrypt_ip/u_gcm_encrypt/u_aes_encrypt/u_encrypt_core/stage_state[4][127]_i_1__1_n_0 | u_jetson_encrypt/u_encrypt_ip/u_key_schedule/SR[0]                          |               48 |            128 |         2.67 |
|  clk_IBUF_BUFG | u_jetson_encrypt/u_encrypt_ip/u_gcm_encrypt/u_aes_encrypt/u_encrypt_core/stage_state[3][127]_i_1__1_n_0 | u_jetson_encrypt/u_encrypt_ip/u_key_schedule/SR[0]                          |               47 |            128 |         2.72 |
|  clk_IBUF_BUFG | u_jetson_encrypt/u_encrypt_ip/u_gcm_encrypt/u_aes_encrypt/u_encrypt_core/stage_state[2][127]_i_1__1_n_0 | u_jetson_encrypt/u_encrypt_ip/u_key_schedule/SR[0]                          |               47 |            128 |         2.72 |
|  clk_IBUF_BUFG | u_jetson_encrypt/u_encrypt_ip/u_gcm_encrypt/u_aes_encrypt/u_encrypt_core/stage_state[1][127]_i_1__1_n_0 | u_jetson_encrypt/u_encrypt_ip/u_key_schedule/SR[0]                          |               52 |            128 |         2.46 |
|  clk_IBUF_BUFG | u_jetson_encrypt/u_encrypt_ip/u_gcm_encrypt/u_aes_encrypt/u_encrypt_core/stage_state                    | u_jetson_encrypt/u_encrypt_ip/u_key_schedule/SR[0]                          |               50 |            128 |         2.56 |
|  clk_IBUF_BUFG | u_shared_decrypt/u_decrypt_ip/u_key_schedule/working_key[127]_i_1_n_0                                   | rst_IBUF                                                                    |               38 |            128 |         3.37 |
|  clk_IBUF_BUFG | u_shared_decrypt/u_decrypt_ip/u_key_schedule/round_keys[1407]_i_1_n_0                                   | rst_IBUF                                                                    |               59 |            128 |         2.17 |
|  clk_IBUF_BUFG | u_shared_decrypt/u_decrypt_ip/u_key_schedule/round_keys[1151]_i_1_n_0                                   | rst_IBUF                                                                    |               46 |            128 |         2.78 |
|  clk_IBUF_BUFG | u_shared_decrypt/u_decrypt_ip/u_key_schedule/round_keys[1279]_i_1_n_0                                   | rst_IBUF                                                                    |               51 |            128 |         2.51 |
|  clk_IBUF_BUFG | u_shared_decrypt/u_decrypt_ip/u_key_schedule/i___421_n_0                                                | rst_IBUF                                                                    |               50 |            128 |         2.56 |
|  clk_IBUF_BUFG | u_shared_decrypt/u_decrypt_ip/u_key_schedule/i___423_n_0                                                | rst_IBUF                                                                    |               64 |            128 |         2.00 |
|  clk_IBUF_BUFG | u_shared_decrypt/u_decrypt_ip/u_key_schedule/i___420_n_0                                                | rst_IBUF                                                                    |               56 |            128 |         2.29 |
|  clk_IBUF_BUFG | u_shared_decrypt/u_decrypt_ip/u_key_schedule/i___426_n_0                                                | rst_IBUF                                                                    |               50 |            128 |         2.56 |
|  clk_IBUF_BUFG | u_jetson_encrypt/u_encrypt_ip/u_gcm_encrypt/u_ghash/z1                                                  | u_jetson_encrypt/u_encrypt_ip/u_key_schedule/SR[0]                          |               24 |            128 |         5.33 |
|  clk_IBUF_BUFG | u_shared_decrypt/u_decrypt_ip/u_key_schedule/i___424_n_0                                                | rst_IBUF                                                                    |               55 |            128 |         2.33 |
|  clk_IBUF_BUFG | u_shared_decrypt/u_decrypt_ip/u_key_schedule/i___422_n_0                                                | rst_IBUF                                                                    |               41 |            128 |         3.12 |
|  clk_IBUF_BUFG | u_shared_decrypt/u_decrypt_ip/u_key_schedule/i___224_n_0                                                | rst_IBUF                                                                    |               56 |            128 |         2.29 |
|  clk_IBUF_BUFG | u_shared_decrypt/u_decrypt_ip/u_key_schedule/i___237_n_0                                                | rst_IBUF                                                                    |               54 |            128 |         2.37 |
|  clk_IBUF_BUFG | u_session_manager/pc_basys_key_reload_reg_0[0]                                                          | rst_IBUF                                                                    |               47 |            128 |         2.72 |
|  clk_IBUF_BUFG | u_jetson_decrypt/u_decrypt_ip/u_key_schedule/i___422_n_0                                                | rst_IBUF                                                                    |               55 |            128 |         2.33 |
|  clk_IBUF_BUFG | u_shared_decrypt/u_decrypt_ip/u_gcm_decrypt/u_ghash/z1                                                  | u_shared_decrypt/u_decrypt_ip/u_key_schedule/SR[0]                          |               25 |            128 |         5.12 |
|  clk_IBUF_BUFG | u_shared_decrypt/u_decrypt_ip/u_gcm_decrypt/u_ghash/z[127]_i_2__2_n_0                                   | u_shared_decrypt/u_decrypt_ip/u_gcm_decrypt/u_ghash/z[127]_i_1__2_n_0       |               34 |            128 |         3.76 |
|  clk_IBUF_BUFG | u_shared_decrypt/u_decrypt_ip/u_gcm_decrypt/u_ghash/y__0                                                | u_shared_decrypt/u_decrypt_ip/u_key_schedule/SR[0]                          |               27 |            128 |         4.74 |
|  clk_IBUF_BUFG | u_shared_decrypt/u_decrypt_ip/u_gcm_decrypt/u_ghash/v[127]_i_1__2_n_0                                   | u_shared_decrypt/u_decrypt_ip/u_key_schedule/SR[0]                          |               36 |            128 |         3.56 |
|  clk_IBUF_BUFG | u_shared_decrypt/u_decrypt_ip/u_gcm_decrypt/u_ghash/busy1_out                                           | u_shared_decrypt/u_decrypt_ip/u_key_schedule/SR[0]                          |               22 |            128 |         5.82 |
|  clk_IBUF_BUFG | u_shared_decrypt/u_decrypt_ip/u_gcm_decrypt/u_aes_encrypt/u_encrypt_core/stage_valid_reg[9]_1[0]        | u_shared_decrypt/u_decrypt_ip/u_key_schedule/SR[0]                          |               21 |            128 |         6.10 |
|  clk_IBUF_BUFG | u_shared_decrypt/u_decrypt_ip/u_gcm_decrypt/u_aes_encrypt/u_encrypt_core/stage_valid_reg[9]_2[0]        | u_shared_decrypt/u_decrypt_ip/u_key_schedule/SR[0]                          |               38 |            128 |         3.37 |
|  clk_IBUF_BUFG | u_shared_decrypt/u_decrypt_ip/u_gcm_decrypt/u_aes_encrypt/u_encrypt_core/E[0]                           | u_shared_decrypt/u_decrypt_ip/u_key_schedule/SR[0]                          |               23 |            128 |         5.57 |
|  clk_IBUF_BUFG | u_shared_decrypt/u_decrypt_ip/u_gcm_decrypt/u_aes_encrypt/u_encrypt_core/stage_state[9][127]_i_1__2_n_0 | u_shared_decrypt/u_decrypt_ip/u_key_schedule/SR[0]                          |               42 |            128 |         3.05 |
|  clk_IBUF_BUFG | u_shared_decrypt/u_decrypt_ip/u_gcm_decrypt/u_aes_encrypt/u_encrypt_core/stage_state[8][127]_i_1__2_n_0 | u_shared_decrypt/u_decrypt_ip/u_key_schedule/SR[0]                          |               46 |            128 |         2.78 |
|  clk_IBUF_BUFG | u_shared_decrypt/u_decrypt_ip/u_gcm_decrypt/u_aes_encrypt/u_encrypt_core/stage_state[7][127]_i_1__2_n_0 | u_shared_decrypt/u_decrypt_ip/u_key_schedule/SR[0]                          |               49 |            128 |         2.61 |
|  clk_IBUF_BUFG | u_shared_decrypt/u_decrypt_ip/u_gcm_decrypt/u_aes_encrypt/u_encrypt_core/stage_state[6][127]_i_1__2_n_0 | u_shared_decrypt/u_decrypt_ip/u_key_schedule/SR[0]                          |               47 |            128 |         2.72 |
|  clk_IBUF_BUFG | u_shared_decrypt/u_decrypt_ip/u_gcm_decrypt/u_aes_encrypt/u_encrypt_core/stage_state[3][127]_i_1__2_n_0 | u_shared_decrypt/u_decrypt_ip/u_key_schedule/SR[0]                          |               48 |            128 |         2.67 |
|  clk_IBUF_BUFG | u_shared_decrypt/u_decrypt_ip/u_gcm_decrypt/u_aes_encrypt/u_encrypt_core/stage_state[2][127]_i_1__2_n_0 | u_shared_decrypt/u_decrypt_ip/u_key_schedule/SR[0]                          |               52 |            128 |         2.46 |
|  clk_IBUF_BUFG | u_jetson_decrypt/u_decrypt_ip/u_gcm_decrypt/jetson_dec_active_type_reg[7]_2[0]                          | rst_IBUF                                                                    |               59 |            136 |         2.31 |
|  clk_IBUF_BUFG | u_session_manager/pending_random                                                                        | rst_IBUF                                                                    |               25 |            160 |         6.40 |
|  clk_IBUF_BUFG | u_session_manager/jetson_enc_key_load_reg[0]                                                            | u_jetson_encrypt/u_encrypt_ip/u_key_schedule/SR[0]                          |               32 |            194 |         6.06 |
|  clk_IBUF_BUFG | u_shared_encrypt/u_encrypt_ip/u_key_schedule/E[0]                                                       | u_shared_encrypt/u_encrypt_ip/u_key_schedule/SR[0]                          |               67 |            195 |         2.91 |
|  clk_IBUF_BUFG |                                                                                                         | rst_IBUF                                                                    |               85 |            307 |         3.61 |
|  clk_IBUF_BUFG | u_jetson_encrypt/u_encrypt_ip/u_gcm_encrypt/E[0]                                                        | rst_IBUF                                                                    |               60 |            329 |         5.48 |
|  clk_IBUF_BUFG | u_session_manager/E[0]                                                                                  | rst_IBUF                                                                    |               89 |            330 |         3.71 |
|  clk_IBUF_BUFG | u_spi_master_basys3/tx_shift                                                                            | rst_IBUF                                                                    |               80 |            330 |         4.12 |
|  clk_IBUF_BUFG | u_pc_frame_tx/packet_reg                                                                                | rst_IBUF                                                                    |               92 |            330 |         3.59 |
|  clk_IBUF_BUFG | u_pc_frame_rx/basys_hold_valid_reg[0]                                                                   | u_shared_decrypt/u_decrypt_ip/u_key_schedule/SR[0]                          |              117 |            352 |         3.01 |
|  clk_IBUF_BUFG | u_jetson_decrypt/u_decrypt_ip/u_key_schedule/jetson_enc_key_load_reg[0]                                 | u_jetson_decrypt/u_decrypt_ip/u_key_schedule/SR[0]                          |               81 |            352 |         4.35 |
|  clk_IBUF_BUFG | u_spi_master_basys3/done_i_1_n_0                                                                        | rst_IBUF                                                                    |               94 |            384 |         4.09 |
|  clk_IBUF_BUFG | u_spi_master_basys3/rx_valid                                                                            | rst_IBUF                                                                    |              106 |            384 |         3.62 |
|  clk_IBUF_BUFG | u_spi_master_basys3/rx_shift                                                                            | rst_IBUF                                                                    |               60 |            384 |         6.40 |
|  clk_IBUF_BUFG | u_spi_slave_jetson/rx_valid                                                                             | rst_IBUF                                                                    |              117 |            384 |         3.28 |
|  clk_IBUF_BUFG | u_spi_slave_jetson/rx_valid2_out                                                                        | rst_IBUF                                                                    |              129 |            384 |         2.98 |
|  clk_IBUF_BUFG | u_spi_slave_jetson/tx_shift[382]_i_1_n_0                                                                | rst_IBUF                                                                    |               89 |            384 |         4.31 |
|  clk_IBUF_BUFG | u_spi_slave_jetson/bit_cnt[31]_i_1_n_0                                                                  | rst_IBUF                                                                    |               70 |            415 |         5.93 |
+----------------+---------------------------------------------------------------------------------------------------------+-----------------------------------------------------------------------------+------------------+----------------+--------------+


