#-----------------------------------------------------------
# Vivado v2020.2 (64-bit)
# SW Build 3064766 on Wed Nov 18 09:12:45 MST 2020
# IP Build 3064653 on Wed Nov 18 14:17:31 MST 2020
# Start of session at: Thu Aug 13 11:41:30 2026
# Process ID: 11028
# Current directory: D:/260807_AIGIS_inseok/basys3project_inseok_jeong/vivado
# Command line: vivado.exe -gui_launcher_event rodinguilauncherevent17824 D:\260807_AIGIS_inseok\basys3project_inseok_jeong\vivado\basys3_secure_v2.xpr
# Log file: D:/260807_AIGIS_inseok/basys3project_inseok_jeong/vivado/vivado.log
# Journal file: D:/260807_AIGIS_inseok/basys3project_inseok_jeong/vivado\vivado.jou
#-----------------------------------------------------------
start_gui
open_project D:/260807_AIGIS_inseok/basys3project_inseok_jeong/vivado/basys3_secure_v2.xpr
Scanning sources...
Finished scanning sources
INFO: [IP_Flow 19-234] Refreshing IP repositories
INFO: [IP_Flow 19-1704] No user IP repositories specified
INFO: [IP_Flow 19-2313] Loaded Vivado IP repository 'C:/Xilinx/Vivado/2020.2/data/ip'.
open_project: Time (s): cpu = 00:00:18 ; elapsed = 00:00:11 . Memory (MB): peak = 1105.613 ; gain = 0.000
update_compile_order -fileset sources_1
open_hw_manager
connect_hw_server -allow_non_jtag
INFO: [Labtools 27-2285] Connecting to hw_server url TCP:localhost:3121
INFO: [Labtools 27-3415] Connecting to cs_server url TCP:localhost:3042
INFO: [Labtools 27-3417] Launching cs_server...
INFO: [Labtools 27-2221] Launch Output:
ERROR: Cannot start server on port 3042: already in use.

ERROR: [Labtools 27-2220] Launch Error:
Unable to launch local cs_server executable.
ERROR: Cannot start server on port 3042: already in use.

connect_hw_server: Time (s): cpu = 00:00:01 ; elapsed = 00:00:06 . Memory (MB): peak = 1105.613 ; gain = 0.000
ERROR: [Common 17-39] 'connect_hw_server' failed due to earlier errors.
connect_hw_server -allow_non_jtag
INFO: [Labtools 27-2285] Connecting to hw_server url TCP:localhost:3121
INFO: [Labtools 27-3415] Connecting to cs_server url TCP:localhost:3042
INFO: [Labtools 27-3414] Connected to existing cs_server.
open_hw_target
INFO: [Labtoolstcl 44-466] Opening hw_target localhost:3121/xilinx_tcf/Digilent/210351B102DBA
open_hw_target: Time (s): cpu = 00:00:04 ; elapsed = 00:00:06 . Memory (MB): peak = 2493.031 ; gain = 1387.418
current_hw_device [get_hw_devices xc7z020_1]
refresh_hw_device -update_hw_probes false [lindex [get_hw_devices xc7z020_1] 0]
INFO: [Labtools 27-1435] Device xc7z020 (JTAG device index = 1) is not programmed (DONE status = 0).
close_hw_target {localhost:3121/xilinx_tcf/Digilent/210351B102DBA}
INFO: [Labtoolstcl 44-464] Closing hw_target localhost:3121/xilinx_tcf/Digilent/210351B102DBA
open_hw_target {localhost:3121/xilinx_tcf/Digilent/210183BE0FCEA}
INFO: [Labtoolstcl 44-466] Opening hw_target localhost:3121/xilinx_tcf/Digilent/210183BE0FCEA
set_property PROGRAM.FILE {D:/260807_AIGIS_inseok/basys3project_inseok_jeong/vivado/basys3_secure_v2.runs/impl_1/basys3_secure_rack_control.bit} [get_hw_devices xc7a35t_0]
current_hw_device [get_hw_devices xc7a35t_0]
refresh_hw_device -update_hw_probes false [lindex [get_hw_devices xc7a35t_0] 0]
INFO: [Labtools 27-1434] Device xc7a35t (JTAG device index = 0) is programmed with a design that has no supported debug core(s) in it.
set_property PROBES.FILE {} [get_hw_devices xc7a35t_0]
set_property FULL_PROBES.FILE {} [get_hw_devices xc7a35t_0]
set_property PROGRAM.FILE {D:/260807_AIGIS_inseok/basys3project_inseok_jeong/vivado/basys3_secure_v2.runs/impl_1/basys3_secure_rack_control.bit} [get_hw_devices xc7a35t_0]
program_hw_devices [get_hw_devices xc7a35t_0]
INFO: [Labtools 27-3164] End of startup status: HIGH
refresh_hw_device [lindex [get_hw_devices xc7a35t_0] 0]
INFO: [Labtools 27-1434] Device xc7a35t (JTAG device index = 0) is programmed with a design that has no supported debug core(s) in it.
exit
INFO: [Common 17-206] Exiting Vivado at Thu Aug 13 11:45:13 2026...
