Copyright 1986-2020 Xilinx, Inc. All Rights Reserved.
---------------------------------------------------------------------------------------------------------------------------
| Tool Version : Vivado v.2020.2 (win64) Build 3064766 Wed Nov 18 09:12:45 MST 2020
| Date         : Thu Aug  6 14:45:04 2026
| Host         : DESKTOP-7CFQ9ND running 64-bit major release  (build 9200)
| Command      : report_timing_summary -file D:/260805_AIGIS_Version_2/.build_plaintext_r_zybo/zybo_plaintext_r_timing.rpt
| Design       : zybo_secure_control_unit_v2
| Device       : 7z020-clg400
| Speed File   : -1  PRODUCTION 1.12 2019-11-22
---------------------------------------------------------------------------------------------------------------------------

Timing Summary Report

------------------------------------------------------------------------------------------------
| Timer Settings
| --------------
------------------------------------------------------------------------------------------------

  Enable Multi Corner Analysis               :  Yes
  Enable Pessimism Removal                   :  Yes
  Pessimism Removal Resolution               :  Nearest Common Node
  Enable Input Delay Default Clock           :  No
  Enable Preset / Clear Arcs                 :  No
  Disable Flight Delays                      :  No
  Ignore I/O Paths                           :  No
  Timing Early Launch at Borrowing Latches   :  No
  Borrow Time for Max Delay Exceptions       :  Yes
  Merge Timing Exceptions                    :  Yes

  Corner  Analyze    Analyze    
  Name    Max Paths  Min Paths  
  ------  ---------  ---------  
  Slow    Yes        Yes        
  Fast    Yes        Yes        



check_timing report

Table of Contents
-----------------
1. checking no_clock (0)
2. checking constant_clock (0)
3. checking pulse_width_clock (0)
4. checking unconstrained_internal_endpoints (0)
5. checking no_input_delay (6)
6. checking no_output_delay (5)
7. checking multiple_clock (0)
8. checking generated_clocks (0)
9. checking loops (0)
10. checking partial_input_delay (0)
11. checking partial_output_delay (0)
12. checking latch_loops (0)

1. checking no_clock (0)
------------------------
 There are 0 register/latch pins with no clock.


2. checking constant_clock (0)
------------------------------
 There are 0 register/latch pins with constant_clock.


3. checking pulse_width_clock (0)
---------------------------------
 There are 0 register/latch pins which need pulse_width check


4. checking unconstrained_internal_endpoints (0)
------------------------------------------------
 There are 0 pins that are not constrained for maximum delay.

 There are 0 pins that are not constrained for maximum delay due to constant clock.


5. checking no_input_delay (6)
------------------------------
 There are 6 input ports with no input delay specified. (HIGH)

 There are 0 input ports with no input delay but user has a false path constraint.


6. checking no_output_delay (5)
-------------------------------
 There are 5 ports with no output delay specified. (HIGH)

 There are 0 ports with no output delay but user has a false path constraint

 There are 0 ports with no output delay but with a timing clock defined on it or propagating through it


7. checking multiple_clock (0)
------------------------------
 There are 0 register/latch pins with multiple clocks.


8. checking generated_clocks (0)
--------------------------------
 There are 0 generated clocks that are not connected to a clock source.


9. checking loops (0)
---------------------
 There are 0 combinational loops in the design.


10. checking partial_input_delay (0)
------------------------------------
 There are 0 input ports with partial input delay specified.


11. checking partial_output_delay (0)
-------------------------------------
 There are 0 ports with partial output delay specified.


12. checking latch_loops (0)
----------------------------
 There are 0 combinational latch loops in the design through latch input



------------------------------------------------------------------------------------------------
| Design Timing Summary
| ---------------------
------------------------------------------------------------------------------------------------

    WNS(ns)      TNS(ns)  TNS Failing Endpoints  TNS Total Endpoints      WHS(ns)      THS(ns)  THS Failing Endpoints  THS Total Endpoints     WPWS(ns)     TPWS(ns)  TPWS Failing Endpoints  TPWS Total Endpoints  
    -------      -------  ---------------------  -------------------      -------      -------  ---------------------  -------------------     --------     --------  ----------------------  --------------------  
      0.281        0.000                      0                56845        0.012        0.000                      0                56845        3.500        0.000                       0                 23390  


All user specified timing constraints are met.


------------------------------------------------------------------------------------------------
| Clock Summary
| -------------
------------------------------------------------------------------------------------------------

Clock        Waveform(ns)         Period(ns)      Frequency(MHz)
-----        ------------         ----------      --------------
sys_clk_pin  {0.000 4.000}        8.000           125.000         


------------------------------------------------------------------------------------------------
| Intra Clock Table
| -----------------
------------------------------------------------------------------------------------------------

Clock             WNS(ns)      TNS(ns)  TNS Failing Endpoints  TNS Total Endpoints      WHS(ns)      THS(ns)  THS Failing Endpoints  THS Total Endpoints     WPWS(ns)     TPWS(ns)  TPWS Failing Endpoints  TPWS Total Endpoints  
-----             -------      -------  ---------------------  -------------------      -------      -------  ---------------------  -------------------     --------     --------  ----------------------  --------------------  
sys_clk_pin         0.281        0.000                      0                56845        0.012        0.000                      0                56845        3.500        0.000                       0                 23390  


------------------------------------------------------------------------------------------------
| Inter Clock Table
| -----------------
------------------------------------------------------------------------------------------------

From Clock    To Clock          WNS(ns)      TNS(ns)  TNS Failing Endpoints  TNS Total Endpoints      WHS(ns)      THS(ns)  THS Failing Endpoints  THS Total Endpoints  
----------    --------          -------      -------  ---------------------  -------------------      -------      -------  ---------------------  -------------------  


------------------------------------------------------------------------------------------------
| Other Path Groups Table
| -----------------------
------------------------------------------------------------------------------------------------

Path Group    From Clock    To Clock          WNS(ns)      TNS(ns)  TNS Failing Endpoints  TNS Total Endpoints      WHS(ns)      THS(ns)  THS Failing Endpoints  THS Total Endpoints  
----------    ----------    --------          -------      -------  ---------------------  -------------------      -------      -------  ---------------------  -------------------  


------------------------------------------------------------------------------------------------
| Timing Details
| --------------
------------------------------------------------------------------------------------------------


---------------------------------------------------------------------------------------------------
From Clock:  sys_clk_pin
  To Clock:  sys_clk_pin

Setup :            0  Failing Endpoints,  Worst Slack        0.281ns,  Total Violation        0.000ns
Hold  :            0  Failing Endpoints,  Worst Slack        0.012ns,  Total Violation        0.000ns
PW    :            0  Failing Endpoints,  Worst Slack        3.500ns,  Total Violation        0.000ns
---------------------------------------------------------------------------------------------------


Max Delay Paths
--------------------------------------------------------------------------------------
Slack (MET) :             0.281ns  (required time - arrival time)
  Source:                 u_shared_decrypt/u_decrypt_ip/u_gcm_decrypt/u_ghash/bit_index_reg[1]/C
                            (rising edge-triggered cell FDRE clocked by sys_clk_pin  {rise@0.000ns fall@4.000ns period=8.000ns})
  Destination:            u_shared_decrypt/u_decrypt_ip/u_gcm_decrypt/u_ghash/ghash_reg[5]/D
                            (rising edge-triggered cell FDRE clocked by sys_clk_pin  {rise@0.000ns fall@4.000ns period=8.000ns})
  Path Group:             sys_clk_pin
  Path Type:              Setup (Max at Slow Process Corner)
  Requirement:            8.000ns  (sys_clk_pin rise@8.000ns - sys_clk_pin rise@0.000ns)
  Data Path Delay:        7.316ns  (logic 2.032ns (27.775%)  route 5.284ns (72.225%))
  Logic Levels:           6  (LUT3=2 LUT6=2 MUXF7=2)
  Clock Path Skew:        -0.098ns (DCD - SCD + CPR)
    Destination Clock Delay (DCD):    5.266ns = ( 13.266 - 8.000 ) 
    Source Clock Delay      (SCD):    5.788ns
    Clock Pessimism Removal (CPR):    0.424ns
  Clock Uncertainty:      0.035ns  ((TSJ^2 + TIJ^2)^1/2 + DJ) / 2 + PE
    Total System Jitter     (TSJ):    0.071ns
    Total Input Jitter      (TIJ):    0.000ns
    Discrete Jitter          (DJ):    0.000ns
    Phase Error              (PE):    0.000ns

    Location             Delay type                Incr(ns)  Path(ns)    Netlist Resource(s)
  -------------------------------------------------------------------    -------------------
                         (clock sys_clk_pin rise edge)
                                                      0.000     0.000 r  
    K17                                               0.000     0.000 r  clk (IN)
                         net (fo=0)                   0.000     0.000    clk
    K17                  IBUF (Prop_ibuf_I_O)         1.475     1.475 r  clk_IBUF_inst/O
                         net (fo=1, routed)           2.522     3.997    clk_IBUF
    BUFGCTRL_X0Y16       BUFG (Prop_bufg_I_O)         0.101     4.098 r  clk_IBUF_BUFG_inst/O
                         net (fo=23389, routed)       1.690     5.788    u_shared_decrypt/u_decrypt_ip/u_gcm_decrypt/u_ghash/clk_IBUF_BUFG
    SLICE_X31Y67         FDRE                                         r  u_shared_decrypt/u_decrypt_ip/u_gcm_decrypt/u_ghash/bit_index_reg[1]/C
  -------------------------------------------------------------------    -------------------
    SLICE_X31Y67         FDRE (Prop_fdre_C_Q)         0.456     6.244 r  u_shared_decrypt/u_decrypt_ip/u_gcm_decrypt/u_ghash/bit_index_reg[1]/Q
                         net (fo=60, routed)          0.767     7.011    u_shared_decrypt/u_decrypt_ip/u_gcm_decrypt/u_ghash/bit_index_reg_n_0_[1]
    SLICE_X31Y67         LUT3 (Prop_lut3_I2_O)        0.149     7.160 r  u_shared_decrypt/u_decrypt_ip/u_gcm_decrypt/u_ghash/y[127]_i_48__2/O
                         net (fo=4, routed)           0.850     8.009    u_shared_decrypt/u_decrypt_ip/u_gcm_decrypt/u_ghash/y[127]_i_48__2_n_0
    SLICE_X36Y63         MUXF7 (Prop_muxf7_S_O)       0.500     8.509 r  u_shared_decrypt/u_decrypt_ip/u_gcm_decrypt/u_ghash/y_reg[127]_i_26/O
                         net (fo=1, routed)           0.631     9.140    u_shared_decrypt/u_decrypt_ip/u_gcm_decrypt/u_ghash/y_reg[127]_i_26_n_0
    SLICE_X35Y66         LUT6 (Prop_lut6_I4_O)        0.297     9.437 r  u_shared_decrypt/u_decrypt_ip/u_gcm_decrypt/u_ghash/y[127]_i_14__2/O
                         net (fo=1, routed)           0.789    10.226    u_shared_decrypt/u_decrypt_ip/u_gcm_decrypt/u_ghash/y[127]_i_14__2_n_0
    SLICE_X31Y69         LUT6 (Prop_lut6_I5_O)        0.124    10.350 r  u_shared_decrypt/u_decrypt_ip/u_gcm_decrypt/u_ghash/y[127]_i_6__2/O
                         net (fo=1, routed)           0.000    10.350    u_shared_decrypt/u_decrypt_ip/u_gcm_decrypt/u_ghash/y[127]_i_6__2_n_0
    SLICE_X31Y69         MUXF7 (Prop_muxf7_I0_O)      0.212    10.562 r  u_shared_decrypt/u_decrypt_ip/u_gcm_decrypt/u_ghash/y_reg[127]_i_4__1/O
                         net (fo=256, routed)         1.696    12.258    u_shared_decrypt/u_decrypt_ip/u_gcm_decrypt/u_ghash/y_reg[127]_i_4__1_n_0
    SLICE_X40Y57         LUT3 (Prop_lut3_I1_O)        0.294    12.552 r  u_shared_decrypt/u_decrypt_ip/u_gcm_decrypt/u_ghash/z[5]_i_1__2/O
                         net (fo=2, routed)           0.551    13.104    u_shared_decrypt/u_decrypt_ip/u_gcm_decrypt/u_ghash/z_step[5]
    SLICE_X39Y57         FDRE                                         r  u_shared_decrypt/u_decrypt_ip/u_gcm_decrypt/u_ghash/ghash_reg[5]/D
  -------------------------------------------------------------------    -------------------

                         (clock sys_clk_pin rise edge)
                                                      8.000     8.000 r  
    K17                                               0.000     8.000 r  clk (IN)
                         net (fo=0)                   0.000     8.000    clk
    K17                  IBUF (Prop_ibuf_I_O)         1.404     9.404 r  clk_IBUF_inst/O
                         net (fo=1, routed)           2.293    11.697    clk_IBUF
    BUFGCTRL_X0Y16       BUFG (Prop_bufg_I_O)         0.091    11.788 r  clk_IBUF_BUFG_inst/O
                         net (fo=23389, routed)       1.478    13.266    u_shared_decrypt/u_decrypt_ip/u_gcm_decrypt/u_ghash/clk_IBUF_BUFG
    SLICE_X39Y57         FDRE                                         r  u_shared_decrypt/u_decrypt_ip/u_gcm_decrypt/u_ghash/ghash_reg[5]/C
                         clock pessimism              0.424    13.690    
                         clock uncertainty           -0.035    13.654    
    SLICE_X39Y57         FDRE (Setup_fdre_C_D)       -0.270    13.384    u_shared_decrypt/u_decrypt_ip/u_gcm_decrypt/u_ghash/ghash_reg[5]
  -------------------------------------------------------------------
                         required time                         13.384    
                         arrival time                         -13.104    
  -------------------------------------------------------------------
                         slack                                  0.281    





Min Delay Paths
--------------------------------------------------------------------------------------
Slack (MET) :             0.012ns  (arrival time - required time)
  Source:                 jetson_hold_packet_reg[344]/C
                            (rising edge-triggered cell FDCE clocked by sys_clk_pin  {rise@0.000ns fall@4.000ns period=8.000ns})
  Destination:            u_jetson_decrypt/u_decrypt_ip/u_gcm_decrypt/iv_reg_reg[88]/D
                            (rising edge-triggered cell FDRE clocked by sys_clk_pin  {rise@0.000ns fall@4.000ns period=8.000ns})
  Path Group:             sys_clk_pin
  Path Type:              Hold (Min at Fast Process Corner)
  Requirement:            0.000ns  (sys_clk_pin rise@0.000ns - sys_clk_pin rise@0.000ns)
  Data Path Delay:        0.345ns  (logic 0.141ns (40.869%)  route 0.204ns (59.131%))
  Logic Levels:           0  
  Clock Path Skew:        0.263ns (DCD - SCD - CPR)
    Destination Clock Delay (DCD):    2.180ns
    Source Clock Delay      (SCD):    1.655ns
    Clock Pessimism Removal (CPR):    0.261ns

    Location             Delay type                Incr(ns)  Path(ns)    Netlist Resource(s)
  -------------------------------------------------------------------    -------------------
                         (clock sys_clk_pin rise edge)
                                                      0.000     0.000 r  
    K17                                               0.000     0.000 r  clk (IN)
                         net (fo=0)                   0.000     0.000    clk
    K17                  IBUF (Prop_ibuf_I_O)         0.243     0.243 r  clk_IBUF_inst/O
                         net (fo=1, routed)           0.842     1.084    clk_IBUF
    BUFGCTRL_X0Y16       BUFG (Prop_bufg_I_O)         0.026     1.110 r  clk_IBUF_BUFG_inst/O
                         net (fo=23389, routed)       0.545     1.655    clk_IBUF_BUFG
    SLICE_X52Y25         FDCE                                         r  jetson_hold_packet_reg[344]/C
  -------------------------------------------------------------------    -------------------
    SLICE_X52Y25         FDCE (Prop_fdce_C_Q)         0.141     1.796 r  jetson_hold_packet_reg[344]/Q
                         net (fo=1, routed)           0.204     2.000    u_jetson_decrypt/u_decrypt_ip/u_gcm_decrypt/Q[344]
    SLICE_X48Y25         FDRE                                         r  u_jetson_decrypt/u_decrypt_ip/u_gcm_decrypt/iv_reg_reg[88]/D
  -------------------------------------------------------------------    -------------------

                         (clock sys_clk_pin rise edge)
                                                      0.000     0.000 r  
    K17                                               0.000     0.000 r  clk (IN)
                         net (fo=0)                   0.000     0.000    clk
    K17                  IBUF (Prop_ibuf_I_O)         0.431     0.431 r  clk_IBUF_inst/O
                         net (fo=1, routed)           0.907     1.338    clk_IBUF
    BUFGCTRL_X0Y16       BUFG (Prop_bufg_I_O)         0.029     1.367 r  clk_IBUF_BUFG_inst/O
                         net (fo=23389, routed)       0.813     2.180    u_jetson_decrypt/u_decrypt_ip/u_gcm_decrypt/clk_IBUF_BUFG
    SLICE_X48Y25         FDRE                                         r  u_jetson_decrypt/u_decrypt_ip/u_gcm_decrypt/iv_reg_reg[88]/C
                         clock pessimism             -0.261     1.918    
    SLICE_X48Y25         FDRE (Hold_fdre_C_D)         0.070     1.988    u_jetson_decrypt/u_decrypt_ip/u_gcm_decrypt/iv_reg_reg[88]
  -------------------------------------------------------------------
                         required time                         -1.988    
                         arrival time                           2.000    
  -------------------------------------------------------------------
                         slack                                  0.012    





Pulse Width Checks
--------------------------------------------------------------------------------------
Clock Name:         sys_clk_pin
Waveform(ns):       { 0.000 4.000 }
Period(ns):         8.000
Sources:            { clk }

Check Type        Corner  Lib Pin  Reference Pin  Required(ns)  Actual(ns)  Slack(ns)  Location        Pin
Min Period        n/a     BUFG/I   n/a            2.155         8.000       5.845      BUFGCTRL_X0Y16  clk_IBUF_BUFG_inst/I
Low Pulse Width   Slow    FDRE/C   n/a            0.500         4.000       3.500      SLICE_X99Y48    u_shared_encrypt/u_encrypt_ip/u_gcm_encrypt/u_ghash/h_reg_reg[32]/C
High Pulse Width  Fast    FDCE/C   n/a            0.500         4.000       3.500      SLICE_X52Y41    FSM_sequential_jetson_key_state_reg[0]/C



