Copyright 1986-2020 Xilinx, Inc. All Rights Reserved.
----------------------------------------------------------------------------------------------------------------------
| Tool Version : Vivado v.2020.2 (win64) Build 3064766 Wed Nov 18 09:12:45 MST 2020
| Date         : Thu Aug  6 11:34:48 2026
| Host         : DESKTOP-7CFQ9ND running 64-bit major release  (build 9200)
| Command      : report_timing_summary -file D:/260805_AIGIS_Version_2/.codex_zybo_group_split_build/synth_timing.rpt
| Design       : zybo_secure_control_unit_v2
| Device       : 7z020-clg400
| Speed File   : -1  PRODUCTION 1.12 2019-11-22
----------------------------------------------------------------------------------------------------------------------

Timing Summary Report

------------------------------------------------------------------------------------------------
| Timer Settings
| --------------
------------------------------------------------------------------------------------------------

  Enable Multi Corner Analysis               :  Yes
  Enable Pessimism Removal                   :  Yes
  Pessimism Removal Resolution               :  Nearest Common Node
  Enable Input Delay Default Clock           :  No
  Enable Preset / Clear Arcs                 :  No
  Disable Flight Delays                      :  No
  Ignore I/O Paths                           :  No
  Timing Early Launch at Borrowing Latches   :  No
  Borrow Time for Max Delay Exceptions       :  Yes
  Merge Timing Exceptions                    :  Yes

  Corner  Analyze    Analyze    
  Name    Max Paths  Min Paths  
  ------  ---------  ---------  
  Slow    Yes        Yes        
  Fast    Yes        Yes        



check_timing report

Table of Contents
-----------------
1. checking no_clock (0)
2. checking constant_clock (0)
3. checking pulse_width_clock (0)
4. checking unconstrained_internal_endpoints (0)
5. checking no_input_delay (6)
6. checking no_output_delay (5)
7. checking multiple_clock (0)
8. checking generated_clocks (0)
9. checking loops (0)
10. checking partial_input_delay (0)
11. checking partial_output_delay (0)
12. checking latch_loops (0)

1. checking no_clock (0)
------------------------
 There are 0 register/latch pins with no clock.


2. checking constant_clock (0)
------------------------------
 There are 0 register/latch pins with constant_clock.


3. checking pulse_width_clock (0)
---------------------------------
 There are 0 register/latch pins which need pulse_width check


4. checking unconstrained_internal_endpoints (0)
------------------------------------------------
 There are 0 pins that are not constrained for maximum delay.

 There are 0 pins that are not constrained for maximum delay due to constant clock.


5. checking no_input_delay (6)
------------------------------
 There are 6 input ports with no input delay specified. (HIGH)

 There are 0 input ports with no input delay but user has a false path constraint.


6. checking no_output_delay (5)
-------------------------------
 There are 5 ports with no output delay specified. (HIGH)

 There are 0 ports with no output delay but user has a false path constraint

 There are 0 ports with no output delay but with a timing clock defined on it or propagating through it


7. checking multiple_clock (0)
------------------------------
 There are 0 register/latch pins with multiple clocks.


8. checking generated_clocks (0)
--------------------------------
 There are 0 generated clocks that are not connected to a clock source.


9. checking loops (0)
---------------------
 There are 0 combinational loops in the design.


10. checking partial_input_delay (0)
------------------------------------
 There are 0 input ports with partial input delay specified.


11. checking partial_output_delay (0)
-------------------------------------
 There are 0 ports with partial output delay specified.


12. checking latch_loops (0)
----------------------------
 There are 0 combinational latch loops in the design through latch input



------------------------------------------------------------------------------------------------
| Design Timing Summary
| ---------------------
------------------------------------------------------------------------------------------------

    WNS(ns)      TNS(ns)  TNS Failing Endpoints  TNS Total Endpoints      WHS(ns)      THS(ns)  THS Failing Endpoints  THS Total Endpoints     WPWS(ns)     TPWS(ns)  TPWS Failing Endpoints  TPWS Total Endpoints  
    -------      -------  ---------------------  -------------------      -------      -------  ---------------------  -------------------     --------     --------  ----------------------  --------------------  
      0.248        0.000                      0                56588        0.132        0.000                      0                56588        3.500        0.000                       0                 23265  


All user specified timing constraints are met.


------------------------------------------------------------------------------------------------
| Clock Summary
| -------------
------------------------------------------------------------------------------------------------

Clock        Waveform(ns)         Period(ns)      Frequency(MHz)
-----        ------------         ----------      --------------
sys_clk_pin  {0.000 4.000}        8.000           125.000         


------------------------------------------------------------------------------------------------
| Intra Clock Table
| -----------------
------------------------------------------------------------------------------------------------

Clock             WNS(ns)      TNS(ns)  TNS Failing Endpoints  TNS Total Endpoints      WHS(ns)      THS(ns)  THS Failing Endpoints  THS Total Endpoints     WPWS(ns)     TPWS(ns)  TPWS Failing Endpoints  TPWS Total Endpoints  
-----             -------      -------  ---------------------  -------------------      -------      -------  ---------------------  -------------------     --------     --------  ----------------------  --------------------  
sys_clk_pin         0.248        0.000                      0                56588        0.132        0.000                      0                56588        3.500        0.000                       0                 23265  


------------------------------------------------------------------------------------------------
| Inter Clock Table
| -----------------
------------------------------------------------------------------------------------------------

From Clock    To Clock          WNS(ns)      TNS(ns)  TNS Failing Endpoints  TNS Total Endpoints      WHS(ns)      THS(ns)  THS Failing Endpoints  THS Total Endpoints  
----------    --------          -------      -------  ---------------------  -------------------      -------      -------  ---------------------  -------------------  


------------------------------------------------------------------------------------------------
| Other Path Groups Table
| -----------------------
------------------------------------------------------------------------------------------------

Path Group    From Clock    To Clock          WNS(ns)      TNS(ns)  TNS Failing Endpoints  TNS Total Endpoints      WHS(ns)      THS(ns)  THS Failing Endpoints  THS Total Endpoints  
----------    ----------    --------          -------      -------  ---------------------  -------------------      -------      -------  ---------------------  -------------------  


------------------------------------------------------------------------------------------------
| Timing Details
| --------------
------------------------------------------------------------------------------------------------


---------------------------------------------------------------------------------------------------
From Clock:  sys_clk_pin
  To Clock:  sys_clk_pin

Setup :            0  Failing Endpoints,  Worst Slack        0.248ns,  Total Violation        0.000ns
Hold  :            0  Failing Endpoints,  Worst Slack        0.132ns,  Total Violation        0.000ns
PW    :            0  Failing Endpoints,  Worst Slack        3.500ns,  Total Violation        0.000ns
---------------------------------------------------------------------------------------------------


Max Delay Paths
--------------------------------------------------------------------------------------
Slack (MET) :             0.248ns  (required time - arrival time)
  Source:                 dec_active_type_reg[4]/C
                            (rising edge-triggered cell FDCE clocked by sys_clk_pin  {rise@0.000ns fall@4.000ns period=8.000ns})
  Destination:            u_session_manager/jetson_commit_seen_reg/D
                            (rising edge-triggered cell FDCE clocked by sys_clk_pin  {rise@0.000ns fall@4.000ns period=8.000ns})
  Path Group:             sys_clk_pin
  Path Type:              Setup (Max at Slow Process Corner)
  Requirement:            8.000ns  (sys_clk_pin rise@8.000ns - sys_clk_pin rise@0.000ns)
  Data Path Delay:        7.616ns  (logic 3.533ns (46.389%)  route 4.083ns (53.611%))
  Logic Levels:           18  (CARRY4=11 LUT3=1 LUT4=3 LUT6=3)
  Clock Path Skew:        -0.145ns (DCD - SCD + CPR)
    Destination Clock Delay (DCD):    2.694ns = ( 10.694 - 8.000 ) 
    Source Clock Delay      (SCD):    2.960ns
    Clock Pessimism Removal (CPR):    0.120ns
  Clock Uncertainty:      0.035ns  ((TSJ^2 + TIJ^2)^1/2 + DJ) / 2 + PE
    Total System Jitter     (TSJ):    0.071ns
    Total Input Jitter      (TIJ):    0.000ns
    Discrete Jitter          (DJ):    0.000ns
    Phase Error              (PE):    0.000ns

    Location             Delay type                Incr(ns)  Path(ns)    Netlist Resource(s)
  -------------------------------------------------------------------    -------------------
                         (clock sys_clk_pin rise edge)
                                                      0.000     0.000 r  
    K17                                               0.000     0.000 r  clk (IN)
                         net (fo=0)                   0.000     0.000    clk
    K17                  IBUF (Prop_ibuf_I_O)         1.475     1.475 r  clk_IBUF_inst/O
                         net (fo=1, unplaced)         0.800     2.275    clk_IBUF
                         BUFG (Prop_bufg_I_O)         0.101     2.376 r  clk_IBUF_BUFG_inst/O
                         net (fo=23264, unplaced)     0.584     2.960    clk_IBUF_BUFG
                         FDCE                                         r  dec_active_type_reg[4]/C
  -------------------------------------------------------------------    -------------------
                         FDCE (Prop_fdce_C_Q)         0.478     3.438 r  dec_active_type_reg[4]/Q
                         net (fo=4, unplaced)         0.765     4.203    u_session_manager/count[2]_i_4__0_0[4]
                         LUT4 (Prop_lut4_I1_O)        0.295     4.498 f  u_session_manager/count[2]_i_6__0/O
                         net (fo=2, unplaced)         0.460     4.958    u_session_manager/count[2]_i_6__0_n_0
                         LUT6 (Prop_lut6_I1_O)        0.124     5.082 f  u_session_manager/door_cmd_to_jetson[1]_i_4/O
                         net (fo=2, unplaced)         0.460     5.542    u_shared_decrypt/u_decrypt_ip/u_gcm_decrypt/door_cmd_to_jetson_reg[0]_1
                         LUT4 (Prop_lut4_I1_O)        0.124     5.666 r  u_shared_decrypt/u_decrypt_ip/u_gcm_decrypt/jetson_ready_seen_i_9/O
                         net (fo=141, unplaced)       0.557     6.223    u_shared_decrypt/u_decrypt_ip/u_gcm_decrypt/FSM_onehot_state_reg[9]_0
                         LUT6 (Prop_lut6_I4_O)        0.124     6.347 f  u_shared_decrypt/u_decrypt_ip/u_gcm_decrypt/jetson_ready_seen_i_185/O
                         net (fo=1, unplaced)         0.902     7.249    u_shared_decrypt/u_decrypt_ip/u_gcm_decrypt/jetson_ready_seen_i_185_n_0
                         LUT3 (Prop_lut3_I0_O)        0.124     7.373 r  u_shared_decrypt/u_decrypt_ip/u_gcm_decrypt/jetson_ready_seen_i_165/O
                         net (fo=1, unplaced)         0.000     7.373    u_shared_decrypt/u_decrypt_ip/u_gcm_decrypt/jetson_ready_seen_i_165_n_0
                         CARRY4 (Prop_carry4_S[1]_CO[3])
                                                      0.533     7.906 r  u_shared_decrypt/u_decrypt_ip/u_gcm_decrypt/jetson_ready_seen_reg_i_146/CO[3]
                         net (fo=1, unplaced)         0.009     7.915    u_shared_decrypt/u_decrypt_ip/u_gcm_decrypt/jetson_ready_seen_reg_i_146_n_0
                         CARRY4 (Prop_carry4_CI_CO[3])
                                                      0.117     8.032 r  u_shared_decrypt/u_decrypt_ip/u_gcm_decrypt/jetson_ready_seen_reg_i_129/CO[3]
                         net (fo=1, unplaced)         0.000     8.032    u_shared_decrypt/u_decrypt_ip/u_gcm_decrypt/jetson_ready_seen_reg_i_129_n_0
                         CARRY4 (Prop_carry4_CI_CO[3])
                                                      0.117     8.149 r  u_shared_decrypt/u_decrypt_ip/u_gcm_decrypt/jetson_ready_seen_reg_i_112/CO[3]
                         net (fo=1, unplaced)         0.000     8.149    u_shared_decrypt/u_decrypt_ip/u_gcm_decrypt/jetson_ready_seen_reg_i_112_n_0
                         CARRY4 (Prop_carry4_CI_CO[3])
                                                      0.117     8.266 r  u_shared_decrypt/u_decrypt_ip/u_gcm_decrypt/jetson_ready_seen_reg_i_95/CO[3]
                         net (fo=1, unplaced)         0.000     8.266    u_shared_decrypt/u_decrypt_ip/u_gcm_decrypt/jetson_ready_seen_reg_i_95_n_0
                         CARRY4 (Prop_carry4_CI_CO[3])
                                                      0.117     8.383 r  u_shared_decrypt/u_decrypt_ip/u_gcm_decrypt/jetson_ready_seen_reg_i_78/CO[3]
                         net (fo=1, unplaced)         0.000     8.383    u_shared_decrypt/u_decrypt_ip/u_gcm_decrypt/jetson_ready_seen_reg_i_78_n_0
                         CARRY4 (Prop_carry4_CI_CO[3])
                                                      0.117     8.500 r  u_shared_decrypt/u_decrypt_ip/u_gcm_decrypt/jetson_ready_seen_reg_i_61/CO[3]
                         net (fo=1, unplaced)         0.000     8.500    u_shared_decrypt/u_decrypt_ip/u_gcm_decrypt/jetson_ready_seen_reg_i_61_n_0
                         CARRY4 (Prop_carry4_CI_CO[3])
                                                      0.117     8.617 r  u_shared_decrypt/u_decrypt_ip/u_gcm_decrypt/jetson_ready_seen_reg_i_44/CO[3]
                         net (fo=1, unplaced)         0.000     8.617    u_shared_decrypt/u_decrypt_ip/u_gcm_decrypt/jetson_ready_seen_reg_i_44_n_0
                         CARRY4 (Prop_carry4_CI_CO[3])
                                                      0.117     8.734 r  u_shared_decrypt/u_decrypt_ip/u_gcm_decrypt/jetson_ready_seen_reg_i_27/CO[3]
                         net (fo=1, unplaced)         0.000     8.734    u_shared_decrypt/u_decrypt_ip/u_gcm_decrypt/jetson_ready_seen_reg_i_27_n_0
                         CARRY4 (Prop_carry4_CI_CO[3])
                                                      0.117     8.851 r  u_shared_decrypt/u_decrypt_ip/u_gcm_decrypt/jetson_ready_seen_reg_i_15/CO[3]
                         net (fo=1, unplaced)         0.000     8.851    u_shared_decrypt/u_decrypt_ip/u_gcm_decrypt/jetson_ready_seen_reg_i_15_n_0
                         CARRY4 (Prop_carry4_CI_CO[3])
                                                      0.117     8.968 r  u_shared_decrypt/u_decrypt_ip/u_gcm_decrypt/jetson_ready_seen_reg_i_11/CO[3]
                         net (fo=1, unplaced)         0.000     8.968    u_shared_decrypt/u_decrypt_ip/u_gcm_decrypt/jetson_ready_seen_reg_i_11_n_0
                         CARRY4 (Prop_carry4_CI_CO[2])
                                                      0.252     9.220 r  u_shared_decrypt/u_decrypt_ip/u_gcm_decrypt/jetson_ready_seen_reg_i_10/CO[2]
                         net (fo=2, unplaced)         0.463     9.683    u_shared_decrypt/u_decrypt_ip/u_gcm_decrypt/u_session_manager/pc_ready_seen1
                         LUT4 (Prop_lut4_I0_O)        0.302     9.985 r  u_shared_decrypt/u_decrypt_ip/u_gcm_decrypt/jetson_ready_seen_i_7/O
                         net (fo=3, unplaced)         0.467    10.452    u_shared_decrypt/u_decrypt_ip/u_gcm_decrypt/jetson_ready_seen_i_7_n_0
                         LUT6 (Prop_lut6_I0_O)        0.124    10.576 r  u_shared_decrypt/u_decrypt_ip/u_gcm_decrypt/jetson_commit_seen_i_1/O
                         net (fo=1, unplaced)         0.000    10.576    u_session_manager/jetson_commit_seen0
                         FDCE                                         r  u_session_manager/jetson_commit_seen_reg/D
  -------------------------------------------------------------------    -------------------

                         (clock sys_clk_pin rise edge)
                                                      8.000     8.000 r  
    K17                                               0.000     8.000 r  clk (IN)
                         net (fo=0)                   0.000     8.000    clk
    K17                  IBUF (Prop_ibuf_I_O)         1.404     9.404 r  clk_IBUF_inst/O
                         net (fo=1, unplaced)         0.760    10.164    clk_IBUF
                         BUFG (Prop_bufg_I_O)         0.091    10.255 r  clk_IBUF_BUFG_inst/O
                         net (fo=23264, unplaced)     0.439    10.694    u_session_manager/clk_IBUF_BUFG
                         FDCE                                         r  u_session_manager/jetson_commit_seen_reg/C
                         clock pessimism              0.120    10.815    
                         clock uncertainty           -0.035    10.779    
                         FDCE (Setup_fdce_C_D)        0.044    10.823    u_session_manager/jetson_commit_seen_reg
  -------------------------------------------------------------------
                         required time                         10.823    
                         arrival time                         -10.576    
  -------------------------------------------------------------------
                         slack                                  0.248    





Min Delay Paths
--------------------------------------------------------------------------------------
Slack (MET) :             0.132ns  (arrival time - required time)
  Source:                 u_shared_encrypt/u_encrypt_ip/u_gcm_encrypt/tag_mask_reg[0]/C
                            (rising edge-triggered cell FDRE clocked by sys_clk_pin  {rise@0.000ns fall@4.000ns period=8.000ns})
  Destination:            basys_spi_tx_packet_reg[0]/D
                            (rising edge-triggered cell FDCE clocked by sys_clk_pin  {rise@0.000ns fall@4.000ns period=8.000ns})
  Path Group:             sys_clk_pin
  Path Type:              Hold (Min at Fast Process Corner)
  Requirement:            0.000ns  (sys_clk_pin rise@0.000ns - sys_clk_pin rise@0.000ns)
  Data Path Delay:        0.376ns  (logic 0.245ns (65.144%)  route 0.131ns (34.857%))
  Logic Levels:           1  (LUT2=1)
  Clock Path Skew:        0.145ns (DCD - SCD - CPR)
    Destination Clock Delay (DCD):    1.073ns
    Source Clock Delay      (SCD):    0.720ns
    Clock Pessimism Removal (CPR):    0.209ns

    Location             Delay type                Incr(ns)  Path(ns)    Netlist Resource(s)
  -------------------------------------------------------------------    -------------------
                         (clock sys_clk_pin rise edge)
                                                      0.000     0.000 r  
    K17                                               0.000     0.000 r  clk (IN)
                         net (fo=0)                   0.000     0.000    clk
    K17                  IBUF (Prop_ibuf_I_O)         0.243     0.243 r  clk_IBUF_inst/O
                         net (fo=1, unplaced)         0.337     0.580    clk_IBUF
                         BUFG (Prop_bufg_I_O)         0.026     0.606 r  clk_IBUF_BUFG_inst/O
                         net (fo=23264, unplaced)     0.114     0.720    u_shared_encrypt/u_encrypt_ip/u_gcm_encrypt/clk_IBUF_BUFG
                         FDRE                                         r  u_shared_encrypt/u_encrypt_ip/u_gcm_encrypt/tag_mask_reg[0]/C
  -------------------------------------------------------------------    -------------------
                         FDRE (Prop_fdre_C_Q)         0.147     0.867 r  u_shared_encrypt/u_encrypt_ip/u_gcm_encrypt/tag_mask_reg[0]/Q
                         net (fo=1, unplaced)         0.131     0.998    u_shared_encrypt/u_encrypt_ip/u_gcm_encrypt/tag_mask_reg_n_0_[0]
                         LUT2 (Prop_lut2_I1_O)        0.098     1.096 r  u_shared_encrypt/u_encrypt_ip/u_gcm_encrypt/packet_reg[0]_i_1/O
                         net (fo=2, unplaced)         0.000     1.096    enc_output_packet[0]
                         FDCE                                         r  basys_spi_tx_packet_reg[0]/D
  -------------------------------------------------------------------    -------------------

                         (clock sys_clk_pin rise edge)
                                                      0.000     0.000 r  
    K17                                               0.000     0.000 r  clk (IN)
                         net (fo=0)                   0.000     0.000    clk
    K17                  IBUF (Prop_ibuf_I_O)         0.431     0.431 r  clk_IBUF_inst/O
                         net (fo=1, unplaced)         0.355     0.785    clk_IBUF
                         BUFG (Prop_bufg_I_O)         0.029     0.814 r  clk_IBUF_BUFG_inst/O
                         net (fo=23264, unplaced)     0.259     1.073    clk_IBUF_BUFG
                         FDCE                                         r  basys_spi_tx_packet_reg[0]/C
                         clock pessimism             -0.209     0.865    
                         FDCE (Hold_fdce_C_D)         0.099     0.964    basys_spi_tx_packet_reg[0]
  -------------------------------------------------------------------
                         required time                         -0.964    
                         arrival time                           1.096    
  -------------------------------------------------------------------
                         slack                                  0.132    





Pulse Width Checks
--------------------------------------------------------------------------------------
Clock Name:         sys_clk_pin
Waveform(ns):       { 0.000 4.000 }
Period(ns):         8.000
Sources:            { clk }

Check Type        Corner  Lib Pin  Reference Pin  Required(ns)  Actual(ns)  Slack(ns)  Location  Pin
Min Period        n/a     BUFG/I   n/a            2.155         8.000       5.845                clk_IBUF_BUFG_inst/I
Low Pulse Width   Slow    FDCE/C   n/a            0.500         4.000       3.500                FSM_sequential_jetson_key_state_reg[0]/C
High Pulse Width  Fast    FDCE/C   n/a            0.500         4.000       3.500                FSM_sequential_jetson_key_state_reg[0]/C



