Copyright 1986-2020 Xilinx, Inc. All Rights Reserved.
----------------------------------------------------------------------------------------------------------------------------------------------------------------------------------------------------
| Tool Version     : Vivado v.2020.2 (win64) Build 3064766 Wed Nov 18 09:12:45 MST 2020
| Date             : Tue Aug 11 11:29:54 2026
| Host             : DESKTOP-7CFQ9ND running 64-bit major release  (build 9200)
| Command          : report_power -file basys3_secure_rack_control_power_routed.rpt -pb basys3_secure_rack_control_power_summary_routed.pb -rpx basys3_secure_rack_control_power_routed.rpx
| Design           : basys3_secure_rack_control
| Device           : xc7a35tcpg236-1
| Design State     : routed
| Grade            : commercial
| Process          : typical
| Characterization : Production
----------------------------------------------------------------------------------------------------------------------------------------------------------------------------------------------------

Power Report

Table of Contents
-----------------
1. Summary
1.1 On-Chip Components
1.2 Power Supply Summary
1.3 Confidence Level
2. Settings
2.1 Environment
2.2 Clock Constraints
3. Detailed Reports
3.1 By Hierarchy

1. Summary
----------

+--------------------------+--------------+
| Total On-Chip Power (W)  | 0.444        |
| Design Power Budget (W)  | Unspecified* |
| Power Budget Margin (W)  | NA           |
| Dynamic (W)              | 0.370        |
| Device Static (W)        | 0.074        |
| Effective TJA (C/W)      | 5.0          |
| Max Ambient (C)          | 82.8         |
| Junction Temperature (C) | 27.2         |
| Confidence Level         | Low          |
| Setting File             | ---          |
| Simulation Activity File | ---          |
| Design Nets Matched      | NA           |
+--------------------------+--------------+
* Specify Design Power Budget using, set_operating_conditions -design_power_budget <value in Watts>


1.1 On-Chip Components
----------------------

+----------------+-----------+----------+-----------+-----------------+
| On-Chip        | Power (W) | Used     | Available | Utilization (%) |
+----------------+-----------+----------+-----------+-----------------+
| Clocks         |     0.026 |        6 |       --- |             --- |
| Slice Logic    |     0.103 |    41351 |       --- |             --- |
|   LUT as Logic |     0.096 |    19826 |     20800 |           95.32 |
|   F7/F8 Muxes  |     0.005 |     7780 |     32600 |           23.87 |
|   Register     |     0.001 |    11279 |     41600 |           27.11 |
|   CARRY4       |    <0.001 |      279 |      8150 |            3.42 |
|   BUFG         |    <0.001 |        1 |        32 |            3.13 |
|   Others       |     0.000 |       66 |       --- |             --- |
| Signals        |     0.114 |    18552 |       --- |             --- |
| Block RAM      |     0.010 |       36 |        50 |           72.00 |
| MMCM           |     0.106 |        1 |         5 |           20.00 |
| I/O            |     0.011 |       47 |       106 |           44.34 |
| Static Power   |     0.074 |          |           |                 |
| Total          |     0.444 |          |           |                 |
+----------------+-----------+----------+-----------+-----------------+


1.2 Power Supply Summary
------------------------

+-----------+-------------+-----------+-------------+------------+-------------+-------------+------------+
| Source    | Voltage (V) | Total (A) | Dynamic (A) | Static (A) | Powerup (A) | Budget (A)  | Margin (A) |
+-----------+-------------+-----------+-------------+------------+-------------+-------------+------------+
| Vccint    |       1.000 |     0.264 |       0.253 |      0.011 |       NA    | Unspecified | NA         |
| Vccaux    |       1.800 |     0.072 |       0.059 |      0.013 |       NA    | Unspecified | NA         |
| Vcco33    |       3.300 |     0.004 |       0.003 |      0.001 |       NA    | Unspecified | NA         |
| Vcco25    |       2.500 |     0.000 |       0.000 |      0.000 |       NA    | Unspecified | NA         |
| Vcco18    |       1.800 |     0.000 |       0.000 |      0.000 |       NA    | Unspecified | NA         |
| Vcco15    |       1.500 |     0.000 |       0.000 |      0.000 |       NA    | Unspecified | NA         |
| Vcco135   |       1.350 |     0.000 |       0.000 |      0.000 |       NA    | Unspecified | NA         |
| Vcco12    |       1.200 |     0.000 |       0.000 |      0.000 |       NA    | Unspecified | NA         |
| Vccaux_io |       1.800 |     0.000 |       0.000 |      0.000 |       NA    | Unspecified | NA         |
| Vccbram   |       1.000 |     0.002 |       0.001 |      0.001 |       NA    | Unspecified | NA         |
| MGTAVcc   |       1.000 |     0.000 |       0.000 |      0.000 |       NA    | Unspecified | NA         |
| MGTAVtt   |       1.200 |     0.000 |       0.000 |      0.000 |       NA    | Unspecified | NA         |
| Vccadc    |       1.800 |     0.020 |       0.000 |      0.020 |       NA    | Unspecified | NA         |
+-----------+-------------+-----------+-------------+------------+-------------+-------------+------------+


1.3 Confidence Level
--------------------

+-----------------------------+------------+--------------------------------------------------------+------------------------------------------------------------------------------------------------------------+
| User Input Data             | Confidence | Details                                                | Action                                                                                                     |
+-----------------------------+------------+--------------------------------------------------------+------------------------------------------------------------------------------------------------------------+
| Design implementation state | High       | Design is routed                                       |                                                                                                            |
| Clock nodes activity        | High       | User specified more than 95% of clocks                 |                                                                                                            |
| I/O nodes activity          | Low        | More than 75% of inputs are missing user specification | Provide missing input activity with simulation results or by editing the "By Resource Type -> I/Os" view   |
| Internal nodes activity     | Medium     | User specified less than 25% of internal nodes         | Provide missing internal nodes activity with simulation results or by editing the "By Resource Type" views |
| Device models               | High       | Device models are Production                           |                                                                                                            |
|                             |            |                                                        |                                                                                                            |
| Overall confidence level    | Low        |                                                        |                                                                                                            |
+-----------------------------+------------+--------------------------------------------------------+------------------------------------------------------------------------------------------------------------+


2. Settings
-----------

2.1 Environment
---------------

+-----------------------+--------------------------+
| Ambient Temp (C)      | 25.0                     |
| ThetaJA (C/W)         | 5.0                      |
| Airflow (LFM)         | 250                      |
| Heat Sink             | medium (Medium Profile)  |
| ThetaSA (C/W)         | 4.6                      |
| Board Selection       | medium (10"x10")         |
| # of Board Layers     | 12to15 (12 to 15 Layers) |
| Board Temperature (C) | 25.0                     |
+-----------------------+--------------------------+


2.2 Clock Constraints
---------------------

+--------------------+---------------------------------------------+-----------------+
| Clock              | Domain                                      | Constraint (ns) |
+--------------------+---------------------------------------------+-----------------+
| cam_pclk           | pclk                                        |            40.0 |
| clk_25M_clk_wiz_0  | U_CAM_SET/U_CLK_WIZ/inst/clk_25M_clk_wiz_0  |            40.0 |
| clkfbout_clk_wiz_0 | U_CAM_SET/U_CLK_WIZ/inst/clkfbout_clk_wiz_0 |            10.0 |
| sys_clk_pin        | clk                                         |            10.0 |
+--------------------+---------------------------------------------+-----------------+


3. Detailed Reports
-------------------

3.1 By Hierarchy
----------------

+----------------------------+-----------+
| Name                       | Power (W) |
+----------------------------+-----------+
| basys3_secure_rack_control |     0.370 |
|   U_CAM_SET                |     0.117 |
|     U_CAM_FRAMEBUFFER      |     0.010 |
|     U_CLK_WIZ              |     0.106 |
|       inst                 |     0.106 |
|   u_command_decrypt        |     0.111 |
|     u_decrypt_ip           |     0.111 |
|       u_gcm_decrypt        |     0.075 |
|       u_key_schedule       |     0.036 |
|   u_spi_slave              |     0.005 |
|   u_status_encrypt         |     0.116 |
|     u_encrypt_ip           |     0.116 |
|       u_gcm_encrypt        |     0.078 |
|       u_key_schedule       |     0.038 |
+----------------------------+-----------+


