Copyright 1986-2020 Xilinx, Inc. All Rights Reserved.
-----------------------------------------------------------------------------------------------------------------------------
| Tool Version : Vivado v.2020.2 (win64) Build 3064766 Wed Nov 18 09:12:45 MST 2020
| Date         : Thu Aug  6 13:29:58 2026
| Host         : DESKTOP-7CFQ9ND running 64-bit major release  (build 9200)
| Command      : report_timing_summary -file D:/260805_AIGIS_Version_2/.build_plaintext_r_basys/basys_plaintext_r_timing.rpt
| Design       : basys3_secure_rack_control
| Device       : 7a35t-cpg236
| Speed File   : -1  PRODUCTION 1.23 2018-06-13
-----------------------------------------------------------------------------------------------------------------------------

Timing Summary Report

------------------------------------------------------------------------------------------------
| Timer Settings
| --------------
------------------------------------------------------------------------------------------------

  Enable Multi Corner Analysis               :  Yes
  Enable Pessimism Removal                   :  Yes
  Pessimism Removal Resolution               :  Nearest Common Node
  Enable Input Delay Default Clock           :  No
  Enable Preset / Clear Arcs                 :  No
  Disable Flight Delays                      :  No
  Ignore I/O Paths                           :  No
  Timing Early Launch at Borrowing Latches   :  No
  Borrow Time for Max Delay Exceptions       :  Yes
  Merge Timing Exceptions                    :  Yes

  Corner  Analyze    Analyze    
  Name    Max Paths  Min Paths  
  ------  ---------  ---------  
  Slow    Yes        Yes        
  Fast    Yes        Yes        



check_timing report

Table of Contents
-----------------
1. checking no_clock (0)
2. checking constant_clock (0)
3. checking pulse_width_clock (0)
4. checking unconstrained_internal_endpoints (0)
5. checking no_input_delay (18)
6. checking no_output_delay (29)
7. checking multiple_clock (0)
8. checking generated_clocks (0)
9. checking loops (0)
10. checking partial_input_delay (0)
11. checking partial_output_delay (0)
12. checking latch_loops (0)

1. checking no_clock (0)
------------------------
 There are 0 register/latch pins with no clock.


2. checking constant_clock (0)
------------------------------
 There are 0 register/latch pins with constant_clock.


3. checking pulse_width_clock (0)
---------------------------------
 There are 0 register/latch pins which need pulse_width check


4. checking unconstrained_internal_endpoints (0)
------------------------------------------------
 There are 0 pins that are not constrained for maximum delay.

 There are 0 pins that are not constrained for maximum delay due to constant clock.


5. checking no_input_delay (18)
-------------------------------
 There are 18 input ports with no input delay specified. (HIGH)

 There are 0 input ports with no input delay but user has a false path constraint.


6. checking no_output_delay (29)
--------------------------------
 There are 29 ports with no output delay specified. (HIGH)

 There are 0 ports with no output delay but user has a false path constraint

 There are 0 ports with no output delay but with a timing clock defined on it or propagating through it


7. checking multiple_clock (0)
------------------------------
 There are 0 register/latch pins with multiple clocks.


8. checking generated_clocks (0)
--------------------------------
 There are 0 generated clocks that are not connected to a clock source.


9. checking loops (0)
---------------------
 There are 0 combinational loops in the design.


10. checking partial_input_delay (0)
------------------------------------
 There are 0 input ports with partial input delay specified.


11. checking partial_output_delay (0)
-------------------------------------
 There are 0 ports with partial output delay specified.


12. checking latch_loops (0)
----------------------------
 There are 0 combinational latch loops in the design through latch input



------------------------------------------------------------------------------------------------
| Design Timing Summary
| ---------------------
------------------------------------------------------------------------------------------------

    WNS(ns)      TNS(ns)  TNS Failing Endpoints  TNS Total Endpoints      WHS(ns)      THS(ns)  THS Failing Endpoints  THS Total Endpoints     WPWS(ns)     TPWS(ns)  TPWS Failing Endpoints  TPWS Total Endpoints  
    -------      -------  ---------------------  -------------------      -------      -------  ---------------------  -------------------     --------     --------  ----------------------  --------------------  
      1.594        0.000                      0                28330        0.049        0.000                      0                28330        3.000        0.000                       0                 11360  


All user specified timing constraints are met.


------------------------------------------------------------------------------------------------
| Clock Summary
| -------------
------------------------------------------------------------------------------------------------

Clock                 Waveform(ns)       Period(ns)      Frequency(MHz)
-----                 ------------       ----------      --------------
cam_pclk              {0.000 20.000}     40.000          25.000          
sys_clk_pin           {0.000 5.000}      10.000          100.000         
  clk_25M_clk_wiz_0   {0.000 20.000}     40.000          25.000          
  clkfbout_clk_wiz_0  {0.000 5.000}      10.000          100.000         
  vga_rclk            {0.000 20.000}     40.000          25.000          


------------------------------------------------------------------------------------------------
| Intra Clock Table
| -----------------
------------------------------------------------------------------------------------------------

Clock                     WNS(ns)      TNS(ns)  TNS Failing Endpoints  TNS Total Endpoints      WHS(ns)      THS(ns)  THS Failing Endpoints  THS Total Endpoints     WPWS(ns)     TPWS(ns)  TPWS Failing Endpoints  TPWS Total Endpoints  
-----                     -------      -------  ---------------------  -------------------      -------      -------  ---------------------  -------------------     --------     --------  ----------------------  --------------------  
cam_pclk                   25.761        0.000                      0                 1266        0.131        0.000                      0                 1266       19.500        0.000                       0                   349  
sys_clk_pin                 1.594        0.000                      0                26452        0.049        0.000                      0                26452        3.000        0.000                       0                 10967  
  clk_25M_clk_wiz_0                                                                                                                                                    37.845        0.000                       0                     2  
  clkfbout_clk_wiz_0                                                                                                                                                    7.845        0.000                       0                     3  
  vga_rclk                                                                                                                                                             19.500        0.000                       0                    39  


------------------------------------------------------------------------------------------------
| Inter Clock Table
| -----------------
------------------------------------------------------------------------------------------------

From Clock    To Clock          WNS(ns)      TNS(ns)  TNS Failing Endpoints  TNS Total Endpoints      WHS(ns)      THS(ns)  THS Failing Endpoints  THS Total Endpoints  
----------    --------          -------      -------  ---------------------  -------------------      -------      -------  ---------------------  -------------------  
vga_rclk      sys_clk_pin         6.323        0.000                      0                   20        0.633        0.000                      0                   20  
sys_clk_pin   vga_rclk            2.066        0.000                      0                  602        0.102        0.000                      0                  602  


------------------------------------------------------------------------------------------------
| Other Path Groups Table
| -----------------------
------------------------------------------------------------------------------------------------

Path Group    From Clock    To Clock          WNS(ns)      TNS(ns)  TNS Failing Endpoints  TNS Total Endpoints      WHS(ns)      THS(ns)  THS Failing Endpoints  THS Total Endpoints  
----------    ----------    --------          -------      -------  ---------------------  -------------------      -------      -------  ---------------------  -------------------  


------------------------------------------------------------------------------------------------
| Timing Details
| --------------
------------------------------------------------------------------------------------------------


---------------------------------------------------------------------------------------------------
From Clock:  cam_pclk
  To Clock:  cam_pclk

Setup :            0  Failing Endpoints,  Worst Slack       25.761ns,  Total Violation        0.000ns
Hold  :            0  Failing Endpoints,  Worst Slack        0.131ns,  Total Violation        0.000ns
PW    :            0  Failing Endpoints,  Worst Slack       19.500ns,  Total Violation        0.000ns
---------------------------------------------------------------------------------------------------


Max Delay Paths
--------------------------------------------------------------------------------------
Slack (MET) :             25.761ns  (required time - arrival time)
  Source:                 U_CAM_SET/U_CAM_CTRL/pixelData_reg[5]/C
                            (rising edge-triggered cell FDRE clocked by cam_pclk  {rise@0.000ns fall@20.000ns period=40.000ns})
  Destination:            U_LED_SET/U_ZONE_MONITOR/red_cnt_reg[4][0]/CE
                            (rising edge-triggered cell FDCE clocked by cam_pclk  {rise@0.000ns fall@20.000ns period=40.000ns})
  Path Group:             cam_pclk
  Path Type:              Setup (Max at Slow Process Corner)
  Requirement:            40.000ns  (cam_pclk rise@40.000ns - cam_pclk rise@0.000ns)
  Data Path Delay:        14.035ns  (logic 2.801ns (19.957%)  route 11.234ns (80.043%))
  Logic Levels:           12  (CARRY4=3 LUT2=1 LUT5=2 LUT6=6)
  Clock Path Skew:        0.036ns (DCD - SCD + CPR)
    Destination Clock Delay (DCD):    5.139ns = ( 45.139 - 40.000 ) 
    Source Clock Delay      (SCD):    5.603ns
    Clock Pessimism Removal (CPR):    0.500ns
  Clock Uncertainty:      0.035ns  ((TSJ^2 + TIJ^2)^1/2 + DJ) / 2 + PE
    Total System Jitter     (TSJ):    0.071ns
    Total Input Jitter      (TIJ):    0.000ns
    Discrete Jitter          (DJ):    0.000ns
    Phase Error              (PE):    0.000ns

    Location             Delay type                Incr(ns)  Path(ns)    Netlist Resource(s)
  -------------------------------------------------------------------    -------------------
                         (clock cam_pclk rise edge)
                                                      0.000     0.000 r  
    N1                                                0.000     0.000 r  pclk (IN)
                         net (fo=0)                   0.000     0.000    pclk
    N1                   IBUF (Prop_ibuf_I_O)         1.455     1.455 r  pclk_IBUF_inst/O
                         net (fo=1, routed)           2.488     3.943    pclk_IBUF
    BUFGCTRL_X0Y2        BUFG (Prop_bufg_I_O)         0.096     4.039 r  pclk_IBUF_BUFG_inst/O
                         net (fo=348, routed)         1.564     5.603    U_CAM_SET/U_CAM_CTRL/pclk_IBUF_BUFG
    SLICE_X10Y35         FDRE                                         r  U_CAM_SET/U_CAM_CTRL/pixelData_reg[5]/C
  -------------------------------------------------------------------    -------------------
    SLICE_X10Y35         FDRE (Prop_fdre_C_Q)         0.518     6.121 f  U_CAM_SET/U_CAM_CTRL/pixelData_reg[5]/Q
                         net (fo=12, routed)          1.747     7.868    U_CAM_SET/U_CAM_CTRL/cam_wData[5]
    SLICE_X14Y38         LUT6 (Prop_lut6_I1_O)        0.124     7.992 r  U_CAM_SET/U_CAM_CTRL/delta_carry_i_26/O
                         net (fo=1, routed)           1.012     9.004    U_CAM_SET/U_CAM_CTRL/delta_carry_i_26_n_0
    SLICE_X12Y38         LUT6 (Prop_lut6_I4_O)        0.124     9.128 r  U_CAM_SET/U_CAM_CTRL/delta_carry_i_18/O
                         net (fo=6, routed)           0.835     9.963    U_CAM_SET/U_CAM_CTRL/delta_carry_i_18_n_0
    SLICE_X12Y36         LUT6 (Prop_lut6_I0_O)        0.124    10.087 r  U_CAM_SET/U_CAM_CTRL/delta_carry_i_11/O
                         net (fo=6, routed)           0.944    11.031    U_CAM_SET/U_CAM_CTRL/delta_carry_i_11_n_0
    SLICE_X10Y37         LUT5 (Prop_lut5_I3_O)        0.124    11.155 r  U_CAM_SET/U_CAM_CTRL/delta_carry_i_9/O
                         net (fo=7, routed)           1.502    12.657    U_CAM_SET/U_CAM_CTRL/max_val_ext[3]
    SLICE_X10Y38         LUT6 (Prop_lut6_I0_O)        0.124    12.781 r  U_CAM_SET/U_CAM_CTRL/delta_carry_i_5/O
                         net (fo=1, routed)           0.000    12.781    U_LED_SET/U_PIXEL_CLASS/red_cnt[0][13]_i_6[3]
    SLICE_X10Y38         CARRY4 (Prop_carry4_S[3]_CO[3])
                                                      0.376    13.157 r  U_LED_SET/U_PIXEL_CLASS/delta_carry/CO[3]
                         net (fo=1, routed)           0.000    13.157    U_LED_SET/U_PIXEL_CLASS/delta_carry_n_0
    SLICE_X10Y39         CARRY4 (Prop_carry4_CI_O[0])
                                                      0.219    13.376 f  U_LED_SET/U_PIXEL_CLASS/delta_carry__0/O[0]
                         net (fo=5, routed)           0.812    14.188    U_LED_SET/U_PIXEL_CLASS/p_0_in[4]
    SLICE_X11Y38         LUT2 (Prop_lut2_I0_O)        0.295    14.483 r  U_LED_SET/U_PIXEL_CLASS/i__carry_i_4/O
                         net (fo=1, routed)           0.000    14.483    U_LED_SET/U_PIXEL_CLASS/i__carry_i_4_n_0
    SLICE_X11Y38         CARRY4 (Prop_carry4_S[3]_CO[3])
                                                      0.401    14.884 r  U_LED_SET/U_PIXEL_CLASS/valid_s1_inferred__0/i__carry/CO[3]
                         net (fo=1, routed)           1.139    16.024    U_LED_SET/U_PIXEL_CLASS/valid_s111_in
    SLICE_X9Y38          LUT5 (Prop_lut5_I4_O)        0.124    16.148 f  U_LED_SET/U_PIXEL_CLASS/green_cnt[0][13]_i_17/O
                         net (fo=2, routed)           0.676    16.823    U_CAM_SET/U_CAM_CTRL/red_cnt_reg[2][0]_1
    SLICE_X9Y38          LUT6 (Prop_lut6_I0_O)        0.124    16.947 f  U_CAM_SET/U_CAM_CTRL/red_cnt[0][13]_i_5/O
                         net (fo=6, routed)           1.197    18.144    U_CAM_SET/U_CAM_CTRL/red_cnt[0][13]_i_5_n_0
    SLICE_X4Y41          LUT6 (Prop_lut6_I4_O)        0.124    18.268 r  U_CAM_SET/U_CAM_CTRL/red_cnt[4][13]_i_1/O
                         net (fo=14, routed)          1.370    19.638    U_LED_SET/U_ZONE_MONITOR/red_cnt_reg[4][0]_0[0]
    SLICE_X1Y48          FDCE                                         r  U_LED_SET/U_ZONE_MONITOR/red_cnt_reg[4][0]/CE
  -------------------------------------------------------------------    -------------------

                         (clock cam_pclk rise edge)
                                                     40.000    40.000 r  
    N1                                                0.000    40.000 r  pclk (IN)
                         net (fo=0)                   0.000    40.000    pclk
    N1                   IBUF (Prop_ibuf_I_O)         1.385    41.385 r  pclk_IBUF_inst/O
                         net (fo=1, routed)           2.143    43.527    pclk_IBUF
    BUFGCTRL_X0Y2        BUFG (Prop_bufg_I_O)         0.091    43.618 r  pclk_IBUF_BUFG_inst/O
                         net (fo=348, routed)         1.520    45.139    U_LED_SET/U_ZONE_MONITOR/CLK
    SLICE_X1Y48          FDCE                                         r  U_LED_SET/U_ZONE_MONITOR/red_cnt_reg[4][0]/C
                         clock pessimism              0.500    45.639    
                         clock uncertainty           -0.035    45.604    
    SLICE_X1Y48          FDCE (Setup_fdce_C_CE)      -0.205    45.399    U_LED_SET/U_ZONE_MONITOR/red_cnt_reg[4][0]
  -------------------------------------------------------------------
                         required time                         45.399    
                         arrival time                         -19.638    
  -------------------------------------------------------------------
                         slack                                 25.761    





Min Delay Paths
--------------------------------------------------------------------------------------
Slack (MET) :             0.131ns  (arrival time - required time)
  Source:                 U_CAM_SET/U_CAM_CTRL/wAddr_reg[12]_rep/C
                            (rising edge-triggered cell FDRE clocked by cam_pclk  {rise@0.000ns fall@20.000ns period=40.000ns})
  Destination:            U_CAM_SET/U_CAM_FRAMEBUFFER/mem_reg_1_14__0/ADDRARDADDR[12]
                            (rising edge-triggered cell RAMB36E1 clocked by cam_pclk  {rise@0.000ns fall@20.000ns period=40.000ns})
  Path Group:             cam_pclk
  Path Type:              Hold (Min at Fast Process Corner)
  Requirement:            0.000ns  (cam_pclk rise@0.000ns - cam_pclk rise@0.000ns)
  Data Path Delay:        0.628ns  (logic 0.141ns (22.469%)  route 0.487ns (77.531%))
  Logic Levels:           0  
  Clock Path Skew:        0.313ns (DCD - SCD - CPR)
    Destination Clock Delay (DCD):    2.512ns
    Source Clock Delay      (SCD):    1.845ns
    Clock Pessimism Removal (CPR):    0.354ns

    Location             Delay type                Incr(ns)  Path(ns)    Netlist Resource(s)
  -------------------------------------------------------------------    -------------------
                         (clock cam_pclk rise edge)
                                                      0.000     0.000 r  
    N1                                                0.000     0.000 r  pclk (IN)
                         net (fo=0)                   0.000     0.000    pclk
    N1                   IBUF (Prop_ibuf_I_O)         0.223     0.223 r  pclk_IBUF_inst/O
                         net (fo=1, routed)           1.034     1.257    pclk_IBUF
    BUFGCTRL_X0Y2        BUFG (Prop_bufg_I_O)         0.026     1.283 r  pclk_IBUF_BUFG_inst/O
                         net (fo=348, routed)         0.563     1.845    U_CAM_SET/U_CAM_CTRL/pclk_IBUF_BUFG
    SLICE_X39Y45         FDRE                                         r  U_CAM_SET/U_CAM_CTRL/wAddr_reg[12]_rep/C
  -------------------------------------------------------------------    -------------------
    SLICE_X39Y45         FDRE (Prop_fdre_C_Q)         0.141     1.986 r  U_CAM_SET/U_CAM_CTRL/wAddr_reg[12]_rep/Q
                         net (fo=12, routed)          0.487     2.473    U_CAM_SET/U_CAM_FRAMEBUFFER/ADDRARDADDR[12]
    RAMB36_X1Y10         RAMB36E1                                     r  U_CAM_SET/U_CAM_FRAMEBUFFER/mem_reg_1_14__0/ADDRARDADDR[12]
  -------------------------------------------------------------------    -------------------

                         (clock cam_pclk rise edge)
                                                      0.000     0.000 r  
    N1                                                0.000     0.000 r  pclk (IN)
                         net (fo=0)                   0.000     0.000    pclk
    N1                   IBUF (Prop_ibuf_I_O)         0.411     0.411 r  pclk_IBUF_inst/O
                         net (fo=1, routed)           1.197     1.608    pclk_IBUF
    BUFGCTRL_X0Y2        BUFG (Prop_bufg_I_O)         0.029     1.637 r  pclk_IBUF_BUFG_inst/O
                         net (fo=348, routed)         0.876     2.512    U_CAM_SET/U_CAM_FRAMEBUFFER/pclk_IBUF_BUFG
    RAMB36_X1Y10         RAMB36E1                                     r  U_CAM_SET/U_CAM_FRAMEBUFFER/mem_reg_1_14__0/CLKARDCLK
                         clock pessimism             -0.354     2.159    
    RAMB36_X1Y10         RAMB36E1 (Hold_ramb36e1_CLKARDCLK_ADDRARDADDR[12])
                                                      0.183     2.342    U_CAM_SET/U_CAM_FRAMEBUFFER/mem_reg_1_14__0
  -------------------------------------------------------------------
                         required time                         -2.342    
                         arrival time                           2.473    
  -------------------------------------------------------------------
                         slack                                  0.131    





Pulse Width Checks
--------------------------------------------------------------------------------------
Clock Name:         cam_pclk
Waveform(ns):       { 0.000 20.000 }
Period(ns):         40.000
Sources:            { pclk }

Check Type        Corner  Lib Pin             Reference Pin  Required(ns)  Actual(ns)  Slack(ns)  Location     Pin
Min Period        n/a     RAMB36E1/CLKARDCLK  n/a            2.892         40.000      37.108     RAMB36_X0Y5  U_CAM_SET/U_CAM_FRAMEBUFFER/mem_reg_0_3/CLKARDCLK
Low Pulse Width   Fast    FDCE/C              n/a            0.500         20.000      19.500     SLICE_X5Y46  U_LED_SET/U_ZONE_MONITOR/green_conf_reg[2][0]/C
High Pulse Width  Slow    FDCE/C              n/a            0.500         20.000      19.500     SLICE_X0Y46  U_LED_SET/U_ZONE_MONITOR/green_conf_reg[1][2]/C



---------------------------------------------------------------------------------------------------
From Clock:  sys_clk_pin
  To Clock:  sys_clk_pin

Setup :            0  Failing Endpoints,  Worst Slack        1.594ns,  Total Violation        0.000ns
Hold  :            0  Failing Endpoints,  Worst Slack        0.049ns,  Total Violation        0.000ns
PW    :            0  Failing Endpoints,  Worst Slack        3.000ns,  Total Violation        0.000ns
---------------------------------------------------------------------------------------------------


Max Delay Paths
--------------------------------------------------------------------------------------
Slack (MET) :             1.594ns  (required time - arrival time)
  Source:                 u_command_decrypt/u_decrypt_ip/u_gcm_decrypt/u_ghash/bit_index_reg[1]/C
                            (rising edge-triggered cell FDRE clocked by sys_clk_pin  {rise@0.000ns fall@5.000ns period=10.000ns})
  Destination:            u_command_decrypt/u_decrypt_ip/u_gcm_decrypt/u_ghash/ghash_reg[87]/D
                            (rising edge-triggered cell FDRE clocked by sys_clk_pin  {rise@0.000ns fall@5.000ns period=10.000ns})
  Path Group:             sys_clk_pin
  Path Type:              Setup (Max at Slow Process Corner)
  Requirement:            10.000ns  (sys_clk_pin rise@10.000ns - sys_clk_pin rise@0.000ns)
  Data Path Delay:        7.874ns  (logic 1.597ns (20.283%)  route 6.277ns (79.717%))
  Logic Levels:           6  (LUT3=3 LUT6=2 MUXF7=1)
  Clock Path Skew:        -0.173ns (DCD - SCD + CPR)
    Destination Clock Delay (DCD):    4.783ns = ( 14.783 - 10.000 ) 
    Source Clock Delay      (SCD):    5.143ns
    Clock Pessimism Removal (CPR):    0.187ns
  Clock Uncertainty:      0.035ns  ((TSJ^2 + TIJ^2)^1/2 + DJ) / 2 + PE
    Total System Jitter     (TSJ):    0.071ns
    Total Input Jitter      (TIJ):    0.000ns
    Discrete Jitter          (DJ):    0.000ns
    Phase Error              (PE):    0.000ns

    Location             Delay type                Incr(ns)  Path(ns)    Netlist Resource(s)
  -------------------------------------------------------------------    -------------------
                         (clock sys_clk_pin rise edge)
                                                      0.000     0.000 r  
    W5                                                0.000     0.000 r  clk (IN)
                         net (fo=0)                   0.000     0.000    clk
    W5                   IBUF (Prop_ibuf_I_O)         1.458     1.458 r  clk_IBUF_inst/O
                         net (fo=1, routed)           1.967     3.425    clk_IBUF
    BUFGCTRL_X0Y1        BUFG (Prop_bufg_I_O)         0.096     3.521 r  clk_IBUF_BUFG_inst/O
                         net (fo=10966, routed)       1.622     5.143    u_command_decrypt/u_decrypt_ip/u_gcm_decrypt/u_ghash/clk_IBUF_BUFG
    SLICE_X6Y91          FDRE                                         r  u_command_decrypt/u_decrypt_ip/u_gcm_decrypt/u_ghash/bit_index_reg[1]/C
  -------------------------------------------------------------------    -------------------
    SLICE_X6Y91          FDRE (Prop_fdre_C_Q)         0.518     5.661 r  u_command_decrypt/u_decrypt_ip/u_gcm_decrypt/u_ghash/bit_index_reg[1]/Q
                         net (fo=51, routed)          0.776     6.437    u_command_decrypt/u_decrypt_ip/u_gcm_decrypt/u_ghash/bit_index_reg_n_0_[1]
    SLICE_X7Y91          LUT3 (Prop_lut3_I1_O)        0.124     6.561 r  u_command_decrypt/u_decrypt_ip/u_gcm_decrypt/u_ghash/y[127]_i_34__0/O
                         net (fo=10, routed)          0.766     7.326    u_command_decrypt/u_decrypt_ip/u_gcm_decrypt/u_ghash/y[127]_i_34__0_n_0
    SLICE_X10Y89         MUXF7 (Prop_muxf7_S_O)       0.292     7.618 r  u_command_decrypt/u_decrypt_ip/u_gcm_decrypt/u_ghash/y_reg[127]_i_25/O
                         net (fo=1, routed)           0.879     8.497    u_command_decrypt/u_decrypt_ip/u_gcm_decrypt/u_ghash/y_reg[127]_i_25_n_0
    SLICE_X7Y90          LUT3 (Prop_lut3_I2_O)        0.297     8.794 r  u_command_decrypt/u_decrypt_ip/u_gcm_decrypt/u_ghash/y[127]_i_10__0/O
                         net (fo=1, routed)           0.670     9.464    u_command_decrypt/u_decrypt_ip/u_gcm_decrypt/u_ghash/y[127]_i_10__0_n_0
    SLICE_X7Y90          LUT6 (Prop_lut6_I1_O)        0.124     9.588 r  u_command_decrypt/u_decrypt_ip/u_gcm_decrypt/u_ghash/y[127]_i_5__0/O
                         net (fo=1, routed)           0.788    10.377    u_command_decrypt/u_decrypt_ip/u_gcm_decrypt/u_ghash/y[127]_i_5__0_n_0
    SLICE_X11Y92         LUT6 (Prop_lut6_I0_O)        0.124    10.501 r  u_command_decrypt/u_decrypt_ip/u_gcm_decrypt/u_ghash/y[127]_i_4/O
                         net (fo=256, routed)         1.817    12.318    u_command_decrypt/u_decrypt_ip/u_gcm_decrypt/u_ghash/y[127]_i_4_n_0
    SLICE_X48Y99         LUT3 (Prop_lut3_I1_O)        0.118    12.436 r  u_command_decrypt/u_decrypt_ip/u_gcm_decrypt/u_ghash/z[87]_i_1__0/O
                         net (fo=2, routed)           0.581    13.017    u_command_decrypt/u_decrypt_ip/u_gcm_decrypt/u_ghash/z_step[87]
    SLICE_X49Y99         FDRE                                         r  u_command_decrypt/u_decrypt_ip/u_gcm_decrypt/u_ghash/ghash_reg[87]/D
  -------------------------------------------------------------------    -------------------

                         (clock sys_clk_pin rise edge)
                                                     10.000    10.000 r  
    W5                                                0.000    10.000 r  clk (IN)
                         net (fo=0)                   0.000    10.000    clk
    W5                   IBUF (Prop_ibuf_I_O)         1.388    11.388 r  clk_IBUF_inst/O
                         net (fo=1, routed)           1.862    13.250    clk_IBUF
    BUFGCTRL_X0Y1        BUFG (Prop_bufg_I_O)         0.091    13.341 r  clk_IBUF_BUFG_inst/O
                         net (fo=10966, routed)       1.442    14.783    u_command_decrypt/u_decrypt_ip/u_gcm_decrypt/u_ghash/clk_IBUF_BUFG
    SLICE_X49Y99         FDRE                                         r  u_command_decrypt/u_decrypt_ip/u_gcm_decrypt/u_ghash/ghash_reg[87]/C
                         clock pessimism              0.187    14.970    
                         clock uncertainty           -0.035    14.934    
    SLICE_X49Y99         FDRE (Setup_fdre_C_D)       -0.324    14.610    u_command_decrypt/u_decrypt_ip/u_gcm_decrypt/u_ghash/ghash_reg[87]
  -------------------------------------------------------------------
                         required time                         14.610    
                         arrival time                         -13.017    
  -------------------------------------------------------------------
                         slack                                  1.594    





Min Delay Paths
--------------------------------------------------------------------------------------
Slack (MET) :             0.049ns  (arrival time - required time)
  Source:                 u_command_decrypt/u_decrypt_ip/u_gcm_decrypt/hash_subkey_reg[83]/C
                            (rising edge-triggered cell FDRE clocked by sys_clk_pin  {rise@0.000ns fall@5.000ns period=10.000ns})
  Destination:            u_command_decrypt/u_decrypt_ip/u_gcm_decrypt/u_ghash/v_reg[83]/D
                            (rising edge-triggered cell FDRE clocked by sys_clk_pin  {rise@0.000ns fall@5.000ns period=10.000ns})
  Path Group:             sys_clk_pin
  Path Type:              Hold (Min at Fast Process Corner)
  Requirement:            0.000ns  (sys_clk_pin rise@0.000ns - sys_clk_pin rise@0.000ns)
  Data Path Delay:        0.405ns  (logic 0.226ns (55.775%)  route 0.179ns (44.225%))
  Logic Levels:           1  (LUT5=1)
  Clock Path Skew:        0.264ns (DCD - SCD - CPR)
    Destination Clock Delay (DCD):    1.956ns
    Source Clock Delay      (SCD):    1.443ns
    Clock Pessimism Removal (CPR):    0.249ns

    Location             Delay type                Incr(ns)  Path(ns)    Netlist Resource(s)
  -------------------------------------------------------------------    -------------------
                         (clock sys_clk_pin rise edge)
                                                      0.000     0.000 r  
    W5                                                0.000     0.000 r  clk (IN)
                         net (fo=0)                   0.000     0.000    clk
    W5                   IBUF (Prop_ibuf_I_O)         0.226     0.226 r  clk_IBUF_inst/O
                         net (fo=1, routed)           0.631     0.858    clk_IBUF
    BUFGCTRL_X0Y1        BUFG (Prop_bufg_I_O)         0.026     0.884 r  clk_IBUF_BUFG_inst/O
                         net (fo=10966, routed)       0.560     1.443    u_command_decrypt/u_decrypt_ip/u_gcm_decrypt/clk_IBUF_BUFG
    SLICE_X39Y92         FDRE                                         r  u_command_decrypt/u_decrypt_ip/u_gcm_decrypt/hash_subkey_reg[83]/C
  -------------------------------------------------------------------    -------------------
    SLICE_X39Y92         FDRE (Prop_fdre_C_Q)         0.128     1.571 r  u_command_decrypt/u_decrypt_ip/u_gcm_decrypt/hash_subkey_reg[83]/Q
                         net (fo=2, routed)           0.179     1.750    u_command_decrypt/u_decrypt_ip/u_gcm_decrypt/u_ghash/Q[83]
    SLICE_X35Y93         LUT5 (Prop_lut5_I0_O)        0.098     1.848 r  u_command_decrypt/u_decrypt_ip/u_gcm_decrypt/u_ghash/v[83]_i_1__0/O
                         net (fo=1, routed)           0.000     1.848    u_command_decrypt/u_decrypt_ip/u_gcm_decrypt/u_ghash/p_2_in[83]
    SLICE_X35Y93         FDRE                                         r  u_command_decrypt/u_decrypt_ip/u_gcm_decrypt/u_ghash/v_reg[83]/D
  -------------------------------------------------------------------    -------------------

                         (clock sys_clk_pin rise edge)
                                                      0.000     0.000 r  
    W5                                                0.000     0.000 r  clk (IN)
                         net (fo=0)                   0.000     0.000    clk
    W5                   IBUF (Prop_ibuf_I_O)         0.414     0.414 r  clk_IBUF_inst/O
                         net (fo=1, routed)           0.685     1.099    clk_IBUF
    BUFGCTRL_X0Y1        BUFG (Prop_bufg_I_O)         0.029     1.128 r  clk_IBUF_BUFG_inst/O
                         net (fo=10966, routed)       0.828     1.956    u_command_decrypt/u_decrypt_ip/u_gcm_decrypt/u_ghash/clk_IBUF_BUFG
    SLICE_X35Y93         FDRE                                         r  u_command_decrypt/u_decrypt_ip/u_gcm_decrypt/u_ghash/v_reg[83]/C
                         clock pessimism             -0.249     1.707    
    SLICE_X35Y93         FDRE (Hold_fdre_C_D)         0.092     1.799    u_command_decrypt/u_decrypt_ip/u_gcm_decrypt/u_ghash/v_reg[83]
  -------------------------------------------------------------------
                         required time                         -1.799    
                         arrival time                           1.848    
  -------------------------------------------------------------------
                         slack                                  0.049    





Pulse Width Checks
--------------------------------------------------------------------------------------
Clock Name:         sys_clk_pin
Waveform(ns):       { 0.000 5.000 }
Period(ns):         10.000
Sources:            { clk }

Check Type        Corner  Lib Pin            Reference Pin  Required(ns)  Actual(ns)  Slack(ns)  Location         Pin
Min Period        n/a     BUFG/I             n/a            2.155         10.000      7.845      BUFGCTRL_X0Y1    clk_IBUF_BUFG_inst/I
Max Period        n/a     MMCME2_ADV/CLKIN1  n/a            100.000       10.000      90.000     MMCME2_ADV_X1Y0  U_CAM_SET/U_CLK_WIZ/inst/mmcm_adv_inst/CLKIN1
Low Pulse Width   Slow    MMCME2_ADV/CLKIN1  n/a            2.000         5.000       3.000      MMCME2_ADV_X1Y0  U_CAM_SET/U_CLK_WIZ/inst/mmcm_adv_inst/CLKIN1
High Pulse Width  Fast    MMCME2_ADV/CLKIN1  n/a            2.000         5.000       3.000      MMCME2_ADV_X1Y0  U_CAM_SET/U_CLK_WIZ/inst/mmcm_adv_inst/CLKIN1



---------------------------------------------------------------------------------------------------
From Clock:  clk_25M_clk_wiz_0
  To Clock:  clk_25M_clk_wiz_0

Setup :           NA  Failing Endpoints,  Worst Slack           NA  ,  Total Violation           NA
Hold  :           NA  Failing Endpoints,  Worst Slack           NA  ,  Total Violation           NA
PW    :            0  Failing Endpoints,  Worst Slack       37.845ns,  Total Violation        0.000ns
---------------------------------------------------------------------------------------------------


Pulse Width Checks
--------------------------------------------------------------------------------------
Clock Name:         clk_25M_clk_wiz_0
Waveform(ns):       { 0.000 20.000 }
Period(ns):         40.000
Sources:            { U_CAM_SET/U_CLK_WIZ/inst/mmcm_adv_inst/CLKOUT1 }

Check Type  Corner  Lib Pin             Reference Pin  Required(ns)  Actual(ns)  Slack(ns)  Location         Pin
Min Period  n/a     BUFG/I              n/a            2.155         40.000      37.845     BUFGCTRL_X0Y0    U_CAM_SET/U_CLK_WIZ/inst/clkout2_buf/I
Max Period  n/a     MMCME2_ADV/CLKOUT1  n/a            213.360       40.000      173.360    MMCME2_ADV_X1Y0  U_CAM_SET/U_CLK_WIZ/inst/mmcm_adv_inst/CLKOUT1



---------------------------------------------------------------------------------------------------
From Clock:  clkfbout_clk_wiz_0
  To Clock:  clkfbout_clk_wiz_0

Setup :           NA  Failing Endpoints,  Worst Slack           NA  ,  Total Violation           NA
Hold  :           NA  Failing Endpoints,  Worst Slack           NA  ,  Total Violation           NA
PW    :            0  Failing Endpoints,  Worst Slack        7.845ns,  Total Violation        0.000ns
---------------------------------------------------------------------------------------------------


Pulse Width Checks
--------------------------------------------------------------------------------------
Clock Name:         clkfbout_clk_wiz_0
Waveform(ns):       { 0.000 5.000 }
Period(ns):         10.000
Sources:            { U_CAM_SET/U_CLK_WIZ/inst/mmcm_adv_inst/CLKFBOUT }

Check Type  Corner  Lib Pin             Reference Pin  Required(ns)  Actual(ns)  Slack(ns)  Location         Pin
Min Period  n/a     BUFG/I              n/a            2.155         10.000      7.845      BUFGCTRL_X0Y4    U_CAM_SET/U_CLK_WIZ/inst/clkf_buf/I
Max Period  n/a     MMCME2_ADV/CLKFBIN  n/a            100.000       10.000      90.000     MMCME2_ADV_X1Y0  U_CAM_SET/U_CLK_WIZ/inst/mmcm_adv_inst/CLKFBIN



---------------------------------------------------------------------------------------------------
From Clock:  vga_rclk
  To Clock:  vga_rclk

Setup :           NA  Failing Endpoints,  Worst Slack           NA  ,  Total Violation           NA
Hold  :           NA  Failing Endpoints,  Worst Slack           NA  ,  Total Violation           NA
PW    :            0  Failing Endpoints,  Worst Slack       19.500ns,  Total Violation        0.000ns
---------------------------------------------------------------------------------------------------


Pulse Width Checks
--------------------------------------------------------------------------------------
Clock Name:         vga_rclk
Waveform(ns):       { 0.000 20.000 }
Period(ns):         40.000
Sources:            { U_VGA_DECODER/u_pclk_gen/pclk_reg/Q }

Check Type        Corner  Lib Pin             Reference Pin  Required(ns)  Actual(ns)  Slack(ns)  Location      Pin
Min Period        n/a     RAMB36E1/CLKBWRCLK  n/a            2.892         40.000      37.108     RAMB36_X0Y5   U_CAM_SET/U_CAM_FRAMEBUFFER/mem_reg_0_3/CLKBWRCLK
Low Pulse Width   Fast    FDRE/C              n/a            0.500         20.000      19.500     SLICE_X36Y39  U_CAM_SET/U_CAM_FRAMEBUFFER/mem_reg_mux_sel__14/C
High Pulse Width  Slow    FDRE/C              n/a            0.500         20.000      19.500     SLICE_X36Y39  U_CAM_SET/U_CAM_FRAMEBUFFER/mem_reg_mux_sel__14/C



---------------------------------------------------------------------------------------------------
From Clock:  vga_rclk
  To Clock:  sys_clk_pin

Setup :            0  Failing Endpoints,  Worst Slack        6.323ns,  Total Violation        0.000ns
Hold  :            0  Failing Endpoints,  Worst Slack        0.633ns,  Total Violation        0.000ns
---------------------------------------------------------------------------------------------------


Max Delay Paths
--------------------------------------------------------------------------------------
Slack (MET) :             6.323ns  (required time - arrival time)
  Source:                 U_VGA_DECODER/u_pclk_gen/pclk_reg/Q
                            (clock source 'vga_rclk'  {rise@0.000ns fall@20.000ns period=40.000ns})
  Destination:            U_VGA_DECODER/u_pixel_counter/h_count_reg[0]/CE
                            (rising edge-triggered cell FDRE clocked by sys_clk_pin  {rise@0.000ns fall@5.000ns period=10.000ns})
  Path Group:             sys_clk_pin
  Path Type:              Setup (Max at Slow Process Corner)
  Requirement:            10.000ns  (sys_clk_pin rise@10.000ns - vga_rclk rise@0.000ns)
  Data Path Delay:        2.902ns  (logic 0.271ns (9.339%)  route 2.631ns (90.661%))
  Logic Levels:           1  (BUFG=1)
  Clock Path Skew:        -0.535ns (DCD - SCD + CPR)
    Destination Clock Delay (DCD):    4.791ns = ( 14.791 - 10.000 ) 
    Source Clock Delay      (SCD):    5.506ns
    Clock Pessimism Removal (CPR):    0.180ns
  Clock Uncertainty:      0.035ns  ((TSJ^2 + TIJ^2)^1/2 + DJ) / 2 + PE
    Total System Jitter     (TSJ):    0.071ns
    Total Input Jitter      (TIJ):    0.000ns
    Discrete Jitter          (DJ):    0.000ns
    Phase Error              (PE):    0.000ns

    Location             Delay type                Incr(ns)  Path(ns)    Netlist Resource(s)
  -------------------------------------------------------------------    -------------------
                         (clock vga_rclk rise edge)
                                                      0.000     0.000 r  
    W5                                                0.000     0.000 r  clk (IN)
                         net (fo=0)                   0.000     0.000    clk
    W5                   IBUF (Prop_ibuf_I_O)         1.458     1.458 r  clk_IBUF_inst/O
                         net (fo=1, routed)           1.967     3.425    clk_IBUF
    BUFGCTRL_X0Y1        BUFG (Prop_bufg_I_O)         0.096     3.521 r  clk_IBUF_BUFG_inst/O
                         net (fo=10966, routed)       1.566     5.087    U_VGA_DECODER/u_pclk_gen/clk_IBUF_BUFG
  -------------------------------------------------------------------    -------------------
    SLICE_X28Y44         FDRE (Prop_fdre_C_Q)         0.419     5.506 r  U_VGA_DECODER/u_pclk_gen/pclk_reg/Q
                         net (fo=2, routed)           0.875     6.381    rclk
    BUFGCTRL_X0Y3        BUFG (Prop_bufg_I_O)         0.271     6.652 r  rclk_BUFG_inst/O
                         net (fo=48, routed)          1.756     8.408    U_VGA_DECODER/u_pixel_counter/E[0]
    SLICE_X15Y46         FDRE                                         r  U_VGA_DECODER/u_pixel_counter/h_count_reg[0]/CE
  -------------------------------------------------------------------    -------------------

                         (clock sys_clk_pin rise edge)
                                                     10.000    10.000 r  
    W5                                                0.000    10.000 r  clk (IN)
                         net (fo=0)                   0.000    10.000    clk
    W5                   IBUF (Prop_ibuf_I_O)         1.388    11.388 r  clk_IBUF_inst/O
                         net (fo=1, routed)           1.862    13.250    clk_IBUF
    BUFGCTRL_X0Y1        BUFG (Prop_bufg_I_O)         0.091    13.341 r  clk_IBUF_BUFG_inst/O
                         net (fo=10966, routed)       1.450    14.791    U_VGA_DECODER/u_pixel_counter/clk_IBUF_BUFG
    SLICE_X15Y46         FDRE                                         r  U_VGA_DECODER/u_pixel_counter/h_count_reg[0]/C
                         clock pessimism              0.180    14.971    
                         clock uncertainty           -0.035    14.936    
    SLICE_X15Y46         FDRE (Setup_fdre_C_CE)      -0.205    14.731    U_VGA_DECODER/u_pixel_counter/h_count_reg[0]
  -------------------------------------------------------------------
                         required time                         14.731    
                         arrival time                          -8.408    
  -------------------------------------------------------------------
                         slack                                  6.323    





Min Delay Paths
--------------------------------------------------------------------------------------
Slack (MET) :             0.633ns  (arrival time - required time)
  Source:                 U_VGA_DECODER/u_pclk_gen/pclk_reg/Q
                            (clock source 'vga_rclk'  {rise@0.000ns fall@20.000ns period=40.000ns})
  Destination:            U_VGA_DECODER/u_pixel_counter/v_count_reg[1]/CE
                            (rising edge-triggered cell FDRE clocked by sys_clk_pin  {rise@0.000ns fall@5.000ns period=10.000ns})
  Path Group:             sys_clk_pin
  Path Type:              Hold (Min at Fast Process Corner)
  Requirement:            0.000ns  (sys_clk_pin rise@0.000ns - vga_rclk rise@0.000ns)
  Data Path Delay:        0.738ns  (logic 0.099ns (13.418%)  route 0.639ns (86.582%))
  Logic Levels:           1  (LUT2=1)
  Clock Path Skew:        0.144ns (DCD - SCD - CPR)
    Destination Clock Delay (DCD):    1.962ns
    Source Clock Delay      (SCD):    1.574ns
    Clock Pessimism Removal (CPR):    0.244ns

    Location             Delay type                Incr(ns)  Path(ns)    Netlist Resource(s)
  -------------------------------------------------------------------    -------------------
                         (clock vga_rclk rise edge)
                                                      0.000     0.000 r  
    W5                                                0.000     0.000 r  clk (IN)
                         net (fo=0)                   0.000     0.000    clk
    W5                   IBUF (Prop_ibuf_I_O)         0.226     0.226 r  clk_IBUF_inst/O
                         net (fo=1, routed)           0.631     0.858    clk_IBUF
    BUFGCTRL_X0Y1        BUFG (Prop_bufg_I_O)         0.026     0.884 r  clk_IBUF_BUFG_inst/O
                         net (fo=10966, routed)       0.563     1.446    U_VGA_DECODER/u_pclk_gen/clk_IBUF_BUFG
  -------------------------------------------------------------------    -------------------
    SLICE_X28Y44         FDRE (Prop_fdre_C_Q)         0.128     1.574 r  U_VGA_DECODER/u_pclk_gen/pclk_reg/Q
                         net (fo=2, routed)           0.345     1.919    U_VGA_DECODER/u_pclk_gen/rclk
    SLICE_X15Y44         LUT2 (Prop_lut2_I0_O)        0.099     2.018 r  U_VGA_DECODER/u_pclk_gen/v_count[9]_i_1/O
                         net (fo=10, routed)          0.294     2.312    U_VGA_DECODER/u_pixel_counter/v_count_reg[9]_1[0]
    SLICE_X13Y40         FDRE                                         r  U_VGA_DECODER/u_pixel_counter/v_count_reg[1]/CE
  -------------------------------------------------------------------    -------------------

                         (clock sys_clk_pin rise edge)
                                                      0.000     0.000 r  
    W5                                                0.000     0.000 r  clk (IN)
                         net (fo=0)                   0.000     0.000    clk
    W5                   IBUF (Prop_ibuf_I_O)         0.414     0.414 r  clk_IBUF_inst/O
                         net (fo=1, routed)           0.685     1.099    clk_IBUF
    BUFGCTRL_X0Y1        BUFG (Prop_bufg_I_O)         0.029     1.128 r  clk_IBUF_BUFG_inst/O
                         net (fo=10966, routed)       0.835     1.962    U_VGA_DECODER/u_pixel_counter/clk_IBUF_BUFG
    SLICE_X13Y40         FDRE                                         r  U_VGA_DECODER/u_pixel_counter/v_count_reg[1]/C
                         clock pessimism             -0.244     1.718    
    SLICE_X13Y40         FDRE (Hold_fdre_C_CE)       -0.039     1.679    U_VGA_DECODER/u_pixel_counter/v_count_reg[1]
  -------------------------------------------------------------------
                         required time                         -1.679    
                         arrival time                           2.312    
  -------------------------------------------------------------------
                         slack                                  0.633    





---------------------------------------------------------------------------------------------------
From Clock:  sys_clk_pin
  To Clock:  vga_rclk

Setup :            0  Failing Endpoints,  Worst Slack        2.066ns,  Total Violation        0.000ns
Hold  :            0  Failing Endpoints,  Worst Slack        0.102ns,  Total Violation        0.000ns
---------------------------------------------------------------------------------------------------


Max Delay Paths
--------------------------------------------------------------------------------------
Slack (MET) :             2.066ns  (required time - arrival time)
  Source:                 U_VGA_DECODER/u_pixel_counter/v_count_reg[5]/C
                            (rising edge-triggered cell FDRE clocked by sys_clk_pin  {rise@0.000ns fall@5.000ns period=10.000ns})
  Destination:            U_CAM_SET/U_CAM_FRAMEBUFFER/mem_reg_0_14/ADDRBWRADDR[6]
                            (rising edge-triggered cell RAMB36E1 clocked by vga_rclk  {rise@0.000ns fall@20.000ns period=40.000ns})
  Path Group:             vga_rclk
  Path Type:              Setup (Max at Slow Process Corner)
  Requirement:            10.000ns  (vga_rclk rise@40.000ns - sys_clk_pin rise@30.000ns)
  Data Path Delay:        9.822ns  (logic 1.081ns (11.005%)  route 8.741ns (88.995%))
  Logic Levels:           3  (LUT2=1 LUT4=1 LUT5=1)
  Clock Path Skew:        2.698ns (DCD - SCD + CPR)
    Destination Clock Delay (DCD):    7.607ns = ( 47.607 - 40.000 ) 
    Source Clock Delay      (SCD):    5.088ns = ( 35.088 - 30.000 ) 
    Clock Pessimism Removal (CPR):    0.180ns
  Clock Uncertainty:      0.035ns  ((TSJ^2 + TIJ^2)^1/2 + DJ) / 2 + PE
    Total System Jitter     (TSJ):    0.071ns
    Total Input Jitter      (TIJ):    0.000ns
    Discrete Jitter          (DJ):    0.000ns
    Phase Error              (PE):    0.000ns

    Location             Delay type                Incr(ns)  Path(ns)    Netlist Resource(s)
  -------------------------------------------------------------------    -------------------
                         (clock sys_clk_pin rise edge)
                                                     30.000    30.000 r  
    W5                                                0.000    30.000 r  clk (IN)
                         net (fo=0)                   0.000    30.000    clk
    W5                   IBUF (Prop_ibuf_I_O)         1.458    31.458 r  clk_IBUF_inst/O
                         net (fo=1, routed)           1.967    33.425    clk_IBUF
    BUFGCTRL_X0Y1        BUFG (Prop_bufg_I_O)         0.096    33.521 r  clk_IBUF_BUFG_inst/O
                         net (fo=10966, routed)       1.567    35.088    U_VGA_DECODER/u_pixel_counter/clk_IBUF_BUFG
    SLICE_X13Y39         FDRE                                         r  U_VGA_DECODER/u_pixel_counter/v_count_reg[5]/C
  -------------------------------------------------------------------    -------------------
    SLICE_X13Y39         FDRE (Prop_fdre_C_Q)         0.456    35.544 f  U_VGA_DECODER/u_pixel_counter/v_count_reg[5]/Q
                         net (fo=20, routed)          2.253    37.797    U_VGA_DECODER/u_pixel_counter/y_pixel[5]
    SLICE_X13Y41         LUT4 (Prop_lut4_I1_O)        0.150    37.947 r  U_VGA_DECODER/u_pixel_counter/v_sync_OBUF_inst_i_2/O
                         net (fo=3, routed)           1.038    38.985    U_VGA_DECODER/u_pixel_counter/v_sync_OBUF_inst_i_2_n_0
    SLICE_X13Y46         LUT5 (Prop_lut5_I4_O)        0.326    39.311 r  U_VGA_DECODER/u_pixel_counter/port_red_OBUF[3]_inst_i_3/O
                         net (fo=29, routed)          1.291    40.602    U_VGA_DECODER/u_pixel_counter/v_count_reg[9]_0
    SLICE_X13Y40         LUT2 (Prop_lut2_I1_O)        0.149    40.751 r  U_VGA_DECODER/u_pixel_counter/mem_reg_0_1_i_12/O
                         net (fo=36, routed)          4.160    44.911    U_CAM_SET/U_CAM_FRAMEBUFFER/cam_fb_rAddr[6]
    RAMB36_X2Y13         RAMB36E1                                     r  U_CAM_SET/U_CAM_FRAMEBUFFER/mem_reg_0_14/ADDRBWRADDR[6]
  -------------------------------------------------------------------    -------------------

                         (clock vga_rclk rise edge)
                                                     40.000    40.000 r  
    W5                                                0.000    40.000 r  clk (IN)
                         net (fo=0)                   0.000    40.000    clk
    W5                   IBUF (Prop_ibuf_I_O)         1.388    41.388 r  clk_IBUF_inst/O
                         net (fo=1, routed)           1.862    43.250    clk_IBUF
    BUFGCTRL_X0Y1        BUFG (Prop_bufg_I_O)         0.091    43.341 r  clk_IBUF_BUFG_inst/O
                         net (fo=10966, routed)       1.447    44.788    U_VGA_DECODER/u_pclk_gen/clk_IBUF_BUFG
    SLICE_X28Y44         FDRE (Prop_fdre_C_Q)         0.337    45.125 r  U_VGA_DECODER/u_pclk_gen/pclk_reg/Q
                         net (fo=2, routed)           0.771    45.896    rclk
    BUFGCTRL_X0Y3        BUFG (Prop_bufg_I_O)         0.232    46.128 r  rclk_BUFG_inst/O
                         net (fo=48, routed)          1.478    47.607    U_CAM_SET/U_CAM_FRAMEBUFFER/rclk_BUFG
    RAMB36_X2Y13         RAMB36E1                                     r  U_CAM_SET/U_CAM_FRAMEBUFFER/mem_reg_0_14/CLKBWRCLK
                         clock pessimism              0.180    47.786    
                         clock uncertainty           -0.035    47.751    
    RAMB36_X2Y13         RAMB36E1 (Setup_ramb36e1_CLKBWRCLK_ADDRBWRADDR[6])
                                                     -0.774    46.977    U_CAM_SET/U_CAM_FRAMEBUFFER/mem_reg_0_14
  -------------------------------------------------------------------
                         required time                         46.977    
                         arrival time                         -44.911    
  -------------------------------------------------------------------
                         slack                                  2.066    





Min Delay Paths
--------------------------------------------------------------------------------------
Slack (MET) :             0.102ns  (arrival time - required time)
  Source:                 U_VGA_DECODER/u_pixel_counter/v_count_reg[2]/C
                            (rising edge-triggered cell FDRE clocked by sys_clk_pin  {rise@0.000ns fall@5.000ns period=10.000ns})
  Destination:            U_CAM_SET/U_CAM_FRAMEBUFFER/mem_reg_1_2__0/ADDRBWRADDR[9]
                            (rising edge-triggered cell RAMB36E1 clocked by vga_rclk  {rise@0.000ns fall@20.000ns period=40.000ns})
  Path Group:             vga_rclk
  Path Type:              Hold (Min at Fast Process Corner)
  Requirement:            0.000ns  (vga_rclk rise@0.000ns - sys_clk_pin rise@0.000ns)
  Data Path Delay:        2.028ns  (logic 0.535ns (26.376%)  route 1.493ns (73.624%))
  Logic Levels:           4  (CARRY4=2 LUT2=2)
  Clock Path Skew:        1.808ns (DCD - SCD - CPR)
    Destination Clock Delay (DCD):    3.500ns
    Source Clock Delay      (SCD):    1.448ns
    Clock Pessimism Removal (CPR):    0.244ns

    Location             Delay type                Incr(ns)  Path(ns)    Netlist Resource(s)
  -------------------------------------------------------------------    -------------------
                         (clock sys_clk_pin rise edge)
                                                      0.000     0.000 r  
    W5                                                0.000     0.000 r  clk (IN)
                         net (fo=0)                   0.000     0.000    clk
    W5                   IBUF (Prop_ibuf_I_O)         0.226     0.226 r  clk_IBUF_inst/O
                         net (fo=1, routed)           0.631     0.858    clk_IBUF
    BUFGCTRL_X0Y1        BUFG (Prop_bufg_I_O)         0.026     0.884 r  clk_IBUF_BUFG_inst/O
                         net (fo=10966, routed)       0.565     1.448    U_VGA_DECODER/u_pixel_counter/clk_IBUF_BUFG
    SLICE_X13Y40         FDRE                                         r  U_VGA_DECODER/u_pixel_counter/v_count_reg[2]/C
  -------------------------------------------------------------------    -------------------
    SLICE_X13Y40         FDRE (Prop_fdre_C_Q)         0.141     1.589 r  U_VGA_DECODER/u_pixel_counter/v_count_reg[2]/Q
                         net (fo=15, routed)          0.861     2.450    U_VGA_DECODER/u_pixel_counter/y_pixel[2]
    SLICE_X13Y43         LUT2 (Prop_lut2_I1_O)        0.045     2.495 r  U_VGA_DECODER/u_pixel_counter/U_CAM_FB_READER/mem_reg_0_1_i_28/O
                         net (fo=1, routed)           0.000     2.495    U_VGA_DECODER/u_pixel_counter/U_CAM_FB_READER/mem_reg_0_1_i_28_n_0
    SLICE_X13Y43         CARRY4 (Prop_carry4_S[2]_O[2])
                                                      0.066     2.561 r  U_VGA_DECODER/u_pixel_counter/mem_reg_0_1_i_23/O[2]
                         net (fo=1, routed)           0.102     2.663    U_VGA_DECODER/u_pixel_counter/U_CAM_SET/addr1[9]
    SLICE_X14Y43         CARRY4 (Prop_carry4_S[3]_O[3])
                                                      0.172     2.835 r  U_VGA_DECODER/u_pixel_counter/mem_reg_0_1_i_21/O[3]
                         net (fo=1, routed)           0.200     3.034    U_VGA_DECODER/u_pixel_counter/mem_reg_0_1_i_21_n_4
    SLICE_X15Y43         LUT2 (Prop_lut2_I0_O)        0.111     3.145 r  U_VGA_DECODER/u_pixel_counter/mem_reg_0_1_i_9/O
                         net (fo=36, routed)          0.331     3.476    U_CAM_SET/U_CAM_FRAMEBUFFER/cam_fb_rAddr[9]
    RAMB36_X0Y8          RAMB36E1                                     r  U_CAM_SET/U_CAM_FRAMEBUFFER/mem_reg_1_2__0/ADDRBWRADDR[9]
  -------------------------------------------------------------------    -------------------

                         (clock vga_rclk rise edge)
                                                      0.000     0.000 r  
    W5                                                0.000     0.000 r  clk (IN)
                         net (fo=0)                   0.000     0.000    clk
    W5                   IBUF (Prop_ibuf_I_O)         0.414     0.414 r  clk_IBUF_inst/O
                         net (fo=1, routed)           0.685     1.099    clk_IBUF
    BUFGCTRL_X0Y1        BUFG (Prop_bufg_I_O)         0.029     1.128 r  clk_IBUF_BUFG_inst/O
                         net (fo=10966, routed)       0.833     1.960    U_VGA_DECODER/u_pclk_gen/clk_IBUF_BUFG
    SLICE_X28Y44         FDRE (Prop_fdre_C_Q)         0.160     2.120 r  U_VGA_DECODER/u_pclk_gen/pclk_reg/Q
                         net (fo=2, routed)           0.406     2.526    rclk
    BUFGCTRL_X0Y3        BUFG (Prop_bufg_I_O)         0.097     2.623 r  rclk_BUFG_inst/O
                         net (fo=48, routed)          0.877     3.500    U_CAM_SET/U_CAM_FRAMEBUFFER/rclk_BUFG
    RAMB36_X0Y8          RAMB36E1                                     r  U_CAM_SET/U_CAM_FRAMEBUFFER/mem_reg_1_2__0/CLKBWRCLK
                         clock pessimism             -0.244     3.256    
    RAMB36_X0Y8          RAMB36E1 (Hold_ramb36e1_CLKBWRCLK_ADDRBWRADDR[9])
                                                      0.118     3.374    U_CAM_SET/U_CAM_FRAMEBUFFER/mem_reg_1_2__0
  -------------------------------------------------------------------
                         required time                         -3.374    
                         arrival time                           3.476    
  -------------------------------------------------------------------
                         slack                                  0.102    





