Copyright 1986-2020 Xilinx, Inc. All Rights Reserved.
--------------------------------------------------------------------------------------------------------------------------------------------
| Tool Version : Vivado v.2020.2 (win64) Build 3064766 Wed Nov 18 09:12:45 MST 2020
| Date         : Wed Aug  5 11:51:32 2026
| Host         : DESKTOP-7CFQ9ND running 64-bit major release  (build 9200)
| Command      : report_timing_summary -file D:/260805_AIGIS_Version_2/.aigis_inseok_stage/basys3project_inseok/basys3_secure_v2_timing.rpt
| Design       : basys3_secure_rack_control
| Device       : 7a35t-cpg236
| Speed File   : -1  PRODUCTION 1.23 2018-06-13
--------------------------------------------------------------------------------------------------------------------------------------------

Timing Summary Report

------------------------------------------------------------------------------------------------
| Timer Settings
| --------------
------------------------------------------------------------------------------------------------

  Enable Multi Corner Analysis               :  Yes
  Enable Pessimism Removal                   :  Yes
  Pessimism Removal Resolution               :  Nearest Common Node
  Enable Input Delay Default Clock           :  No
  Enable Preset / Clear Arcs                 :  No
  Disable Flight Delays                      :  No
  Ignore I/O Paths                           :  No
  Timing Early Launch at Borrowing Latches   :  No
  Borrow Time for Max Delay Exceptions       :  Yes
  Merge Timing Exceptions                    :  Yes

  Corner  Analyze    Analyze    
  Name    Max Paths  Min Paths  
  ------  ---------  ---------  
  Slow    Yes        Yes        
  Fast    Yes        Yes        



check_timing report

Table of Contents
-----------------
1. checking no_clock (0)
2. checking constant_clock (0)
3. checking pulse_width_clock (0)
4. checking unconstrained_internal_endpoints (0)
5. checking no_input_delay (18)
6. checking no_output_delay (29)
7. checking multiple_clock (0)
8. checking generated_clocks (0)
9. checking loops (0)
10. checking partial_input_delay (0)
11. checking partial_output_delay (0)
12. checking latch_loops (0)

1. checking no_clock (0)
------------------------
 There are 0 register/latch pins with no clock.


2. checking constant_clock (0)
------------------------------
 There are 0 register/latch pins with constant_clock.


3. checking pulse_width_clock (0)
---------------------------------
 There are 0 register/latch pins which need pulse_width check


4. checking unconstrained_internal_endpoints (0)
------------------------------------------------
 There are 0 pins that are not constrained for maximum delay.

 There are 0 pins that are not constrained for maximum delay due to constant clock.


5. checking no_input_delay (18)
-------------------------------
 There are 18 input ports with no input delay specified. (HIGH)

 There are 0 input ports with no input delay but user has a false path constraint.


6. checking no_output_delay (29)
--------------------------------
 There are 29 ports with no output delay specified. (HIGH)

 There are 0 ports with no output delay but user has a false path constraint

 There are 0 ports with no output delay but with a timing clock defined on it or propagating through it


7. checking multiple_clock (0)
------------------------------
 There are 0 register/latch pins with multiple clocks.


8. checking generated_clocks (0)
--------------------------------
 There are 0 generated clocks that are not connected to a clock source.


9. checking loops (0)
---------------------
 There are 0 combinational loops in the design.


10. checking partial_input_delay (0)
------------------------------------
 There are 0 input ports with partial input delay specified.


11. checking partial_output_delay (0)
-------------------------------------
 There are 0 ports with partial output delay specified.


12. checking latch_loops (0)
----------------------------
 There are 0 combinational latch loops in the design through latch input



------------------------------------------------------------------------------------------------
| Design Timing Summary
| ---------------------
------------------------------------------------------------------------------------------------

    WNS(ns)      TNS(ns)  TNS Failing Endpoints  TNS Total Endpoints      WHS(ns)      THS(ns)  THS Failing Endpoints  THS Total Endpoints     WPWS(ns)     TPWS(ns)  TPWS Failing Endpoints  TPWS Total Endpoints  
    -------      -------  ---------------------  -------------------      -------      -------  ---------------------  -------------------     --------     --------  ----------------------  --------------------  
      2.958        0.000                      0                28636       -0.849     -233.014                    566                28636        3.000        0.000                       0                 11463  


Timing constraints are not met.


------------------------------------------------------------------------------------------------
| Clock Summary
| -------------
------------------------------------------------------------------------------------------------

Clock                 Waveform(ns)       Period(ns)      Frequency(MHz)
-----                 ------------       ----------      --------------
cam_pclk              {0.000 20.000}     40.000          25.000          
sys_clk_pin           {0.000 5.000}      10.000          100.000         
  clk_100M_clk_wiz_0  {0.000 5.000}      10.000          100.000         
  clk_25M_clk_wiz_0   {0.000 20.000}     40.000          25.000          
  clkfbout_clk_wiz_0  {0.000 5.000}      10.000          100.000         
  vga_rclk            {0.000 20.000}     40.000          25.000          


------------------------------------------------------------------------------------------------
| Intra Clock Table
| -----------------
------------------------------------------------------------------------------------------------

Clock                     WNS(ns)      TNS(ns)  TNS Failing Endpoints  TNS Total Endpoints      WHS(ns)      THS(ns)  THS Failing Endpoints  THS Total Endpoints     WPWS(ns)     TPWS(ns)  TPWS Failing Endpoints  TPWS Total Endpoints  
-----                     -------      -------  ---------------------  -------------------      -------      -------  ---------------------  -------------------     --------     --------  ----------------------  --------------------  
cam_pclk                   29.870        0.000                      0                 1278        0.091        0.000                      0                 1278       19.500        0.000                       0                   349  
sys_clk_pin                 2.958        0.000                      0                26746        0.134        0.000                      0                26746        3.000        0.000                       0                 11068  
  clk_100M_clk_wiz_0                                                                                                                                                    7.845        0.000                       0                     2  
  clk_25M_clk_wiz_0                                                                                                                                                    37.845        0.000                       0                     2  
  clkfbout_clk_wiz_0                                                                                                                                                    7.845        0.000                       0                     3  
  vga_rclk                                                                                                                                                             19.500        0.000                       0                    39  


------------------------------------------------------------------------------------------------
| Inter Clock Table
| -----------------
------------------------------------------------------------------------------------------------

From Clock    To Clock          WNS(ns)      TNS(ns)  TNS Failing Endpoints  TNS Total Endpoints      WHS(ns)      THS(ns)  THS Failing Endpoints  THS Total Endpoints  
----------    --------          -------      -------  ---------------------  -------------------      -------      -------  ---------------------  -------------------  
vga_rclk      sys_clk_pin         7.504        0.000                      0                   20        0.551        0.000                      0                   20  
sys_clk_pin   vga_rclk            4.987        0.000                      0                  602       -0.849     -233.014                    566                  602  


------------------------------------------------------------------------------------------------
| Other Path Groups Table
| -----------------------
------------------------------------------------------------------------------------------------

Path Group    From Clock    To Clock          WNS(ns)      TNS(ns)  TNS Failing Endpoints  TNS Total Endpoints      WHS(ns)      THS(ns)  THS Failing Endpoints  THS Total Endpoints  
----------    ----------    --------          -------      -------  ---------------------  -------------------      -------      -------  ---------------------  -------------------  


------------------------------------------------------------------------------------------------
| Timing Details
| --------------
------------------------------------------------------------------------------------------------


---------------------------------------------------------------------------------------------------
From Clock:  cam_pclk
  To Clock:  cam_pclk

Setup :            0  Failing Endpoints,  Worst Slack       29.870ns,  Total Violation        0.000ns
Hold  :            0  Failing Endpoints,  Worst Slack        0.091ns,  Total Violation        0.000ns
PW    :            0  Failing Endpoints,  Worst Slack       19.500ns,  Total Violation        0.000ns
---------------------------------------------------------------------------------------------------


Max Delay Paths
--------------------------------------------------------------------------------------
Slack (MET) :             29.870ns  (required time - arrival time)
  Source:                 U_CAM_SET/U_CAM_CTRL/pixelData_reg[7]/C
                            (rising edge-triggered cell FDRE clocked by cam_pclk  {rise@0.000ns fall@20.000ns period=40.000ns})
  Destination:            U_LED_SET/U_ZONE_MONITOR/green_cnt_reg[0][0]/CE
                            (rising edge-triggered cell FDCE clocked by cam_pclk  {rise@0.000ns fall@20.000ns period=40.000ns})
  Path Group:             cam_pclk
  Path Type:              Setup (Max at Slow Process Corner)
  Requirement:            40.000ns  (cam_pclk rise@40.000ns - cam_pclk rise@0.000ns)
  Data Path Delay:        9.748ns  (logic 3.120ns (32.007%)  route 6.628ns (67.993%))
  Logic Levels:           12  (CARRY4=3 LUT1=1 LUT2=1 LUT4=1 LUT5=2 LUT6=4)
  Clock Path Skew:        -0.145ns (DCD - SCD + CPR)
    Destination Clock Delay (DCD):    2.674ns = ( 42.674 - 40.000 ) 
    Source Clock Delay      (SCD):    2.935ns
    Clock Pessimism Removal (CPR):    0.115ns
  Clock Uncertainty:      0.035ns  ((TSJ^2 + TIJ^2)^1/2 + DJ) / 2 + PE
    Total System Jitter     (TSJ):    0.071ns
    Total Input Jitter      (TIJ):    0.000ns
    Discrete Jitter          (DJ):    0.000ns
    Phase Error              (PE):    0.000ns

    Location             Delay type                Incr(ns)  Path(ns)    Netlist Resource(s)
  -------------------------------------------------------------------    -------------------
                         (clock cam_pclk rise edge)
                                                      0.000     0.000 r  
    N1                                                0.000     0.000 r  pclk (IN)
                         net (fo=0)                   0.000     0.000    pclk
    N1                   IBUF (Prop_ibuf_I_O)         1.455     1.455 r  pclk_IBUF_inst/O
                         net (fo=1, unplaced)         0.800     2.255    pclk_IBUF
                         BUFG (Prop_bufg_I_O)         0.096     2.351 r  pclk_IBUF_BUFG_inst/O
                         net (fo=348, unplaced)       0.584     2.935    U_CAM_SET/U_CAM_CTRL/pclk_IBUF_BUFG
                         FDRE                                         r  U_CAM_SET/U_CAM_CTRL/pixelData_reg[7]/C
  -------------------------------------------------------------------    -------------------
                         FDRE (Prop_fdre_C_Q)         0.456     3.391 f  U_CAM_SET/U_CAM_CTRL/pixelData_reg[7]/Q
                         net (fo=25, unplaced)        0.806     4.197    U_CAM_SET/U_CAM_CTRL/pixelData_reg[15]_1[4]
                         LUT4 (Prop_lut4_I1_O)        0.321     4.518 f  U_CAM_SET/U_CAM_CTRL/delta_carry_i_25/O
                         net (fo=1, unplaced)         0.902     5.420    U_CAM_SET/U_CAM_CTRL/delta_carry_i_25_n_0
                         LUT6 (Prop_lut6_I3_O)        0.124     5.544 r  U_CAM_SET/U_CAM_CTRL/delta_carry_i_18/O
                         net (fo=6, unplaced)         0.451     5.995    U_CAM_SET/U_CAM_CTRL/delta_carry_i_18_n_0
                         LUT6 (Prop_lut6_I0_O)        0.124     6.119 r  U_CAM_SET/U_CAM_CTRL/delta_carry_i_11/O
                         net (fo=6, unplaced)         0.481     6.600    U_CAM_SET/U_CAM_CTRL/delta_carry_i_11_n_0
                         LUT5 (Prop_lut5_I3_O)        0.124     6.724 f  U_CAM_SET/U_CAM_CTRL/delta_carry_i_9/O
                         net (fo=7, unplaced)         0.484     7.208    U_CAM_SET/U_CAM_CTRL/pixelData_reg[13]_0
                         LUT1 (Prop_lut1_I0_O)        0.124     7.332 r  U_CAM_SET/U_CAM_CTRL/delta_carry_i_1/O
                         net (fo=1, unplaced)         0.473     7.805    U_LED_SET/U_PIXEL_CLASS/max_val_ext[3]
                         CARRY4 (Prop_carry4_DI[3]_CO[3])
                                                      0.385     8.190 r  U_LED_SET/U_PIXEL_CLASS/delta_carry/CO[3]
                         net (fo=1, unplaced)         0.009     8.199    U_LED_SET/U_PIXEL_CLASS/delta_carry_n_0
                         CARRY4 (Prop_carry4_CI_O[1])
                                                      0.348     8.547 r  U_LED_SET/U_PIXEL_CLASS/delta_carry__0/O[1]
                         net (fo=5, unplaced)         0.639     9.186    U_LED_SET/U_PIXEL_CLASS/p_0_in[5]
                         LUT2 (Prop_lut2_I0_O)        0.331     9.517 r  U_LED_SET/U_PIXEL_CLASS/i__carry_i_1/O
                         net (fo=1, unplaced)         0.000     9.517    U_LED_SET/U_PIXEL_CLASS/i__carry_i_1_n_0
                         CARRY4 (Prop_carry4_DI[3]_CO[3])
                                                      0.411     9.928 r  U_LED_SET/U_PIXEL_CLASS/valid_s1_inferred__0/i__carry/CO[3]
                         net (fo=1, unplaced)         0.918    10.846    U_LED_SET/U_PIXEL_CLASS/valid_s111_in
                         LUT5 (Prop_lut5_I4_O)        0.124    10.970 f  U_LED_SET/U_PIXEL_CLASS/green_cnt[0][13]_i_17/O
                         net (fo=2, unplaced)         0.460    11.430    U_CAM_SET/U_CAM_CTRL/red_cnt_reg[2][0]_1
                         LUT6 (Prop_lut6_I1_O)        0.124    11.554 f  U_CAM_SET/U_CAM_CTRL/green_cnt[0][13]_i_6/O
                         net (fo=6, unplaced)         0.481    12.035    U_CAM_SET/U_CAM_CTRL/green_cnt[0][13]_i_6_n_0
                         LUT6 (Prop_lut6_I5_O)        0.124    12.159 r  U_CAM_SET/U_CAM_CTRL/green_cnt[0][13]_i_1/O
                         net (fo=14, unplaced)        0.524    12.683    U_LED_SET/U_ZONE_MONITOR/green_cnt_reg[0][0]_0[0]
                         FDCE                                         r  U_LED_SET/U_ZONE_MONITOR/green_cnt_reg[0][0]/CE
  -------------------------------------------------------------------    -------------------

                         (clock cam_pclk rise edge)
                                                     40.000    40.000 r  
    N1                                                0.000    40.000 r  pclk (IN)
                         net (fo=0)                   0.000    40.000    pclk
    N1                   IBUF (Prop_ibuf_I_O)         1.385    41.385 r  pclk_IBUF_inst/O
                         net (fo=1, unplaced)         0.760    42.144    pclk_IBUF
                         BUFG (Prop_bufg_I_O)         0.091    42.235 r  pclk_IBUF_BUFG_inst/O
                         net (fo=348, unplaced)       0.439    42.674    U_LED_SET/U_ZONE_MONITOR/CLK
                         FDCE                                         r  U_LED_SET/U_ZONE_MONITOR/green_cnt_reg[0][0]/C
                         clock pessimism              0.115    42.790    
                         clock uncertainty           -0.035    42.754    
                         FDCE (Setup_fdce_C_CE)      -0.202    42.552    U_LED_SET/U_ZONE_MONITOR/green_cnt_reg[0][0]
  -------------------------------------------------------------------
                         required time                         42.552    
                         arrival time                         -12.683    
  -------------------------------------------------------------------
                         slack                                 29.870    





Min Delay Paths
--------------------------------------------------------------------------------------
Slack (MET) :             0.091ns  (arrival time - required time)
  Source:                 U_CAM_SET/U_CAM_CTRL/pixelData_reg[1]/C
                            (rising edge-triggered cell FDRE clocked by cam_pclk  {rise@0.000ns fall@20.000ns period=40.000ns})
  Destination:            U_CAM_SET/U_CAM_FRAMEBUFFER/mem_reg_0_1/DIADI[0]
                            (rising edge-triggered cell RAMB36E1 clocked by cam_pclk  {rise@0.000ns fall@20.000ns period=40.000ns})
  Path Group:             cam_pclk
  Path Type:              Hold (Min at Fast Process Corner)
  Requirement:            0.000ns  (cam_pclk rise@0.000ns - cam_pclk rise@0.000ns)
  Data Path Delay:        0.478ns  (logic 0.141ns (29.492%)  route 0.337ns (70.508%))
  Logic Levels:           0  
  Clock Path Skew:        0.145ns (DCD - SCD - CPR)
    Destination Clock Delay (DCD):    1.053ns
    Source Clock Delay      (SCD):    0.700ns
    Clock Pessimism Removal (CPR):    0.208ns

    Location             Delay type                Incr(ns)  Path(ns)    Netlist Resource(s)
  -------------------------------------------------------------------    -------------------
                         (clock cam_pclk rise edge)
                                                      0.000     0.000 r  
    N1                                                0.000     0.000 r  pclk (IN)
                         net (fo=0)                   0.000     0.000    pclk
    N1                   IBUF (Prop_ibuf_I_O)         0.223     0.223 r  pclk_IBUF_inst/O
                         net (fo=1, unplaced)         0.337     0.560    pclk_IBUF
                         BUFG (Prop_bufg_I_O)         0.026     0.586 r  pclk_IBUF_BUFG_inst/O
                         net (fo=348, unplaced)       0.114     0.700    U_CAM_SET/U_CAM_CTRL/pclk_IBUF_BUFG
                         FDRE                                         r  U_CAM_SET/U_CAM_CTRL/pixelData_reg[1]/C
  -------------------------------------------------------------------    -------------------
                         FDRE (Prop_fdre_C_Q)         0.141     0.841 r  U_CAM_SET/U_CAM_CTRL/pixelData_reg[1]/Q
                         net (fo=14, unplaced)        0.337     1.178    U_CAM_SET/U_CAM_FRAMEBUFFER/mem_reg_1_15__0_0[0]
                         RAMB36E1                                     r  U_CAM_SET/U_CAM_FRAMEBUFFER/mem_reg_0_1/DIADI[0]
  -------------------------------------------------------------------    -------------------

                         (clock cam_pclk rise edge)
                                                      0.000     0.000 r  
    N1                                                0.000     0.000 r  pclk (IN)
                         net (fo=0)                   0.000     0.000    pclk
    N1                   IBUF (Prop_ibuf_I_O)         0.411     0.411 r  pclk_IBUF_inst/O
                         net (fo=1, unplaced)         0.355     0.765    pclk_IBUF
                         BUFG (Prop_bufg_I_O)         0.029     0.794 r  pclk_IBUF_BUFG_inst/O
                         net (fo=348, unplaced)       0.259     1.053    U_CAM_SET/U_CAM_FRAMEBUFFER/pclk_IBUF_BUFG
                         RAMB36E1                                     r  U_CAM_SET/U_CAM_FRAMEBUFFER/mem_reg_0_1/CLKARDCLK
                         clock pessimism             -0.208     0.845    
                         RAMB36E1 (Hold_ramb36e1_CLKARDCLK_DIADI[0])
                                                      0.242     1.087    U_CAM_SET/U_CAM_FRAMEBUFFER/mem_reg_0_1
  -------------------------------------------------------------------
                         required time                         -1.087    
                         arrival time                           1.178    
  -------------------------------------------------------------------
                         slack                                  0.091    





Pulse Width Checks
--------------------------------------------------------------------------------------
Clock Name:         cam_pclk
Waveform(ns):       { 0.000 20.000 }
Period(ns):         40.000
Sources:            { pclk }

Check Type        Corner  Lib Pin             Reference Pin  Required(ns)  Actual(ns)  Slack(ns)  Location  Pin
Min Period        n/a     RAMB36E1/CLKARDCLK  n/a            2.892         40.000      37.108               U_CAM_SET/U_CAM_FRAMEBUFFER/mem_reg_0_3/CLKARDCLK
Low Pulse Width   Fast    FDCE/C              n/a            0.500         20.000      19.500               U_LED_SET/U_ZONE_MONITOR/green_conf_reg[1][3]/C
High Pulse Width  Slow    FDCE/C              n/a            0.500         20.000      19.500               U_LED_SET/U_ZONE_MONITOR/green_conf_reg[1][3]/C



---------------------------------------------------------------------------------------------------
From Clock:  sys_clk_pin
  To Clock:  sys_clk_pin

Setup :            0  Failing Endpoints,  Worst Slack        2.958ns,  Total Violation        0.000ns
Hold  :            0  Failing Endpoints,  Worst Slack        0.134ns,  Total Violation        0.000ns
PW    :            0  Failing Endpoints,  Worst Slack        3.000ns,  Total Violation        0.000ns
---------------------------------------------------------------------------------------------------


Max Delay Paths
--------------------------------------------------------------------------------------
Slack (MET) :             2.958ns  (required time - arrival time)
  Source:                 gen_dht11_fire[3].U_DHT11/data_reg_reg[18]/C
                            (rising edge-triggered cell FDCE clocked by sys_clk_pin  {rise@0.000ns fall@5.000ns period=10.000ns})
  Destination:            last_humidity_reg[3][10]/CE
                            (rising edge-triggered cell FDCE clocked by sys_clk_pin  {rise@0.000ns fall@5.000ns period=10.000ns})
  Path Group:             sys_clk_pin
  Path Type:              Setup (Max at Slow Process Corner)
  Requirement:            10.000ns  (sys_clk_pin rise@10.000ns - sys_clk_pin rise@0.000ns)
  Data Path Delay:        6.660ns  (logic 2.009ns (30.165%)  route 4.651ns (69.835%))
  Logic Levels:           7  (CARRY4=1 LUT1=1 LUT3=1 LUT4=1 LUT5=1 LUT6=2)
  Clock Path Skew:        -0.145ns (DCD - SCD + CPR)
    Destination Clock Delay (DCD):    2.678ns = ( 12.678 - 10.000 ) 
    Source Clock Delay      (SCD):    2.938ns
    Clock Pessimism Removal (CPR):    0.115ns
  Clock Uncertainty:      0.035ns  ((TSJ^2 + TIJ^2)^1/2 + DJ) / 2 + PE
    Total System Jitter     (TSJ):    0.071ns
    Total Input Jitter      (TIJ):    0.000ns
    Discrete Jitter          (DJ):    0.000ns
    Phase Error              (PE):    0.000ns

    Location             Delay type                Incr(ns)  Path(ns)    Netlist Resource(s)
  -------------------------------------------------------------------    -------------------
                         (clock sys_clk_pin rise edge)
                                                      0.000     0.000 r  
    W5                                                0.000     0.000 r  clk (IN)
                         net (fo=0)                   0.000     0.000    clk
    W5                   IBUF (Prop_ibuf_I_O)         1.458     1.458 r  clk_IBUF_inst/O
                         net (fo=1, unplaced)         0.800     2.258    clk_IBUF
                         BUFG (Prop_bufg_I_O)         0.096     2.354 r  clk_IBUF_BUFG_inst/O
                         net (fo=11067, unplaced)     0.584     2.938    gen_dht11_fire[3].U_DHT11/clk_IBUF_BUFG
                         FDCE                                         r  gen_dht11_fire[3].U_DHT11/data_reg_reg[18]/C
  -------------------------------------------------------------------    -------------------
                         FDCE (Prop_fdce_C_Q)         0.456     3.394 r  gen_dht11_fire[3].U_DHT11/data_reg_reg[18]/Q
                         net (fo=6, unplaced)         0.773     4.167    gen_dht11_fire[3].U_DHT11/Q[2]
                         LUT3 (Prop_lut3_I0_O)        0.295     4.462 r  gen_dht11_fire[3].U_DHT11/dht11_valid0__2_carry_i_8__2/O
                         net (fo=3, unplaced)         0.467     4.929    gen_dht11_fire[3].U_DHT11/dht11_valid0__2_carry_i_8__2_n_0
                         LUT5 (Prop_lut5_I3_O)        0.124     5.053 r  gen_dht11_fire[3].U_DHT11/dht11_valid0__2_carry_i_2__2/O
                         net (fo=1, unplaced)         0.474     5.527    gen_dht11_fire[3].U_DHT11/dht11_valid0__2_carry_i_2__2_n_0
                         CARRY4 (Prop_carry4_DI[2]_O[3])
                                                      0.455     5.982 r  gen_dht11_fire[3].U_DHT11/dht11_valid0__2_carry/O[3]
                         net (fo=2, unplaced)         0.629     6.611    gen_dht11_fire[3].U_DHT11/dht11_valid0__2_carry_n_4
                         LUT4 (Prop_lut4_I2_O)        0.307     6.918 f  gen_dht11_fire[3].U_DHT11/last_temperature[3][15]_i_6/O
                         net (fo=1, unplaced)         0.419     7.337    gen_dht11_fire[3].U_DHT11/last_temperature[3][15]_i_6_n_0
                         LUT6 (Prop_lut6_I1_O)        0.124     7.461 f  gen_dht11_fire[3].U_DHT11/last_temperature[3][15]_i_3/O
                         net (fo=1, unplaced)         0.902     8.363    gen_dht11_fire[3].U_DHT11/U_TICK_10u/last_humidity_reg[3][8]
                         LUT6 (Prop_lut6_I0_O)        0.124     8.487 f  gen_dht11_fire[3].U_DHT11/U_TICK_10u/last_temperature[3][15]_i_2/O
                         net (fo=2, unplaced)         0.460     8.947    gen_dht11_fire[3].U_DHT11/U_TICK_10u/last_temperature[3][15]_i_2_n_0
                         LUT1 (Prop_lut1_I0_O)        0.124     9.071 r  gen_dht11_fire[3].U_DHT11/U_TICK_10u/last_temperature[3][15]_i_1/O
                         net (fo=16, unplaced)        0.527     9.598    fire_servo_en_reg1
                         FDCE                                         r  last_humidity_reg[3][10]/CE
  -------------------------------------------------------------------    -------------------

                         (clock sys_clk_pin rise edge)
                                                     10.000    10.000 r  
    W5                                                0.000    10.000 r  clk (IN)
                         net (fo=0)                   0.000    10.000    clk
    W5                   IBUF (Prop_ibuf_I_O)         1.388    11.388 r  clk_IBUF_inst/O
                         net (fo=1, unplaced)         0.760    12.148    clk_IBUF
                         BUFG (Prop_bufg_I_O)         0.091    12.239 r  clk_IBUF_BUFG_inst/O
                         net (fo=11067, unplaced)     0.439    12.678    clk_IBUF_BUFG
                         FDCE                                         r  last_humidity_reg[3][10]/C
                         clock pessimism              0.115    12.793    
                         clock uncertainty           -0.035    12.758    
                         FDCE (Setup_fdce_C_CE)      -0.202    12.556    last_humidity_reg[3][10]
  -------------------------------------------------------------------
                         required time                         12.556    
                         arrival time                          -9.598    
  -------------------------------------------------------------------
                         slack                                  2.958    





Min Delay Paths
--------------------------------------------------------------------------------------
Slack (MET) :             0.134ns  (arrival time - required time)
  Source:                 U_CAM_SET/U_OV7670_ATTRIBUTE_SETTING/U_OV7670_Controller/reg_addr_reg[0]/C
                            (rising edge-triggered cell FDCE clocked by sys_clk_pin  {rise@0.000ns fall@5.000ns period=10.000ns})
  Destination:            U_CAM_SET/U_OV7670_ATTRIBUTE_SETTING/U_SCCB_MASTER/in_addr_reg_reg[0]/D
                            (rising edge-triggered cell FDRE clocked by sys_clk_pin  {rise@0.000ns fall@5.000ns period=10.000ns})
  Path Group:             sys_clk_pin
  Path Type:              Hold (Min at Fast Process Corner)
  Requirement:            0.000ns  (sys_clk_pin rise@0.000ns - sys_clk_pin rise@0.000ns)
  Data Path Delay:        0.370ns  (logic 0.239ns (64.578%)  route 0.131ns (35.422%))
  Logic Levels:           1  (LUT2=1)
  Clock Path Skew:        0.145ns (DCD - SCD - CPR)
    Destination Clock Delay (DCD):    1.057ns
    Source Clock Delay      (SCD):    0.704ns
    Clock Pessimism Removal (CPR):    0.208ns

    Location             Delay type                Incr(ns)  Path(ns)    Netlist Resource(s)
  -------------------------------------------------------------------    -------------------
                         (clock sys_clk_pin rise edge)
                                                      0.000     0.000 r  
    W5                                                0.000     0.000 r  clk (IN)
                         net (fo=0)                   0.000     0.000    clk
    W5                   IBUF (Prop_ibuf_I_O)         0.226     0.226 r  clk_IBUF_inst/O
                         net (fo=1, unplaced)         0.337     0.564    clk_IBUF
                         BUFG (Prop_bufg_I_O)         0.026     0.590 r  clk_IBUF_BUFG_inst/O
                         net (fo=11067, unplaced)     0.114     0.704    U_CAM_SET/U_OV7670_ATTRIBUTE_SETTING/U_OV7670_Controller/clk_IBUF_BUFG
                         FDCE                                         r  U_CAM_SET/U_OV7670_ATTRIBUTE_SETTING/U_OV7670_Controller/reg_addr_reg[0]/C
  -------------------------------------------------------------------    -------------------
                         FDCE (Prop_fdce_C_Q)         0.141     0.845 r  U_CAM_SET/U_OV7670_ATTRIBUTE_SETTING/U_OV7670_Controller/reg_addr_reg[0]/Q
                         net (fo=1, unplaced)         0.131     0.976    U_CAM_SET/U_OV7670_ATTRIBUTE_SETTING/U_OV7670_Controller/reg_addr[0]
                         LUT2 (Prop_lut2_I1_O)        0.098     1.074 r  U_CAM_SET/U_OV7670_ATTRIBUTE_SETTING/U_OV7670_Controller/in_addr_reg[0]_i_1/O
                         net (fo=1, unplaced)         0.000     1.074    U_CAM_SET/U_OV7670_ATTRIBUTE_SETTING/U_SCCB_MASTER/D[0]
                         FDRE                                         r  U_CAM_SET/U_OV7670_ATTRIBUTE_SETTING/U_SCCB_MASTER/in_addr_reg_reg[0]/D
  -------------------------------------------------------------------    -------------------

                         (clock sys_clk_pin rise edge)
                                                      0.000     0.000 r  
    W5                                                0.000     0.000 r  clk (IN)
                         net (fo=0)                   0.000     0.000    clk
    W5                   IBUF (Prop_ibuf_I_O)         0.414     0.414 r  clk_IBUF_inst/O
                         net (fo=1, unplaced)         0.355     0.769    clk_IBUF
                         BUFG (Prop_bufg_I_O)         0.029     0.798 r  clk_IBUF_BUFG_inst/O
                         net (fo=11067, unplaced)     0.259     1.057    U_CAM_SET/U_OV7670_ATTRIBUTE_SETTING/U_SCCB_MASTER/clk_IBUF_BUFG
                         FDRE                                         r  U_CAM_SET/U_OV7670_ATTRIBUTE_SETTING/U_SCCB_MASTER/in_addr_reg_reg[0]/C
                         clock pessimism             -0.208     0.849    
                         FDRE (Hold_fdre_C_D)         0.091     0.940    U_CAM_SET/U_OV7670_ATTRIBUTE_SETTING/U_SCCB_MASTER/in_addr_reg_reg[0]
  -------------------------------------------------------------------
                         required time                         -0.940    
                         arrival time                           1.074    
  -------------------------------------------------------------------
                         slack                                  0.134    





Pulse Width Checks
--------------------------------------------------------------------------------------
Clock Name:         sys_clk_pin
Waveform(ns):       { 0.000 5.000 }
Period(ns):         10.000
Sources:            { clk }

Check Type        Corner  Lib Pin            Reference Pin  Required(ns)  Actual(ns)  Slack(ns)  Location  Pin
Min Period        n/a     BUFG/I             n/a            2.155         10.000      7.845                clk_IBUF_BUFG_inst/I
Max Period        n/a     MMCME2_ADV/CLKIN1  n/a            100.000       10.000      90.000               U_CAM_SET/U_CLK_WIZ/inst/mmcm_adv_inst/CLKIN1
Low Pulse Width   Fast    MMCME2_ADV/CLKIN1  n/a            2.000         5.000       3.000                U_CAM_SET/U_CLK_WIZ/inst/mmcm_adv_inst/CLKIN1
High Pulse Width  Slow    MMCME2_ADV/CLKIN1  n/a            2.000         5.000       3.000                U_CAM_SET/U_CLK_WIZ/inst/mmcm_adv_inst/CLKIN1



---------------------------------------------------------------------------------------------------
From Clock:  clk_100M_clk_wiz_0
  To Clock:  clk_100M_clk_wiz_0

Setup :           NA  Failing Endpoints,  Worst Slack           NA  ,  Total Violation           NA
Hold  :           NA  Failing Endpoints,  Worst Slack           NA  ,  Total Violation           NA
PW    :            0  Failing Endpoints,  Worst Slack        7.845ns,  Total Violation        0.000ns
---------------------------------------------------------------------------------------------------


Pulse Width Checks
--------------------------------------------------------------------------------------
Clock Name:         clk_100M_clk_wiz_0
Waveform(ns):       { 0.000 5.000 }
Period(ns):         10.000
Sources:            { U_CAM_SET/U_CLK_WIZ/inst/mmcm_adv_inst/CLKOUT0 }

Check Type  Corner  Lib Pin             Reference Pin  Required(ns)  Actual(ns)  Slack(ns)  Location  Pin
Min Period  n/a     BUFG/I              n/a            2.155         10.000      7.845                U_CAM_SET/U_CLK_WIZ/inst/clkout1_buf/I
Max Period  n/a     MMCME2_ADV/CLKOUT0  n/a            213.360       10.000      203.360              U_CAM_SET/U_CLK_WIZ/inst/mmcm_adv_inst/CLKOUT0



---------------------------------------------------------------------------------------------------
From Clock:  clk_25M_clk_wiz_0
  To Clock:  clk_25M_clk_wiz_0

Setup :           NA  Failing Endpoints,  Worst Slack           NA  ,  Total Violation           NA
Hold  :           NA  Failing Endpoints,  Worst Slack           NA  ,  Total Violation           NA
PW    :            0  Failing Endpoints,  Worst Slack       37.845ns,  Total Violation        0.000ns
---------------------------------------------------------------------------------------------------


Pulse Width Checks
--------------------------------------------------------------------------------------
Clock Name:         clk_25M_clk_wiz_0
Waveform(ns):       { 0.000 20.000 }
Period(ns):         40.000
Sources:            { U_CAM_SET/U_CLK_WIZ/inst/mmcm_adv_inst/CLKOUT1 }

Check Type  Corner  Lib Pin             Reference Pin  Required(ns)  Actual(ns)  Slack(ns)  Location  Pin
Min Period  n/a     BUFG/I              n/a            2.155         40.000      37.845               U_CAM_SET/U_CLK_WIZ/inst/clkout2_buf/I
Max Period  n/a     MMCME2_ADV/CLKOUT1  n/a            213.360       40.000      173.360              U_CAM_SET/U_CLK_WIZ/inst/mmcm_adv_inst/CLKOUT1



---------------------------------------------------------------------------------------------------
From Clock:  clkfbout_clk_wiz_0
  To Clock:  clkfbout_clk_wiz_0

Setup :           NA  Failing Endpoints,  Worst Slack           NA  ,  Total Violation           NA
Hold  :           NA  Failing Endpoints,  Worst Slack           NA  ,  Total Violation           NA
PW    :            0  Failing Endpoints,  Worst Slack        7.845ns,  Total Violation        0.000ns
---------------------------------------------------------------------------------------------------


Pulse Width Checks
--------------------------------------------------------------------------------------
Clock Name:         clkfbout_clk_wiz_0
Waveform(ns):       { 0.000 5.000 }
Period(ns):         10.000
Sources:            { U_CAM_SET/U_CLK_WIZ/inst/mmcm_adv_inst/CLKFBOUT }

Check Type  Corner  Lib Pin             Reference Pin  Required(ns)  Actual(ns)  Slack(ns)  Location  Pin
Min Period  n/a     BUFG/I              n/a            2.155         10.000      7.845                U_CAM_SET/U_CLK_WIZ/inst/clkf_buf/I
Max Period  n/a     MMCME2_ADV/CLKFBIN  n/a            100.000       10.000      90.000               U_CAM_SET/U_CLK_WIZ/inst/mmcm_adv_inst/CLKFBIN



---------------------------------------------------------------------------------------------------
From Clock:  vga_rclk
  To Clock:  vga_rclk

Setup :           NA  Failing Endpoints,  Worst Slack           NA  ,  Total Violation           NA
Hold  :           NA  Failing Endpoints,  Worst Slack           NA  ,  Total Violation           NA
PW    :            0  Failing Endpoints,  Worst Slack       19.500ns,  Total Violation        0.000ns
---------------------------------------------------------------------------------------------------


Pulse Width Checks
--------------------------------------------------------------------------------------
Clock Name:         vga_rclk
Waveform(ns):       { 0.000 20.000 }
Period(ns):         40.000
Sources:            { U_VGA_DECODER/u_pclk_gen/pclk_reg/Q }

Check Type        Corner  Lib Pin             Reference Pin  Required(ns)  Actual(ns)  Slack(ns)  Location  Pin
Min Period        n/a     RAMB36E1/CLKBWRCLK  n/a            2.892         40.000      37.108               U_CAM_SET/U_CAM_FRAMEBUFFER/mem_reg_0_3/CLKBWRCLK
Low Pulse Width   Fast    FDRE/C              n/a            0.500         20.000      19.500               U_CAM_SET/U_CAM_FRAMEBUFFER/mem_reg_mux_sel__14/C
High Pulse Width  Slow    FDRE/C              n/a            0.500         20.000      19.500               U_CAM_SET/U_CAM_FRAMEBUFFER/mem_reg_mux_sel__14/C



---------------------------------------------------------------------------------------------------
From Clock:  vga_rclk
  To Clock:  sys_clk_pin

Setup :            0  Failing Endpoints,  Worst Slack        7.504ns,  Total Violation        0.000ns
Hold  :            0  Failing Endpoints,  Worst Slack        0.551ns,  Total Violation        0.000ns
---------------------------------------------------------------------------------------------------


Max Delay Paths
--------------------------------------------------------------------------------------
Slack (MET) :             7.504ns  (required time - arrival time)
  Source:                 U_VGA_DECODER/u_pclk_gen/pclk_reg/Q
                            (clock source 'vga_rclk'  {rise@0.000ns fall@20.000ns period=40.000ns})
  Destination:            U_VGA_DECODER/u_pixel_counter/h_count_reg[0]/CE
                            (rising edge-triggered cell FDRE clocked by sys_clk_pin  {rise@0.000ns fall@5.000ns period=10.000ns})
  Path Group:             sys_clk_pin
  Path Type:              Setup (Max at Slow Process Corner)
  Requirement:            10.000ns  (sys_clk_pin rise@10.000ns - vga_rclk rise@0.000ns)
  Data Path Delay:        1.655ns  (logic 0.271ns (16.377%)  route 1.384ns (83.623%))
  Logic Levels:           1  (BUFG=1)
  Clock Path Skew:        -0.601ns (DCD - SCD + CPR)
    Destination Clock Delay (DCD):    2.678ns = ( 12.678 - 10.000 ) 
    Source Clock Delay      (SCD):    3.394ns
    Clock Pessimism Removal (CPR):    0.115ns
  Clock Uncertainty:      0.035ns  ((TSJ^2 + TIJ^2)^1/2 + DJ) / 2 + PE
    Total System Jitter     (TSJ):    0.071ns
    Total Input Jitter      (TIJ):    0.000ns
    Discrete Jitter          (DJ):    0.000ns
    Phase Error              (PE):    0.000ns

    Location             Delay type                Incr(ns)  Path(ns)    Netlist Resource(s)
  -------------------------------------------------------------------    -------------------
                         (clock vga_rclk rise edge)
                                                      0.000     0.000 r  
    W5                                                0.000     0.000 r  clk (IN)
                         net (fo=0)                   0.000     0.000    clk
    W5                   IBUF (Prop_ibuf_I_O)         1.458     1.458 r  clk_IBUF_inst/O
                         net (fo=1, unplaced)         0.800     2.258    clk_IBUF
                         BUFG (Prop_bufg_I_O)         0.096     2.354 r  clk_IBUF_BUFG_inst/O
                         net (fo=11067, unplaced)     0.584     2.938    U_VGA_DECODER/u_pclk_gen/clk_IBUF_BUFG
  -------------------------------------------------------------------    -------------------
                         FDRE (Prop_fdre_C_Q)         0.456     3.394 r  U_VGA_DECODER/u_pclk_gen/pclk_reg/Q
                         net (fo=2, unplaced)         0.800     4.194    rclk
                         BUFG (Prop_bufg_I_O)         0.271     4.465 r  rclk_BUFG_inst/O
                         net (fo=48, unplaced)        0.584     5.049    U_VGA_DECODER/u_pixel_counter/E[0]
                         FDRE                                         r  U_VGA_DECODER/u_pixel_counter/h_count_reg[0]/CE
  -------------------------------------------------------------------    -------------------

                         (clock sys_clk_pin rise edge)
                                                     10.000    10.000 r  
    W5                                                0.000    10.000 r  clk (IN)
                         net (fo=0)                   0.000    10.000    clk
    W5                   IBUF (Prop_ibuf_I_O)         1.388    11.388 r  clk_IBUF_inst/O
                         net (fo=1, unplaced)         0.760    12.148    clk_IBUF
                         BUFG (Prop_bufg_I_O)         0.091    12.239 r  clk_IBUF_BUFG_inst/O
                         net (fo=11067, unplaced)     0.439    12.678    U_VGA_DECODER/u_pixel_counter/clk_IBUF_BUFG
                         FDRE                                         r  U_VGA_DECODER/u_pixel_counter/h_count_reg[0]/C
                         clock pessimism              0.115    12.793    
                         clock uncertainty           -0.035    12.758    
                         FDRE (Setup_fdre_C_CE)      -0.205    12.553    U_VGA_DECODER/u_pixel_counter/h_count_reg[0]
  -------------------------------------------------------------------
                         required time                         12.553    
                         arrival time                          -5.049    
  -------------------------------------------------------------------
                         slack                                  7.504    





Min Delay Paths
--------------------------------------------------------------------------------------
Slack (MET) :             0.551ns  (arrival time - required time)
  Source:                 U_VGA_DECODER/u_pclk_gen/pclk_reg/Q
                            (clock source 'vga_rclk'  {rise@0.000ns fall@20.000ns period=40.000ns})
  Destination:            U_VGA_DECODER/u_pixel_counter/v_count_reg[0]/CE
                            (rising edge-triggered cell FDRE clocked by sys_clk_pin  {rise@0.000ns fall@5.000ns period=10.000ns})
  Path Group:             sys_clk_pin
  Path Type:              Hold (Min at Fast Process Corner)
  Requirement:            0.000ns  (sys_clk_pin rise@0.000ns - vga_rclk rise@0.000ns)
  Data Path Delay:        0.518ns  (logic 0.098ns (18.910%)  route 0.420ns (81.090%))
  Logic Levels:           1  (LUT2=1)
  Clock Path Skew:        0.004ns (DCD - SCD - CPR)
    Destination Clock Delay (DCD):    1.057ns
    Source Clock Delay      (SCD):    0.845ns
    Clock Pessimism Removal (CPR):    0.208ns

    Location             Delay type                Incr(ns)  Path(ns)    Netlist Resource(s)
  -------------------------------------------------------------------    -------------------
                         (clock vga_rclk rise edge)
                                                      0.000     0.000 r  
    W5                                                0.000     0.000 r  clk (IN)
                         net (fo=0)                   0.000     0.000    clk
    W5                   IBUF (Prop_ibuf_I_O)         0.226     0.226 r  clk_IBUF_inst/O
                         net (fo=1, unplaced)         0.337     0.564    clk_IBUF
                         BUFG (Prop_bufg_I_O)         0.026     0.590 r  clk_IBUF_BUFG_inst/O
                         net (fo=11067, unplaced)     0.114     0.704    U_VGA_DECODER/u_pclk_gen/clk_IBUF_BUFG
  -------------------------------------------------------------------    -------------------
                         FDRE (Prop_fdre_C_Q)         0.141     0.845 r  U_VGA_DECODER/u_pclk_gen/pclk_reg/Q
                         net (fo=2, unplaced)         0.203     1.047    U_VGA_DECODER/u_pclk_gen/rclk
                         LUT2 (Prop_lut2_I0_O)        0.098     1.145 r  U_VGA_DECODER/u_pclk_gen/v_count[9]_i_1/O
                         net (fo=10, unplaced)        0.218     1.363    U_VGA_DECODER/u_pixel_counter/v_count_reg[9]_1[0]
                         FDRE                                         r  U_VGA_DECODER/u_pixel_counter/v_count_reg[0]/CE
  -------------------------------------------------------------------    -------------------

                         (clock sys_clk_pin rise edge)
                                                      0.000     0.000 r  
    W5                                                0.000     0.000 r  clk (IN)
                         net (fo=0)                   0.000     0.000    clk
    W5                   IBUF (Prop_ibuf_I_O)         0.414     0.414 r  clk_IBUF_inst/O
                         net (fo=1, unplaced)         0.355     0.769    clk_IBUF
                         BUFG (Prop_bufg_I_O)         0.029     0.798 r  clk_IBUF_BUFG_inst/O
                         net (fo=11067, unplaced)     0.259     1.057    U_VGA_DECODER/u_pixel_counter/clk_IBUF_BUFG
                         FDRE                                         r  U_VGA_DECODER/u_pixel_counter/v_count_reg[0]/C
                         clock pessimism             -0.208     0.849    
                         FDRE (Hold_fdre_C_CE)       -0.037     0.812    U_VGA_DECODER/u_pixel_counter/v_count_reg[0]
  -------------------------------------------------------------------
                         required time                         -0.812    
                         arrival time                           1.363    
  -------------------------------------------------------------------
                         slack                                  0.551    





---------------------------------------------------------------------------------------------------
From Clock:  sys_clk_pin
  To Clock:  vga_rclk

Setup :            0  Failing Endpoints,  Worst Slack        4.987ns,  Total Violation        0.000ns
Hold  :          566  Failing Endpoints,  Worst Slack       -0.849ns,  Total Violation     -233.014ns
---------------------------------------------------------------------------------------------------


Max Delay Paths
--------------------------------------------------------------------------------------
Slack (MET) :             4.987ns  (required time - arrival time)
  Source:                 U_VGA_DECODER/u_pixel_counter/v_count_reg[2]/C
                            (rising edge-triggered cell FDRE clocked by sys_clk_pin  {rise@0.000ns fall@5.000ns period=10.000ns})
  Destination:            U_CAM_SET/U_CAM_FRAMEBUFFER/mem_reg_1_10__0/ENBWREN
                            (rising edge-triggered cell RAMB36E1 clocked by vga_rclk  {rise@0.000ns fall@20.000ns period=40.000ns})
  Path Group:             vga_rclk
  Path Type:              Setup (Max at Slow Process Corner)
  Requirement:            10.000ns  (vga_rclk rise@40.000ns - sys_clk_pin rise@30.000ns)
  Data Path Delay:        6.188ns  (logic 3.020ns (48.806%)  route 3.168ns (51.194%))
  Logic Levels:           6  (CARRY4=4 LUT2=2)
  Clock Path Skew:        1.653ns (DCD - SCD + CPR)
    Destination Clock Delay (DCD):    4.475ns = ( 44.475 - 40.000 ) 
    Source Clock Delay      (SCD):    2.938ns = ( 32.938 - 30.000 ) 
    Clock Pessimism Removal (CPR):    0.115ns
  Clock Uncertainty:      0.035ns  ((TSJ^2 + TIJ^2)^1/2 + DJ) / 2 + PE
    Total System Jitter     (TSJ):    0.071ns
    Total Input Jitter      (TIJ):    0.000ns
    Discrete Jitter          (DJ):    0.000ns
    Phase Error              (PE):    0.000ns

    Location             Delay type                Incr(ns)  Path(ns)    Netlist Resource(s)
  -------------------------------------------------------------------    -------------------
                         (clock sys_clk_pin rise edge)
                                                     30.000    30.000 r  
    W5                                                0.000    30.000 r  clk (IN)
                         net (fo=0)                   0.000    30.000    clk
    W5                   IBUF (Prop_ibuf_I_O)         1.458    31.458 r  clk_IBUF_inst/O
                         net (fo=1, unplaced)         0.800    32.258    clk_IBUF
                         BUFG (Prop_bufg_I_O)         0.096    32.354 r  clk_IBUF_BUFG_inst/O
                         net (fo=11067, unplaced)     0.584    32.938    U_VGA_DECODER/u_pixel_counter/clk_IBUF_BUFG
                         FDRE                                         r  U_VGA_DECODER/u_pixel_counter/v_count_reg[2]/C
  -------------------------------------------------------------------    -------------------
                         FDRE (Prop_fdre_C_Q)         0.456    33.394 r  U_VGA_DECODER/u_pixel_counter/v_count_reg[2]/Q
                         net (fo=15, unplaced)        0.719    34.113    U_VGA_DECODER/u_pixel_counter/y_pixel[2]
                         CARRY4 (Prop_carry4_S[0]_CO[3])
                                                      0.827    34.940 r  U_VGA_DECODER/u_pixel_counter/mem_reg_0_1_i_23/CO[3]
                         net (fo=1, unplaced)         0.009    34.949    U_VGA_DECODER/u_pixel_counter/mem_reg_0_1_i_23_n_0
                         CARRY4 (Prop_carry4_CI_O[2])
                                                      0.256    35.205 r  U_VGA_DECODER/u_pixel_counter/mem_reg_mux_sel__14_i_4/O[2]
                         net (fo=1, unplaced)         0.813    36.018    U_VGA_DECODER/u_pixel_counter/U_CAM_SET/addr1[13]
                         CARRY4 (Prop_carry4_S[3]_CO[3])
                                                      0.703    36.721 r  U_VGA_DECODER/u_pixel_counter/mem_reg_0_1_i_20/CO[3]
                         net (fo=1, unplaced)         0.000    36.721    U_VGA_DECODER/u_pixel_counter/mem_reg_0_1_i_20_n_0
                         CARRY4 (Prop_carry4_CI_O[1])
                                                      0.348    37.069 f  U_VGA_DECODER/u_pixel_counter/mem_reg_mux_sel__14_i_2/O[1]
                         net (fo=1, unplaced)         0.312    37.381    U_VGA_DECODER/u_pixel_counter/mem_reg_mux_sel__14_i_2_n_6
                         LUT2 (Prop_lut2_I0_O)        0.306    37.687 f  U_VGA_DECODER/u_pixel_counter/mem_reg_0_1_i_3/O
                         net (fo=26, unplaced)        0.515    38.202    U_VGA_DECODER/u_pixel_counter/cam_fb_rAddr[15]
                         LUT2 (Prop_lut2_I1_O)        0.124    38.326 r  U_VGA_DECODER/u_pixel_counter/mem_reg_1_1__0_i_2/O
                         net (fo=12, unplaced)        0.800    39.126    U_CAM_SET/U_CAM_FRAMEBUFFER/mem_reg_1_15__0_1
                         RAMB36E1                                     r  U_CAM_SET/U_CAM_FRAMEBUFFER/mem_reg_1_10__0/ENBWREN
  -------------------------------------------------------------------    -------------------

                         (clock vga_rclk rise edge)
                                                     40.000    40.000 r  
    W5                                                0.000    40.000 r  clk (IN)
                         net (fo=0)                   0.000    40.000    clk
    W5                   IBUF (Prop_ibuf_I_O)         1.388    41.388 r  clk_IBUF_inst/O
                         net (fo=1, unplaced)         0.760    42.148    clk_IBUF
                         BUFG (Prop_bufg_I_O)         0.091    42.239 r  clk_IBUF_BUFG_inst/O
                         net (fo=11067, unplaced)     0.439    42.678    U_VGA_DECODER/u_pclk_gen/clk_IBUF_BUFG
                         FDRE (Prop_fdre_C_Q)         0.367    43.045 r  U_VGA_DECODER/u_pclk_gen/pclk_reg/Q
                         net (fo=2, unplaced)         0.760    43.804    rclk
                         BUFG (Prop_bufg_I_O)         0.232    44.036 r  rclk_BUFG_inst/O
                         net (fo=48, unplaced)        0.439    44.475    U_CAM_SET/U_CAM_FRAMEBUFFER/rclk_BUFG
                         RAMB36E1                                     r  U_CAM_SET/U_CAM_FRAMEBUFFER/mem_reg_1_10__0/CLKBWRCLK
                         clock pessimism              0.115    44.591    
                         clock uncertainty           -0.035    44.555    
                         RAMB36E1 (Setup_ramb36e1_CLKBWRCLK_ENBWREN)
                                                     -0.443    44.112    U_CAM_SET/U_CAM_FRAMEBUFFER/mem_reg_1_10__0
  -------------------------------------------------------------------
                         required time                         44.112    
                         arrival time                         -39.126    
  -------------------------------------------------------------------
                         slack                                  4.987    





Min Delay Paths
--------------------------------------------------------------------------------------
Slack (VIOLATED) :        -0.849ns  (arrival time - required time)
  Source:                 U_VGA_DECODER/u_pixel_counter/h_count_reg[9]/C
                            (rising edge-triggered cell FDRE clocked by sys_clk_pin  {rise@0.000ns fall@5.000ns period=10.000ns})
  Destination:            U_CAM_SET/U_CAM_FRAMEBUFFER/mem_reg_mux_sel__14/D
                            (rising edge-triggered cell FDRE clocked by vga_rclk  {rise@0.000ns fall@20.000ns period=40.000ns})
  Path Group:             vga_rclk
  Path Type:              Hold (Min at Slow Process Corner)
  Requirement:            0.000ns  (vga_rclk rise@0.000ns - sys_clk_pin rise@0.000ns)
  Data Path Delay:        1.676ns  (logic 0.705ns (42.067%)  route 0.971ns (57.933%))
  Logic Levels:           2  (LUT2=1 LUT5=1)
  Clock Path Skew:        2.256ns (DCD - SCD - CPR)
    Destination Clock Delay (DCD):    5.049ns
    Source Clock Delay      (SCD):    2.678ns
    Clock Pessimism Removal (CPR):    0.115ns

    Location             Delay type                Incr(ns)  Path(ns)    Netlist Resource(s)
  -------------------------------------------------------------------    -------------------
                         (clock sys_clk_pin rise edge)
                                                      0.000     0.000 r  
    W5                                                0.000     0.000 r  clk (IN)
                         net (fo=0)                   0.000     0.000    clk
    W5                   IBUF (Prop_ibuf_I_O)         1.388     1.388 r  clk_IBUF_inst/O
                         net (fo=1, unplaced)         0.760     2.148    clk_IBUF
                         BUFG (Prop_bufg_I_O)         0.091     2.239 r  clk_IBUF_BUFG_inst/O
                         net (fo=11067, unplaced)     0.439     2.678    U_VGA_DECODER/u_pixel_counter/clk_IBUF_BUFG
                         FDRE                                         r  U_VGA_DECODER/u_pixel_counter/h_count_reg[9]/C
  -------------------------------------------------------------------    -------------------
                         FDRE (Prop_fdre_C_Q)         0.367     3.045 f  U_VGA_DECODER/u_pixel_counter/h_count_reg[9]/Q
                         net (fo=24, unplaced)        0.507     3.552    U_VGA_DECODER/u_pixel_counter/x_pixel[9]
                         LUT5 (Prop_lut5_I3_O)        0.238     3.790 r  U_VGA_DECODER/u_pixel_counter/port_red_OBUF[3]_inst_i_3/O
                         net (fo=29, unplaced)        0.464     4.254    U_VGA_DECODER/u_pixel_counter/v_count_reg[9]_0
                         LUT2 (Prop_lut2_I1_O)        0.100     4.354 r  U_VGA_DECODER/u_pixel_counter/mem_mux_sel__14_i_1/O
                         net (fo=3, unplaced)         0.000     4.354    U_CAM_SET/U_CAM_FRAMEBUFFER/cam_fb_rAddr[16]
                         FDRE                                         r  U_CAM_SET/U_CAM_FRAMEBUFFER/mem_reg_mux_sel__14/D
  -------------------------------------------------------------------    -------------------

                         (clock vga_rclk rise edge)
                                                      0.000     0.000 r  
    W5                                                0.000     0.000 r  clk (IN)
                         net (fo=0)                   0.000     0.000    clk
    W5                   IBUF (Prop_ibuf_I_O)         1.458     1.458 r  clk_IBUF_inst/O
                         net (fo=1, unplaced)         0.800     2.258    clk_IBUF
                         BUFG (Prop_bufg_I_O)         0.096     2.354 r  clk_IBUF_BUFG_inst/O
                         net (fo=11067, unplaced)     0.584     2.938    U_VGA_DECODER/u_pclk_gen/clk_IBUF_BUFG
                         FDRE (Prop_fdre_C_Q)         0.456     3.394 r  U_VGA_DECODER/u_pclk_gen/pclk_reg/Q
                         net (fo=2, unplaced)         0.800     4.194    rclk
                         BUFG (Prop_bufg_I_O)         0.271     4.465 r  rclk_BUFG_inst/O
                         net (fo=48, unplaced)        0.584     5.049    U_CAM_SET/U_CAM_FRAMEBUFFER/rclk_BUFG
                         FDRE                                         r  U_CAM_SET/U_CAM_FRAMEBUFFER/mem_reg_mux_sel__14/C
                         clock pessimism             -0.115     4.933    
                         FDRE (Hold_fdre_C_D)         0.269     5.202    U_CAM_SET/U_CAM_FRAMEBUFFER/mem_reg_mux_sel__14
  -------------------------------------------------------------------
                         required time                         -5.202    
                         arrival time                           4.354    
  -------------------------------------------------------------------
                         slack                                 -0.849    





